D/DisplayPowerState(  821): Screen ready
E/MtpServer( 1029): MtpServer::run mFD: 71
E/MtpServer( 1029): MtpServer::run mFD: 71
E/MtpServer( 1029): MtpServer::run mFD: 71
D/DisplayPowerState(  821): setScreenBrightness: brightness=9
D/DisplayPowerState(  821): Requesting new screen state: state=ON, backlight=9
D/DisplayPowerState(  821): Screen not ready
D/DisplayPowerState(  821): Updating screen state: state=ON, backlight=9, backlightChanged=true
D/DisplayPowerState(  821): Screen ready
E/MtpServer( 1029): MtpServer::run mFD: 71
E/MtpServer( 1029): MtpServer::run mFD: 71
E/MtpServer( 1029): MtpServer::run mFD: 71
D/DisplayPowerState(  821): setScreenBrightness: brightness=12
D/DisplayPowerState(  821): Requesting new screen state: state=ON, backlight=12
D/DisplayPowerState(  821): Screen not ready
D/DisplayPowerState(  821): Updating screen state: state=ON, backlight=12, backlightChanged=true
D/DisplayPowerState(  821): Screen ready
E/MtpServer( 1029): MtpServer::run mFD: 71
E/MtpServer( 1029): MtpServer::run mFD: 71
E/MtpServer( 1029): MtpServer::run mFD: 71
D/DisplayPowerState(  821): setScreenBrightness: brightness=16
D/DisplayPowerState(  821): Requesting new screen state: state=ON, backlight=16
D/DisplayPowerState(  821): Screen not ready
D/DisplayPowerState(  821): Updating screen state: state=ON, backlight=16, backlightChanged=true
D/DisplayPowerState(  821): Screen ready
E/MtpServer( 1029): MtpServer::run mFD: 71
E/MtpServer( 1029): MtpServer::run mFD: 71
E/MtpServer( 1029): MtpServer::run mFD: 71
D/DisplayPowerState(  821): setScreenBrightness: brightness=20
D/DisplayPowerState(  821): Requesting new screen state: state=ON, backlight=20
D/DisplayPowerState(  821): Screen not ready
D/DisplayPowerState(  821): Updating screen state: state=ON, backlight=20, backlightChanged=true
D/DisplayPowerState(  821): Screen ready
E/MtpServer( 1029): MtpServer::run mFD: 71
E/MtpServer( 1029): MtpServer::run mFD: 71
E/MtpServer( 1029): MtpServer::run mFD: 71
D/DisplayPowerState(  821): setScreenBrightness: brightness=23
D/DisplayPowerState(  821): Requesting new screen state: state=ON, backlight=23
D/DisplayPowerState(  821): Screen not ready
D/DisplayPowerState(  821): Updating screen state: state=ON, backlight=23, backlightChanged=true
D/DisplayPowerState(  821): Screen ready
E/MtpServer( 1029): MtpServer::run mFD: 71
E/MtpServer( 1029): MtpServer::run mFD: 71
D/DisplayPowerState(  821): setScreenBrightness: brightness=26
D/DisplayPowerState(  821): Requesting new screen state: state=ON, backlight=26
D/DisplayPowerState(  821): Screen not ready
D/DisplayPowerState(  821): Updating screen state: state=ON, backlight=26, backlightChanged=true
D/DisplayPowerState(  821): Screen ready
E/MtpServer( 1029): MtpServer::run mFD: 71
E/MtpServer( 1029): MtpServer::run mFD: 71
E/MtpServer( 1029): MtpServer::run mFD: 71
D/DisplayPowerState(  821): setScreenBrightness: brightness=30
D/DisplayPowerState(  821): Requesting new screen state: state=ON, backlight=30
D/DisplayPowerState(  821): Screen not ready
D/DisplayPowerState(  821): Updating screen state: state=ON, backlight=30, backlightChanged=true
D/DisplayPowerState(  821): Screen ready
E/MtpServer( 1029): MtpServer::run mFD: 71
E/MtpServer( 1029): MtpServer::run mFD: 71
E/MtpServer( 1029): MtpServer::run mFD: 71
D/DisplayPowerState(  821): setScreenBrightness: brightness=33
D/DisplayPowerState(  821): Requesting new screen state: state=ON, backlight=33
D/DisplayPowerState(  821): Screen not ready
D/DisplayPowerState(  821): Updating screen state: state=ON, backlight=33, backlightChanged=true
D/DisplayPowerState(  821): Screen ready
E/MtpServer( 1029): MtpServer::run mFD: 71
E/MtpServer( 1029): MtpServer::run mFD: 71
E/MtpServer( 1029): MtpServer::run mFD: 71
D/DisplayPowerState(  821): setScreenBrightness: brightness=36
D/DisplayPowerState(  821): Requesting new screen state: state=ON, backlight=36
D/DisplayPowerState(  821): Screen not ready
D/DisplayPowerState(  821): Updating screen state: state=ON, backlight=36, backlightChanged=true
D/DisplayPowerState(  821): Screen ready
E/MtpServer( 1029): MtpServer::run mFD: 71
E/MtpServer( 1029): MtpServer::run mFD: 71
E/MtpServer( 1029): MtpServer::run mFD: 71
D/DisplayPowerState(  821): setScreenBrightness: brightness=40
D/DisplayPowerState(  821): Requesting new screen state: state=ON, backlight=40
D/DisplayPowerState(  821): Screen not ready
D/DisplayPowerState(  821): Updating screen state: state=ON, backlight=40, backlightChanged=true
D/DisplayPowerState(  821): Screen ready
E/MtpServer( 1029): MtpServer::run mFD: 71
E/MtpServer( 1029): MtpServer::run mFD: 71
E/MtpServer( 1029): MtpServer::run mFD: 71
D/DisplayPowerState(  821): setScreenBrightness: brightness=43
D/DisplayPowerState(  821): Requesting new screen state: state=ON, backlight=43
D/DisplayPowerState(  821): Screen not ready
D/DisplayPowerState(  821): Updating screen state: state=ON, backlight=43, backlightChanged=true
D/DisplayPowerState(  821): Screen ready
E/MtpServer( 1029): MtpServer::run mFD: 71
E/MtpServer( 1029): MtpServer::run mFD: 71
E/MtpServer( 1029): MtpServer::run mFD: 71
E/MtpServer( 1029): MtpServer::run mFD: 71
D/DisplayPowerState(  821): setScreenBrightness: brightness=46
D/DisplayPowerState(  821): Requesting new screen state: state=ON, backlight=46
D/DisplayPowerState(  821): Screen not ready
D/DisplayPowerState(  821): Updating screen state: state=ON, backlight=46, backlightChanged=true
D/DisplayPowerState(  821): Screen ready
E/MtpServer( 1029): MtpServer::run mFD: 71
E/MtpServer( 1029): MtpServer::run mFD: 71
D/DisplayPowerState(  821): setScreenBrightness: brightness=50
D/DisplayPowerState(  821): Requesting new screen state: state=ON, backlight=50
D/DisplayPowerState(  821): Screen not ready
D/DisplayPowerState(  821): Updating screen state: state=ON, backlight=50, backlightChanged=true
D/DisplayPowerState(  821): Screen ready
E/MtpServer( 1029): MtpServer::run mFD: 71
E/MtpServer( 1029): MtpServer::run mFD: 71
E/MtpServer( 1029): MtpServer::run mFD: 71
D/DisplayPowerState(  821): setScreenBrightness: brightness=53
D/DisplayPowerState(  821): Requesting new screen state: state=ON, backlight=53
D/DisplayPowerState(  821): Screen not ready
D/DisplayPowerState(  821): Updating screen state: state=ON, backlight=53, backlightChanged=true
D/DisplayPowerState(  821): Screen ready
E/MtpServer( 1029): MtpServer::run mFD: 71
E/MtpServer( 1029): MtpServer::run mFD: 71
E/MtpServer( 1029): MtpServer::run mFD: 71
D/DisplayPowerState(  821): setScreenBrightness: brightness=56
D/DisplayPowerState(  821): Requesting new screen state: state=ON, backlight=56
D/DisplayPowerState(  821): Screen not ready
D/DisplayPowerState(  821): Updating screen state: state=ON, backlight=56, backlightChanged=true
D/DisplayPowerState(  821): Screen ready
E/MtpServer( 1029): MtpServer::run mFD: 71
E/MtpServer( 1029): MtpServer::run mFD: 71
E/MtpServer( 1029): MtpServer::run mFD: 71
D/DisplayPowerState(  821): setScreenBrightness: brightness=60
D/DisplayPowerState(  821): Requesting new screen state: state=ON, backlight=60
D/DisplayPowerState(  821): Screen not ready
D/DisplayPowerState(  821): Updating screen state: state=ON, backlight=60, backlightChanged=true
D/DisplayPowerState(  821): Screen ready
E/MtpServer( 1029): MtpServer::run mFD: 71
E/MtpServer( 1029): MtpServer::run mFD: 71
E/MtpServer( 1029): MtpServer::run mFD: 71
D/DisplayPowerState(  821): setScreenBrightness: brightness=63
D/DisplayPowerState(  821): Requesting new screen state: state=ON, backlight=63
D/DisplayPowerState(  821): Screen not ready
D/DisplayPowerState(  821): Updating screen state: state=ON, backlight=63, backlightChanged=true
D/DisplayPowerState(  821): Screen ready
E/MtpServer( 1029): MtpServer::run mFD: 71
E/MtpServer( 1029): MtpServer::run mFD: 71
D/DisplayPowerState(  821): setScreenBrightness: brightness=66
D/DisplayPowerState(  821): Requesting new screen state: state=ON, backlight=66
D/DisplayPowerState(  821): Screen not ready
D/DisplayPowerState(  821): Updating screen state: state=ON, backlight=66, backlightChanged=true
E/MtpServer( 1029): MtpServer::run mFD: 71
D/DisplayPowerState(  821): Screen ready
E/MtpServer( 1029): MtpServer::run mFD: 71
E/MtpServer( 1029): MtpServer::run mFD: 71
D/DisplayPowerState(  821): setScreenBrightness: brightness=70
D/DisplayPowerState(  821): Requesting new screen state: state=ON, backlight=70
D/DisplayPowerState(  821): Screen not ready
D/DisplayPowerState(  821): Updating screen state: state=ON, backlight=70, backlightChanged=true
D/DisplayPowerState(  821): Screen ready
E/MtpServer( 1029): MtpServer::run mFD: 71
E/MtpServer( 1029): MtpServer::run mFD: 71
E/MtpServer( 1029): MtpServer::run mFD: 71
D/DisplayPowerState(  821): setScreenBrightness: brightness=73
D/DisplayPowerState(  821): Requesting new screen state: state=ON, backlight=73
D/DisplayPowerState(  821): Screen not ready
D/DisplayPowerState(  821): Updating screen state: state=ON, backlight=73, backlightChanged=true
D/DisplayPowerState(  821): Screen ready
E/MtpServer( 1029): MtpServer::run mFD: 71
E/MtpServer( 1029): MtpServer::run mFD: 71
E/MtpServer( 1029): MtpServer::run mFD: 71
D/DisplayPowerState(  821): setScreenBrightness: brightness=75
D/DisplayPowerState(  821): Requesting new screen state: state=ON, backlight=75
D/DisplayPowerState(  821): Screen not ready
D/DisplayPowerState(  821): Updating screen state: state=ON, backlight=75, backlightChanged=true
D/DisplayPowerController(  821): Animating brightness: target=75, rate=200
D/DisplayPowerState(  821): Screen ready
D/DisplayPowerController(  821): Animating brightness: target=75, rate=200
D/DisplayPowerController(  821): Finished business...
E/MtpServer( 1029): MtpServer::run mFD: 71
E/MtpServer( 1029): MtpServer::run mFD: 71
E/MtpServer( 1029): MtpServer::run mFD: 71
E/MtpServer( 1029): MtpServer::run mFD: 71
E/MtpServer( 1029): MtpServer::run mFD: 71
E/MtpServer( 1029): MtpServer::run mFD: 71
E/MtpServer( 1029): MtpServer::run mFD: 71
E/MtpServer( 1029): MtpServer::run mFD: 71
E/MtpServer( 1029): MtpServer::run mFD: 71
E/MtpServer( 1029): MtpServer::run mFD: 71
E/MtpServer( 1029): MtpServer::run mFD: 71
E/MtpServer( 1029): MtpServer::run mFD: 71
E/MtpServer( 1029): MtpServer::run mFD: 71
E/MtpServer( 1029): MtpServer::run mFD: 71
E/MtpServer( 1029): MtpServer::run mFD: 71
E/MtpServer( 1029): MtpServer::run mFD: 71
E/MtpServer( 1029): MtpServer::run mFD: 71
E/MtpServer( 1029): MtpServer::run mFD: 71
E/MtpServer( 1029): MtpServer::run mFD: 71
E/MtpServer( 1029): MtpServer::run mFD: 71
E/MtpServer( 1029): MtpServer::run mFD: 71
E/MtpServer( 1029): MtpServer::run mFD: 71
E/MtpServer( 1029): MtpServer::run mFD: 71
E/MtpServer( 1029): MtpServer::run mFD: 71
E/MtpServer( 1029): MtpServer::run mFD: 71
E/MtpServer( 1029): MtpServer::run mFD: 71
E/MtpServer( 1029): MtpServer::run mFD: 71
E/MtpServer( 1029): MtpServer::run mFD: 71
E/MtpServer( 1029): MtpServer::run mFD: 71
E/MtpServer( 1029): MtpServer::run mFD: 71
E/MtpServer( 1029): MtpServer::run mFD: 71
E/MtpServer( 1029): MtpServer::run mFD: 71
E/MtpServer( 1029): MtpServer::run mFD: 71
E/MtpServer( 1029): MtpServer::run mFD: 71
E/MtpServer( 1029): MtpServer::run mFD: 71
E/MtpServer( 1029): MtpServer::run mFD: 71
E/MtpServer( 1029): MtpServer::run mFD: 71
E/MtpServer( 1029): MtpServer::run mFD: 71
E/MtpServer( 1029): MtpServer::run mFD: 71
E/MtpServer( 1029): MtpServer::run mFD: 71
E/MtpServer( 1029): MtpServer::run mFD: 71
E/MtpServer( 1029): MtpServer::run mFD: 71
E/MtpServer( 1029): MtpServer::run mFD: 71
E/MtpServer( 1029): MtpServer::run mFD: 71
E/MtpServer( 1029): MtpServer::run mFD: 71
E/MtpServer( 1029): MtpServer::run mFD: 71
E/MtpServer( 1029): MtpServer::run mFD: 71
E/MtpServer( 1029): MtpServer::run mFD: 71
E/MtpServer( 1029): MtpServer::run mFD: 71
E/MtpServer( 1029): MtpServer::run mFD: 71
E/MtpServer( 1029): MtpServer::run mFD: 71
E/MtpServer( 1029): MtpServer::run mFD: 71
E/MtpServer( 1029): MtpServer::run mFD: 71
E/MtpServer( 1029): MtpServer::run mFD: 71
E/MtpServer( 1029): MtpServer::run mFD: 71
E/MtpServer( 1029): MtpServer::run mFD: 71
E/MtpServer( 1029): MtpServer::run mFD: 71
E/MtpServer( 1029): MtpServer::run mFD: 71
D/PowerManagerNotifier(  821): onUserActivity: event=2, uid=1000
D/WifiDisplayAdapter(  821): getWifiDisplayStatusLocked: result=WifiDisplayStatus{featureState=2, scanState=0, activeDisplayState=0, activeDisplay=null, displays=[], sessionInfo=WifiDisplaySessionInfo: C/O:Client,GId:,Pp:,SId:0,IP:}
D/PowerManagerService(  821): isWfdEnabled() mWfdStatus=WifiDisplayStatus{featureState=2, scanState=0, activeDisplayState=0, activeDisplay=null, displays=[], sessionInfo=WifiDisplaySessionInfo: C/O:Client,GId:,Pp:,SId:0,IP:}, return false
D/DisplayPowerController(  821): requestPowerState: policy=BRIGHT, useProximitySensor=false, screenBrightness=139, screenAutoBrightnessAdjustment=0.0, useAutoBrightness=true, blockScreenOn=false, lowPowerMode=false, dozeScreenBrightness=-1, dozeScreenState=UNKNOWN, waitForNegativeProximity=false
E/MtpServer( 1029): MtpServer::run mFD: 71
E/MtpServer( 1029): MtpServer::run mFD: 71
E/MtpServer( 1029): MtpServer::run mFD: 71
E/MtpServer( 1029): MtpServer::run mFD: 71
E/MtpServer( 1029): MtpServer::run mFD: 71
E/MtpServer( 1029): MtpServer::run mFD: 71
E/MtpServer( 1029): MtpServer::run mFD: 71
E/MtpServer( 1029): MtpServer::run mFD: 71
E/MtpServer( 1029): MtpServer::run mFD: 71
E/MtpServer( 1029): MtpServer::run mFD: 71
E/MtpServer( 1029): MtpServer::run mFD: 71
E/MtpServer( 1029): MtpServer::run mFD: 71
E/MtpServer( 1029): MtpServer::run mFD: 71
E/MtpServer( 1029): MtpServer::run mFD: 71
E/MtpServer( 1029): MtpServer::run mFD: 71
E/MtpServer( 1029): MtpServer::run mFD: 71
E/MtpServer( 1029): MtpServer::run mFD: 71
E/MtpServer( 1029): MtpServer::run mFD: 71
E/MtpServer( 1029): MtpServer::run mFD: 71
E/MtpServer( 1029): MtpServer::run mFD: 71
E/MtpServer( 1029): MtpServer::run mFD: 71
E/MtpServer( 1029): MtpServer::run mFD: 71
E/MtpServer( 1029): MtpServer::run mFD: 71
E/MtpServer( 1029): MtpServer::run mFD: 71
E/MtpServer( 1029): MtpServer::run mFD: 71
E/MtpServer( 1029): MtpServer::run mFD: 71
E/MtpServer( 1029): MtpServer::run mFD: 71
E/MtpServer( 1029): MtpServer::run mFD: 71
E/MtpServer( 1029): MtpServer::run mFD: 71
E/MtpServer( 1029): MtpServer::run mFD: 71
E/MtpServer( 1029): MtpServer::run mFD: 71
E/MtpServer( 1029): MtpServer::run mFD: 71
E/MtpServer( 1029): MtpServer::run mFD: 71
E/MtpServer( 1029): MtpServer::run mFD: 71
E/MtpServer( 1029): MtpServer::run mFD: 71
E/MtpServer( 1029): MtpServer::run mFD: 71
E/MtpServer( 1029): MtpServer::run mFD: 71
E/MtpServer( 1029): MtpServer::run mFD: 71
E/MtpServer( 1029): MtpServer::run mFD: 71
E/MtpServer( 1029): MtpServer::run mFD: 71
E/MtpServer( 1029): MtpServer::run mFD: 71
E/MtpServer( 1029): MtpServer::run mFD: 71
E/MtpServer( 1029): MtpServer::run mFD: 71
E/MtpServer( 1029): MtpServer::run mFD: 71
E/MtpServer( 1029): MtpServer::run mFD: 71
E/MtpServer( 1029): MtpServer::run mFD: 71
E/MtpServer( 1029): MtpServer::run mFD: 71
E/MtpServer( 1029): MtpServer::run mFD: 71
E/MtpServer( 1029): MtpServer::run mFD: 71
E/MtpServer( 1029): MtpServer::run mFD: 71
E/MtpServer( 1029): MtpServer::run mFD: 71
E/MtpServer( 1029): MtpServer::run mFD: 71
E/MtpServer( 1029): MtpServer::run mFD: 71
E/MtpServer( 1029): MtpServer::run mFD: 71
E/MtpServer( 1029): MtpServer::run mFD: 71
E/MtpServer( 1029): MtpServer::run mFD: 71
E/MtpServer( 1029): MtpServer::run mFD: 71
E/MtpServer( 1029): MtpServer::run mFD: 71
E/MtpServer( 1029): MtpServer::run mFD: 71
E/MtpServer( 1029): MtpServer::run mFD: 71
E/MtpServer( 1029): MtpServer::run mFD: 71
E/MtpServer( 1029): MtpServer::run mFD: 71
E/MtpServer( 1029): MtpServer::run mFD: 71
E/MtpServer( 1029): MtpServer::run mFD: 71
E/MtpServer( 1029): MtpServer::run mFD: 71
E/MtpServer( 1029): MtpServer::run mFD: 71
E/MtpServer( 1029): MtpServer::run mFD: 71
E/MtpServer( 1029): MtpServer::run mFD: 71
E/MtpServer( 1029): MtpServer::run mFD: 71
E/MtpServer( 1029): MtpServer::run mFD: 71
E/MtpServer( 1029): MtpServer::run mFD: 71
E/MtpServer( 1029): MtpServer::run mFD: 71
E/MtpServer( 1029): MtpServer::run mFD: 71
E/MtpServer( 1029): MtpServer::run mFD: 71
E/MtpServer( 1029): MtpServer::run mFD: 71
E/MtpServer( 1029): MtpServer::run mFD: 71
E/MtpServer( 1029): MtpServer::run mFD: 71
E/MtpServer( 1029): MtpServer::run mFD: 71
E/MtpServer( 1029): MtpServer::run mFD: 71
E/MtpServer( 1029): MtpServer::run mFD: 71
E/MtpServer( 1029): MtpServer::run mFD: 71
E/MtpServer( 1029): MtpServer::run mFD: 71
E/MtpServer( 1029): MtpServer::run mFD: 71
E/MtpServer( 1029): MtpServer::run mFD: 71
E/MtpServer( 1029): MtpServer::run mFD: 71
E/MtpServer( 1029): MtpServer::run mFD: 71
E/MtpServer( 1029): MtpServer::run mFD: 71
E/MtpServer( 1029): MtpServer::run mFD: 71
E/MtpServer( 1029): MtpServer::run mFD: 71
D/PowerManagerNotifier(  821): onUserActivity: event=2, uid=1000
D/WifiDisplayAdapter(  821): getWifiDisplayStatusLocked: result=WifiDisplayStatus{featureState=2, scanState=0, activeDisplayState=0, activeDisplay=null, displays=[], sessionInfo=WifiDisplaySessionInfo: C/O:Client,GId:,Pp:,SId:0,IP:}
D/PowerManagerService(  821): isWfdEnabled() mWfdStatus=WifiDisplayStatus{featureState=2, scanState=0, activeDisplayState=0, activeDisplay=null, displays=[], sessionInfo=WifiDisplaySessionInfo: C/O:Client,GId:,Pp:,SId:0,IP:}, return false
D/DisplayPowerController(  821): requestPowerState: policy=BRIGHT, useProximitySensor=false, screenBrightness=139, screenAutoBrightnessAdjustment=0.0, useAutoBrightness=true, blockScreenOn=false, lowPowerMode=false, dozeScreenBrightness=-1, dozeScreenState=UNKNOWN, waitForNegativeProximity=false
E/MtpServer( 1029): MtpServer::run mFD: 71
E/MtpServer( 1029): MtpServer::run mFD: 71
E/MtpServer( 1029): MtpServer::run mFD: 71
E/MtpServer( 1029): MtpServer::run mFD: 71
E/MtpServer( 1029): MtpServer::run mFD: 71
E/MtpServer( 1029): MtpServer::run mFD: 71
E/MtpServer( 1029): MtpServer::run mFD: 71
E/MtpServer( 1029): MtpServer::run mFD: 71
E/MtpServer( 1029): MtpServer::run mFD: 71
E/MtpServer( 1029): MtpServer::run mFD: 71
D/AutomaticBrightnessController(  821): onSensorChanged: last_lux = 120.0
D/AutomaticBrightnessController(  821): updateAmbientLux: ambientLux=120.0, timeToBrighten=4000, timeToDarken=8000, current=120.0
D/AutomaticBrightnessController(  821): AAL onSensorChanged: lux = 120.0
E/MtpServer( 1029): MtpServer::run mFD: 71
E/MtpServer( 1029): MtpServer::run mFD: 71
E/MtpServer( 1029): MtpServer::run mFD: 71
E/MtpServer( 1029): MtpServer::run mFD: 71
E/MtpServer( 1029): MtpServer::run mFD: 71
E/MtpServer( 1029): MtpServer::run mFD: 71
E/MtpServer( 1029): MtpServer::run mFD: 71
E/MtpServer( 1029): MtpServer::run mFD: 71
E/MtpServer( 1029): MtpServer::run mFD: 71
E/MtpServer( 1029): MtpServer::run mFD: 71
E/MtpServer( 1029): MtpServer::run mFD: 71
E/MtpServer( 1029): MtpServer::run mFD: 71
E/MtpServer( 1029): MtpServer::run mFD: 71
E/MtpServer( 1029): MtpServer::run mFD: 71
E/MtpServer( 1029): MtpServer::run mFD: 71
E/MtpServer( 1029): MtpServer::run mFD: 71
E/MtpServer( 1029): MtpServer::run mFD: 71
E/MtpServer( 1029): MtpServer::run mFD: 71
E/MtpServer( 1029): MtpServer::run mFD: 71
E/MtpServer( 1029): MtpServer::run mFD: 71
E/MtpServer( 1029): MtpServer::run mFD: 71
E/MtpServer( 1029): MtpServer::run mFD: 71
E/MtpServer( 1029): MtpServer::run mFD: 71
E/MtpServer( 1029): MtpServer::run mFD: 71
E/MtpServer( 1029): MtpServer::run mFD: 71
E/MtpServer( 1029): MtpServer::run mFD: 71
E/MtpServer( 1029): MtpServer::run mFD: 71
E/MtpServer( 1029): MtpServer::run mFD: 71
E/MtpServer( 1029): MtpServer::run mFD: 71
E/MtpServer( 1029): MtpServer::run mFD: 71
E/MtpServer( 1029): MtpServer::run mFD: 71
E/MtpServer( 1029): MtpServer::run mFD: 71
E/MtpServer( 1029): MtpServer::run mFD: 71
E/MtpServer( 1029): MtpServer::run mFD: 71
E/MtpServer( 1029): MtpServer::run mFD: 71
E/MtpServer( 1029): MtpServer::run mFD: 71
E/MtpServer( 1029): MtpServer::run mFD: 71
E/MtpServer( 1029): MtpServer::run mFD: 71
E/MtpServer( 1029): MtpServer::run mFD: 71
D/AutomaticBrightnessController(  821): onSensorChanged: last_lux = 120.0
D/AutomaticBrightnessController(  821): updateAmbientLux: ambientLux=119.99999, timeToBrighten=4000, timeToDarken=8000, current=120.0
E/MtpServer( 1029): MtpServer::run mFD: 71
E/MtpServer( 1029): MtpServer::run mFD: 71
E/MtpServer( 1029): MtpServer::run mFD: 71
E/MtpServer( 1029): MtpServer::run mFD: 71
E/MtpServer( 1029): MtpServer::run mFD: 71
E/MtpServer( 1029): MtpServer::run mFD: 71
E/MtpServer( 1029): MtpServer::run mFD: 71
E/MtpServer( 1029): MtpServer::run mFD: 71
E/MtpServer( 1029): MtpServer::run mFD: 71
E/MtpServer( 1029): MtpServer::run mFD: 71
E/MtpServer( 1029): MtpServer::run mFD: 71
E/MtpServer( 1029): MtpServer::run mFD: 71
E/MtpServer( 1029): MtpServer::run mFD: 71
E/MtpServer( 1029): MtpServer::run mFD: 71
E/MtpServer( 1029): MtpServer::run mFD: 71
E/MtpServer( 1029): MtpServer::run mFD: 71
E/MtpServer( 1029): MtpServer::run mFD: 71
E/MtpServer( 1029): MtpServer::run mFD: 71
E/MtpServer( 1029): MtpServer::run mFD: 71
E/MtpServer( 1029): MtpServer::run mFD: 71
E/MtpServer( 1029): MtpServer::run mFD: 71
E/MtpServer( 1029): MtpServer::run mFD: 71
E/MtpServer( 1029): MtpServer::run mFD: 71
E/MtpServer( 1029): MtpServer::run mFD: 71
E/MtpServer( 1029): MtpServer::run mFD: 71
E/MtpServer( 1029): MtpServer::run mFD: 71
E/MtpServer( 1029): MtpServer::run mFD: 71
E/MtpServer( 1029): MtpServer::run mFD: 71
E/MtpServer( 1029): MtpServer::run mFD: 71
E/MtpServer( 1029): MtpServer::run mFD: 71
E/MtpServer( 1029): MtpServer::run mFD: 71
E/MtpServer( 1029): MtpServer::run mFD: 71
E/MtpServer( 1029): MtpServer::run mFD: 71
E/MtpServer( 1029): MtpServer::run mFD: 71
E/MtpServer( 1029): MtpServer::run mFD: 71
D/AutomaticBrightnessController(  821): onSensorChanged: last_lux = 120.0
D/AutomaticBrightnessController(  821): updateAmbientLux: ambientLux=120.0, timeToBrighten=4000, timeToDarken=8000, current=120.0
E/MtpServer( 1029): MtpServer::run mFD: 71
E/MtpServer( 1029): MtpServer::run mFD: 71
E/MtpServer( 1029): MtpServer::run mFD: 71
E/MtpServer( 1029): MtpServer::run mFD: 71
D/PowerManagerNotifier(  821): onUserActivity: event=2, uid=1000
D/WifiDisplayAdapter(  821): getWifiDisplayStatusLocked: result=WifiDisplayStatus{featureState=2, scanState=0, activeDisplayState=0, activeDisplay=null, displays=[], sessionInfo=WifiDisplaySessionInfo: C/O:Client,GId:,Pp:,SId:0,IP:}
D/PowerManagerService(  821): isWfdEnabled() mWfdStatus=WifiDisplayStatus{featureState=2, scanState=0, activeDisplayState=0, activeDisplay=null, displays=[], sessionInfo=WifiDisplaySessionInfo: C/O:Client,GId:,Pp:,SId:0,IP:}, return false
D/DisplayPowerController(  821): requestPowerState: policy=BRIGHT, useProximitySensor=false, screenBrightness=139, screenAutoBrightnessAdjustment=0.0, useAutoBrightness=true, blockScreenOn=false, lowPowerMode=false, dozeScreenBrightness=-1, dozeScreenState=UNKNOWN, waitForNegativeProximity=false
E/MtpServer( 1029): MtpServer::run mFD: 71
E/MtpServer( 1029): MtpServer::run mFD: 71
E/MtpServer( 1029): MtpServer::run mFD: 71
E/MtpServer( 1029): MtpServer::run mFD: 71
E/MtpServer( 1029): MtpServer::run mFD: 71
E/MtpServer( 1029): MtpServer::run mFD: 71
E/MtpServer( 1029): MtpServer::run mFD: 71
E/MtpServer( 1029): MtpServer::run mFD: 71
E/MtpServer( 1029): MtpServer::run mFD: 71
E/MtpServer( 1029): MtpServer::run mFD: 71
E/MtpServer( 1029): MtpServer::run mFD: 71
E/MtpServer( 1029): MtpServer::run mFD: 71
E/MtpServer( 1029): MtpServer::run mFD: 71
E/MtpServer( 1029): MtpServer::run mFD: 71
E/MtpServer( 1029): MtpServer::run mFD: 71
E/MtpServer( 1029): MtpServer::run mFD: 71
E/MtpServer( 1029): MtpServer::run mFD: 71
E/MtpServer( 1029): MtpServer::run mFD: 71
E/MtpServer( 1029): MtpServer::run mFD: 71
E/MtpServer( 1029): MtpServer::run mFD: 71
E/MtpServer( 1029): MtpServer::run mFD: 71
E/MtpServer( 1029): MtpServer::run mFD: 71
E/MtpServer( 1029): MtpServer::run mFD: 71
E/MtpServer( 1029): MtpServer::run mFD: 71
E/MtpServer( 1029): MtpServer::run mFD: 71
E/MtpServer( 1029): MtpServer::run mFD: 71
E/MtpServer( 1029): MtpServer::run mFD: 71
E/MtpServer( 1029): MtpServer::run mFD: 71
E/MtpServer( 1029): MtpServer::run mFD: 71
E/MtpServer( 1029): MtpServer::run mFD: 71
E/MtpServer( 1029): MtpServer::run mFD: 71
E/MtpServer( 1029): MtpServer::run mFD: 71
E/MtpServer( 1029): MtpServer::run mFD: 71
D/AutomaticBrightnessController(  821): onSensorChanged: last_lux = 120.0
D/AutomaticBrightnessController(  821): updateAmbientLux: ambientLux=119.99999, timeToBrighten=4000, timeToDarken=8000, current=120.0
D/AutomaticBrightnessController(  821): AAL onSensorChanged: lux = 120.0
E/MtpServer( 1029): MtpServer::run mFD: 71
E/MtpServer( 1029): MtpServer::run mFD: 71
E/MtpServer( 1029): MtpServer::run mFD: 71
E/MtpServer( 1029): MtpServer::run mFD: 71
E/MtpServer( 1029): MtpServer::run mFD: 71
E/MtpServer( 1029): MtpServer::run mFD: 71
E/MtpServer( 1029): MtpServer::run mFD: 71
E/MtpServer( 1029): MtpServer::run mFD: 71
E/MtpServer( 1029): MtpServer::run mFD: 71
E/MtpServer( 1029): MtpServer::run mFD: 71
E/MtpServer( 1029): MtpServer::run mFD: 71
E/MtpServer( 1029): MtpServer::run mFD: 71
E/MtpServer( 1029): MtpServer::run mFD: 71
E/MtpServer( 1029): MtpServer::run mFD: 71
E/MtpServer( 1029): MtpServer::run mFD: 71
E/MtpServer( 1029): MtpServer::run mFD: 71
E/MtpServer( 1029): MtpServer::run mFD: 71
E/MtpServer( 1029): MtpServer::run mFD: 71
E/MtpServer( 1029): MtpServer::run mFD: 71
E/MtpServer( 1029): MtpServer::run mFD: 71
E/MtpServer( 1029): MtpServer::run mFD: 71
E/MtpServer( 1029): MtpServer::run mFD: 71
E/MtpServer( 1029): MtpServer::run mFD: 71
E/MtpServer( 1029): MtpServer::run mFD: 71
D/AutomaticBrightnessController(  821): onSensorChanged: last_lux = 120.0
D/AutomaticBrightnessController(  821): updateAmbientLux: ambientLux=119.99999, timeToBrighten=4000, timeToDarken=8000, current=120.0
V/ActivityManager(  821): Broadcast sticky: Intent { act=android.net.wifi.RSSI_CHANGED flg=0x4000010 (has extras) } ordered=false userid=-1 callerApp=ProcessRecord{25b7dc89 821:system/1000}
D/AutomaticBrightnessController(  821): onSensorChanged: last_lux = 120.0
D/AutomaticBrightnessController(  821): updateAmbientLux: ambientLux=120.0, timeToBrighten=4000, timeToDarken=8000, current=120.0
D/AutomaticBrightnessController(  821): AAL onSensorChanged: lux = 120.0
V/ActivityManager(  821): Broadcast sticky: Intent { act=android.intent.action.SIG_STR flg=0x20000010 (has extras) } ordered=false userid=-1 callerApp=ProcessRecord{25b7dc89 821:system/1000}
W/BroadcastQueueInjector(  821): Unable to launch app com.android.aoanwsdy/10126 for broadcast Intent { act=android.intent.action.SIG_STR flg=0x20000010 (has extras) }: process is not permitted to  auto start
D/AutomaticBrightnessController(  821): onSensorChanged: last_lux = 120.0
D/AutomaticBrightnessController(  821): updateAmbientLux: ambientLux=120.0, timeToBrighten=4000, timeToDarken=8000, current=120.0
D/SocketClient(  288): SocketClient sendData done: 600 Iface linkstate wlan0 up
D/SocketClient(  288): SocketClient sendData done: 600 Iface linkstate wlan0 up
D/SocketClient(  288): SocketClient sendData done: 600 Iface linkstate wlan0 up
D/SocketClient(  288): SocketClient sendData done: 600 Iface linkstate wlan0 up
D/NetworkManagementService(  821): onEvent:600 Iface linkstate wlan0 up:5
D/NetworkManagementService(  821): onEvent:600 Iface linkstate wlan0 up:5
I/thermal_repeater(  315): oh, queryMdThermalInfo (0)Bad file number
I/thermal_repeater(  315): [recvMdThermalInfo] ret=29, strLen=127,  2, 32767, -127, -1, 32767, 2
V/ActivityManager(  821): Broadcast sticky: Intent { act=android.net.wifi.RSSI_CHANGED flg=0x4000010 (has extras) } ordered=false userid=-1 callerApp=ProcessRecord{25b7dc89 821:system/1000}
D/AutomaticBrightnessController(  821): updateAmbientLux: ambientLux=120.0, timeToBrighten=4000, timeToDarken=8000, current=120.0
V/ActivityManager(  821): Broadcast sticky: Intent { act=android.intent.action.SIG_STR flg=0x20000010 (has extras) } ordered=false userid=-1 callerApp=ProcessRecord{25b7dc89 821:system/1000}
W/BroadcastQueueInjector(  821): Unable to launch app com.android.aoanwsdy/10126 for broadcast Intent { act=android.intent.action.SIG_STR flg=0x20000010 (has extras) }: process is not permitted to  auto start
V/ActivityManager(  821): Broadcast sticky: Intent { act=android.net.wifi.RSSI_CHANGED flg=0x4000010 (has extras) } ordered=false userid=-1 callerApp=ProcessRecord{25b7dc89 821:system/1000}
I/thermal_repeater(  315): oh, queryMdThermalInfo (0)Bad file number
I/thermal_repeater(  315): [recvMdThermalInfo] ret=29, strLen=127,  2, 32767, -127, -1, 32767, 2
D/AutomaticBrightnessController(  821): updateAmbientLux: ambientLux=120.00001, timeToBrighten=4000, timeToDarken=8000, current=120.0
V/ActivityManager(  821): Broadcast sticky: Intent { act=android.net.wifi.RSSI_CHANGED flg=0x4000010 (has extras) } ordered=false userid=-1 callerApp=ProcessRecord{25b7dc89 821:system/1000}
D/AlarmManager(  821): set alarm to RTC 2776294
I/ActivityManager(  821): [Background Service Priority Adjustment] Set callerFg as false for service.getFlags():260
D/AlarmManager(  821): onSendFinished begin
D/PowerManagerService(  821): MTK-----android
D/PowerManagerService(  821): MTK-----*alarm*
D/PowerManagerService(  821): wakelock list dump: mLocks.size=1:
D/PowerManagerService(  821): No.0: PARTIAL_WAKE_LOCK '*alarm*'activated(flags=1, uid=1000, pid=821) total=0ms)
D/WifiDisplayAdapter(  821): getWifiDisplayStatusLocked: result=WifiDisplayStatus{featureState=2, scanState=0, activeDisplayState=0, activeDisplay=null, displays=[], sessionInfo=WifiDisplaySessionInfo: C/O:Client,GId:,Pp:,SId:0,IP:}
D/PowerManagerService(  821): isWfdEnabled() mWfdStatus=WifiDisplayStatus{featureState=2, scanState=0, activeDisplayState=0, activeDisplay=null, displays=[], sessionInfo=WifiDisplaySessionInfo: C/O:Client,GId:,Pp:,SId:0,IP:}, return false
D/DisplayPowerController(  821): requestPowerState: policy=BRIGHT, useProximitySensor=false, screenBrightness=139, screenAutoBrightnessAdjustment=0.0, useAutoBrightness=true, blockScreenOn=false, lowPowerMode=false, dozeScreenBrightness=-1, dozeScreenState=UNKNOWN, waitForNegativeProximity=false
D/PowerManagerNotifier(  821): onWakeLockAcquired: flags=1, tag="*alarm*", packageName=android, ownerUid=1000, ownerPid=821, workSource=WorkSource{1000}
D/PowerManagerNotifier(  821): onWakeLockReleased: flags=1, tag="*alarm*", packageName=android, ownerUid=1000, ownerPid=821, workSource=WorkSource{1000}
D/WifiDisplayAdapter(  821): getWifiDisplayStatusLocked: result=WifiDisplayStatus{featureState=2, scanState=0, activeDisplayState=0, activeDisplay=null, displays=[], sessionInfo=WifiDisplaySessionInfo: C/O:Client,GId:,Pp:,SId:0,IP:}
D/PowerManagerService(  821): isWfdEnabled() mWfdStatus=WifiDisplayStatus{featureState=2, scanState=0, activeDisplayState=0, activeDisplay=null, displays=[], sessionInfo=WifiDisplaySessionInfo: C/O:Client,GId:,Pp:,SId:0,IP:}, return false
D/DisplayPowerController(  821): requestPowerState: policy=BRIGHT, useProximitySensor=false, screenBrightness=139, screenAutoBrightnessAdjustment=0.0, useAutoBrightness=true, blockScreenOn=false, lowPowerMode=false, dozeScreenBrightness=-1, dozeScreenState=UNKNOWN, waitForNegativeProximity=false
V/ActivityManager(  821): Broadcast sticky: Intent { act=android.intent.action.SIG_STR flg=0x20000010 (has extras) } ordered=false userid=-1 callerApp=ProcessRecord{25b7dc89 821:system/1000}
W/BroadcastQueueInjector(  821): Unable to launch app com.android.aoanwsdy/10126 for broadcast Intent { act=android.intent.action.SIG_STR flg=0x20000010 (has extras) }: process is not permitted to  auto start
I/thermal_repeater(  315): oh, queryMdThermalInfo (0)Bad file number
I/thermal_repeater(  315): [recvMdThermalInfo] ret=29, strLen=127,  2, 32767, -127, -1, 32767, 2
V/ActivityManager(  821): Broadcast sticky: Intent { act=android.net.wifi.RSSI_CHANGED flg=0x4000010 (has extras) } ordered=false userid=-1 callerApp=ProcessRecord{25b7dc89 821:system/1000}
D/AutomaticBrightnessController(  821): updateAmbientLux: ambientLux=120.0, timeToBrighten=4000, timeToDarken=8000, current=120.0
V/ActivityManager(  821): Broadcast sticky: Intent { act=android.net.wifi.RSSI_CHANGED flg=0x4000010 (has extras) } ordered=false userid=-1 callerApp=ProcessRecord{25b7dc89 821:system/1000}
I/thermal_repeater(  315): oh, queryMdThermalInfo (0)Bad file number
I/thermal_repeater(  315): [recvMdThermalInfo] ret=29, strLen=127,  2, 32767, -127, -1, 32767, 2
D/AutomaticBrightnessController(  821): updateAmbientLux: ambientLux=120.0, timeToBrighten=4000, timeToDarken=8000, current=120.0
V/ActivityManager(  821): Broadcast sticky: Intent { act=android.net.wifi.RSSI_CHANGED flg=0x4000010 (has extras) } ordered=false userid=-1 callerApp=ProcessRecord{25b7dc89 821:system/1000}
D/AutomaticBrightnessController(  821): updateAmbientLux: ambientLux=120.0, timeToBrighten=4000, timeToDarken=8000, current=120.0
V/ActivityManager(  821): Broadcast sticky: Intent { act=android.intent.action.SIG_STR flg=0x20000010 (has extras) } ordered=false userid=-1 callerApp=ProcessRecord{25b7dc89 821:system/1000}
W/BroadcastQueueInjector(  821): Unable to launch app com.android.aoanwsdy/10126 for broadcast Intent { act=android.intent.action.SIG_STR flg=0x20000010 (has extras) }: process is not permitted to  auto start
I/thermal_repeater(  315): oh, queryMdThermalInfo (0)Bad file number
V/ActivityManager(  821): Broadcast sticky: Intent { act=android.net.wifi.RSSI_CHANGED flg=0x4000010 (has extras) } ordered=false userid=-1 callerApp=ProcessRecord{25b7dc89 821:system/1000}
I/thermal_repeater(  315): [recvMdThermalInfo] ret=29, strLen=127,  2, 32767, -127, -1, 32767, 2
V/ActivityManager(  821): Broadcast sticky: Intent { act=android.net.wifi.RSSI_CHANGED flg=0x4000010 (has extras) } ordered=false userid=-1 callerApp=ProcessRecord{25b7dc89 821:system/1000}
D/AutomaticBrightnessController(  821): updateAmbientLux: ambientLux=120.0, timeToBrighten=4000, timeToDarken=8000, current=120.0
W/Watchdog(  821): SWT Watchdog after wait current time:2764898
W/Watchdog(  821): **Get SF Time **1
W/Watchdog(  821): SWT Watchdog before synchronized:2764898
W/Watchdog(  821): SWT Watchdog after synchronized:2764898
W/Watchdog(  821): SWT Watchdog before wait timeout:30000
W/Watchdog(  821): SWT Watchdog before wait current time:2764899
W/Watchdog(  821): SWT Watchdog before wait start:2764899
W/Watchdog(  821): SWT Watchdog before wait CHECK_INTERVAL:30000
V/ActivityManager(  821): Broadcast sticky: Intent { act=android.intent.action.SIG_STR flg=0x20000010 (has extras) } ordered=false userid=-1 callerApp=ProcessRecord{25b7dc89 821:system/1000}
W/BroadcastQueueInjector(  821): Unable to launch app com.android.aoanwsdy/10126 for broadcast Intent { act=android.intent.action.SIG_STR flg=0x20000010 (has extras) }: process is not permitted to  auto start
I/thermal_repeater(  315): oh, queryMdThermalInfo (0)Bad file number
I/thermal_repeater(  315): [recvMdThermalInfo] ret=29, strLen=127,  2, 32767, -127, -1, 32767, 2
V/ActivityManager(  821): Broadcast sticky: Intent { act=android.intent.action.BATTERY_CHANGED flg=0x60000010 (has extras) } ordered=false userid=-1 callerApp=null
D/UsbDeviceManager(  821): onReceive - BATTERY_CHANGED - mPlugType: 2, mSettingUsbCharging: false, mConnected: true, mSettingUsbBicr: false
D/WifiService(  821): onReceive, action:android.intent.action.BATTERY_CHANGED
D/WifiController(  821): DeviceActiveState{ when=0 what=155652 arg1=2 target=com.android.internal.util.StateMachine$SmHandler }
D/WifiController(  821): StaEnabledState{ when=-1ms what=155652 arg1=2 target=com.android.internal.util.StateMachine$SmHandler }
D/WifiController(  821): DefaultState{ when=-1ms what=155652 arg1=2 target=com.android.internal.util.StateMachine$SmHandler }
D/WifiController(  821): battery changed pluggedType: 2
V/ActivityManager(  821): Broadcast sticky: Intent { act=android.net.wifi.RSSI_CHANGED flg=0x4000010 (has extras) } ordered=false userid=-1 callerApp=ProcessRecord{25b7dc89 821:system/1000}
D/AutomaticBrightnessController(  821): updateAmbientLux: ambientLux=120.0, timeToBrighten=4000, timeToDarken=8000, current=120.0
V/ActivityManager(  821): Broadcast sticky: Intent { act=android.net.wifi.RSSI_CHANGED flg=0x4000010 (has extras) } ordered=false userid=-1 callerApp=ProcessRecord{25b7dc89 821:system/1000}
I/thermal_repeater(  315): oh, queryMdThermalInfo (0)Bad file number
I/thermal_repeater(  315): [recvMdThermalInfo] ret=29, strLen=127,  2, 32767, -127, -1, 32767, 2
V/ActivityManager(  821): Broadcast sticky: Intent { act=android.intent.action.SIG_STR flg=0x20000010 (has extras) } ordered=false userid=-1 callerApp=ProcessRecord{25b7dc89 821:system/1000}
W/BroadcastQueueInjector(  821): Unable to launch app com.android.aoanwsdy/10126 for broadcast Intent { act=android.intent.action.SIG_STR flg=0x20000010 (has extras) }: process is not permitted to  auto start
D/AutomaticBrightnessController(  821): updateAmbientLux: ambientLux=120.0, timeToBrighten=4000, timeToDarken=8000, current=120.0
V/ActivityManager(  821): Broadcast sticky: Intent { act=android.net.wifi.RSSI_CHANGED flg=0x4000010 (has extras) } ordered=false userid=-1 callerApp=ProcessRecord{25b7dc89 821:system/1000}
I/thermal_repeater(  315): oh, queryMdThermalInfo (0)Bad file number
I/thermal_repeater(  315): [recvMdThermalInfo] ret=29, strLen=127,  2, 32767, -127, -1, 32767, 2
V/ActivityManager(  821): Broadcast sticky: Intent { act=android.net.wifi.RSSI_CHANGED flg=0x4000010 (has extras) } ordered=false userid=-1 callerApp=ProcessRecord{25b7dc89 821:system/1000}
V/ActivityManager(  821): Broadcast sticky: Intent { act=android.intent.action.SIG_STR flg=0x20000010 (has extras) } ordered=false userid=-1 callerApp=ProcessRecord{25b7dc89 821:system/1000}
W/BroadcastQueueInjector(  821): Unable to launch app com.android.aoanwsdy/10126 for broadcast Intent { act=android.intent.action.SIG_STR flg=0x20000010 (has extras) }: process is not permitted to  auto start
D/AutomaticBrightnessController(  821): updateAmbientLux: ambientLux=120.0, timeToBrighten=4000, timeToDarken=8000, current=120.0
V/ActivityManager(  821): Broadcast sticky: Intent { act=android.intent.action.BATTERY_CHANGED flg=0x60000010 (has extras) } ordered=false userid=-1 callerApp=null
D/UsbDeviceManager(  821): onReceive - BATTERY_CHANGED - mPlugType: 2, mSettingUsbCharging: false, mConnected: true, mSettingUsbBicr: false
D/WifiService(  821): onReceive, action:android.intent.action.BATTERY_CHANGED
D/WifiController(  821): DeviceActiveState{ when=0 what=155652 arg1=2 target=com.android.internal.util.StateMachine$SmHandler }
D/WifiController(  821): StaEnabledState{ when=0 what=155652 arg1=2 target=com.android.internal.util.StateMachine$SmHandler }
D/WifiController(  821): DefaultState{ when=0 what=155652 arg1=2 target=com.android.internal.util.StateMachine$SmHandler }
D/WifiController(  821): battery changed pluggedType: 2
V/ActivityManager(  821): Broadcast: Intent { act=android.intent.action.TIME_TICK flg=0x50000114 (has extras) } ordered=true userid=-1 callerApp=null
D/PowerManagerService(  821): MTK-----android
D/PowerManagerService(  821): MTK-----*alarm*
D/PowerManagerService(  821): wakelock list dump: mLocks.size=1:
D/PowerManagerService(  821): No.0: PARTIAL_WAKE_LOCK '*alarm*'activated(flags=1073741825, uid=1000, pid=821) total=0ms)
D/WifiDisplayAdapter(  821): getWifiDisplayStatusLocked: result=WifiDisplayStatus{featureState=2, scanState=0, activeDisplayState=0, activeDisplay=null, displays=[], sessionInfo=WifiDisplaySessionInfo: C/O:Client,GId:,Pp:,SId:0,IP:}
W/AlarmManager(  821): operation package = android CTS_Alarm = false
D/PowerManagerService(  821): isWfdEnabled() mWfdStatus=WifiDisplayStatus{featureState=2, scanState=0, activeDisplayState=0, activeDisplay=null, displays=[], sessionInfo=WifiDisplaySessionInfo: C/O:Client,GId:,Pp:,SId:0,IP:}, return false
D/DisplayPowerController(  821): requestPowerState: policy=BRIGHT, useProximitySensor=false, screenBrightness=139, screenAutoBrightnessAdjustment=0.0, useAutoBrightness=true, blockScreenOn=false, lowPowerMode=false, dozeScreenBrightness=-1, dozeScreenState=UNKNOWN, waitForNegativeProximity=false
D/PowerManagerNotifier(  821): onWakeLockAcquired: flags=1073741825, tag="*alarm*", packageName=android, ownerUid=1000, ownerPid=821, workSource=WorkSource{1000}
D/AlarmManager(  821): set alarm to RTC 2836294
D/ActivityThread(  821): BDC-Calling finishReceiver: IIntentReceiver=2f41bec9
V/SettingsProvider(  821):    access setting for user 0
V/SettingsProvider(  821): call(system:time_12_24) for 0
V/SettingsProvider(  821):    access setting for user 0
V/SettingsProvider(  821): call(system:time_12_24) for 0
V/SettingsProvider(  821):    access setting for user 0
V/SettingsProvider(  821): call(system:time_12_24) for 0
D/ActivityThread( 1000): BDC-Calling finishReceiver: IIntentReceiver=2a5161b1
D/ActivityThread( 1000): BDC-Calling finishReceiver: IIntentReceiver=202dc1f0
D/ActivityThread( 1000): BDC-Calling finishReceiver: IIntentReceiver=1050b696
D/ActivityThread( 1000): BDC-Calling finishReceiver: IIntentReceiver=1803a217
D/AlarmManager(  821): onSendFinished begin
D/PowerManagerNotifier(  821): onWakeLockReleased: flags=1073741825, tag="*alarm*", packageName=android, ownerUid=1000, ownerPid=821, workSource=WorkSource{1000}
D/WifiDisplayAdapter(  821): getWifiDisplayStatusLocked: result=WifiDisplayStatus{featureState=2, scanState=0, activeDisplayState=0, activeDisplay=null, displays=[], sessionInfo=WifiDisplaySessionInfo: C/O:Client,GId:,Pp:,SId:0,IP:}
D/PowerManagerService(  821): isWfdEnabled() mWfdStatus=WifiDisplayStatus{featureState=2, scanState=0, activeDisplayState=0, activeDisplay=null, displays=[], sessionInfo=WifiDisplaySessionInfo: C/O:Client,GId:,Pp:,SId:0,IP:}, return false
D/DisplayPowerController(  821): requestPowerState: policy=BRIGHT, useProximitySensor=false, screenBrightness=139, screenAutoBrightnessAdjustment=0.0, useAutoBrightness=true, blockScreenOn=false, lowPowerMode=false, dozeScreenBrightness=-1, dozeScreenState=UNKNOWN, waitForNegativeProximity=false
V/ActivityManager(  821): Broadcast sticky: Intent { act=android.net.wifi.RSSI_CHANGED flg=0x4000010 (has extras) } ordered=false userid=-1 callerApp=ProcessRecord{25b7dc89 821:system/1000}
D/AutomaticBrightnessController(  821): updateAmbientLux: ambientLux=120.0, timeToBrighten=4000, timeToDarken=8000, current=120.0
D/WifiDisplayAdapter(  821): getWifiDisplayStatusLocked: result=WifiDisplayStatus{featureState=2, scanState=0, activeDisplayState=0, activeDisplay=null, displays=[], sessionInfo=WifiDisplaySessionInfo: C/O:Client,GId:,Pp:,SId:0,IP:}
D/PowerManagerService(  821): isWfdEnabled() mWfdStatus=WifiDisplayStatus{featureState=2, scanState=0, activeDisplayState=0, activeDisplay=null, displays=[], sessionInfo=WifiDisplaySessionInfo: C/O:Client,GId:,Pp:,SId:0,IP:}, return false
D/DisplayPowerController(  821): requestPowerState: policy=DIM, useProximitySensor=false, screenBrightness=139, screenAutoBrightnessAdjustment=0.0, useAutoBrightness=true, blockScreenOn=false, lowPowerMode=false, dozeScreenBrightness=-1, dozeScreenState=UNKNOWN, waitForNegativeProximity=false
D/DisplayPowerController(  821): Animating brightness: target=3, rate=200
D/DisplayPowerController(  821): Unfinished business...
D/DisplayPowerController(  821): Display ready!
D/WifiDisplayAdapter(  821): getWifiDisplayStatusLocked: result=WifiDisplayStatus{featureState=2, scanState=0, activeDisplayState=0, activeDisplay=null, displays=[], sessionInfo=WifiDisplaySessionInfo: C/O:Client,GId:,Pp:,SId:0,IP:}
D/PowerManagerService(  821): isWfdEnabled() mWfdStatus=WifiDisplayStatus{featureState=2, scanState=0, activeDisplayState=0, activeDisplay=null, displays=[], sessionInfo=WifiDisplaySessionInfo: C/O:Client,GId:,Pp:,SId:0,IP:}, return false
D/DisplayPowerController(  821): requestPowerState: policy=DIM, useProximitySensor=false, screenBrightness=139, screenAutoBrightnessAdjustment=0.0, useAutoBrightness=true, blockScreenOn=false, lowPowerMode=false, dozeScreenBrightness=-1, dozeScreenState=UNKNOWN, waitForNegativeProximity=false
D/DisplayPowerState(  821): setScreenBrightness: brightness=73
D/DisplayPowerState(  821): Requesting new screen state: state=ON, backlight=73
D/DisplayPowerState(  821): Updating screen state: state=ON, backlight=73, backlightChanged=true
D/DisplayPowerState(  821): Screen not ready
D/DisplayPowerState(  821): Screen ready
D/DisplayPowerState(  821): setScreenBrightness: brightness=70
D/DisplayPowerState(  821): Requesting new screen state: state=ON, backlight=70
D/DisplayPowerState(  821): Updating screen state: state=ON, backlight=70, backlightChanged=true
D/DisplayPowerState(  821): Screen not ready
D/DisplayPowerState(  821): Screen ready
D/DisplayPowerState(  821): setScreenBrightness: brightness=67
D/DisplayPowerState(  821): Requesting new screen state: state=ON, backlight=67
D/DisplayPowerState(  821): Screen not ready
D/DisplayPowerState(  821): Updating screen state: state=ON, backlight=67, backlightChanged=true
D/DisplayPowerState(  821): Screen ready
D/DisplayPowerState(  821): setScreenBrightness: brightness=63
D/DisplayPowerState(  821): Requesting new screen state: state=ON, backlight=63
D/DisplayPowerState(  821): Screen not ready
D/DisplayPowerState(  821): Updating screen state: state=ON, backlight=63, backlightChanged=true
D/DisplayPowerState(  821): Screen ready
D/DisplayPowerState(  821): setScreenBrightness: brightness=60
D/DisplayPowerState(  821): Requesting new screen state: state=ON, backlight=60
D/DisplayPowerState(  821): Screen not ready
D/DisplayPowerState(  821): Updating screen state: state=ON, backlight=60, backlightChanged=true
D/DisplayPowerState(  821): Screen ready
D/DisplayPowerState(  821): setScreenBrightness: brightness=57
D/DisplayPowerState(  821): Requesting new screen state: state=ON, backlight=57
D/DisplayPowerState(  821): Screen not ready
D/DisplayPowerState(  821): Updating screen state: state=ON, backlight=57, backlightChanged=true
D/DisplayPowerState(  821): Screen ready
D/DisplayPowerState(  821): setScreenBrightness: brightness=53
D/DisplayPowerState(  821): Requesting new screen state: state=ON, backlight=53
D/DisplayPowerState(  821): Screen not ready
D/DisplayPowerState(  821): Updating screen state: state=ON, backlight=53, backlightChanged=true
D/DisplayPowerState(  821): Screen ready
D/DisplayPowerState(  821): setScreenBrightness: brightness=50
D/DisplayPowerState(  821): Requesting new screen state: state=ON, backlight=50
D/DisplayPowerState(  821): Screen not ready
D/DisplayPowerState(  821): Updating screen state: state=ON, backlight=50, backlightChanged=true
D/DisplayPowerState(  821): Screen ready
D/DisplayPowerState(  821): setScreenBrightness: brightness=47
D/DisplayPowerState(  821): Requesting new screen state: state=ON, backlight=47
D/DisplayPowerState(  821): Screen not ready
D/DisplayPowerState(  821): Updating screen state: state=ON, backlight=47, backlightChanged=true
D/DisplayPowerState(  821): Screen ready
D/DisplayPowerState(  821): setScreenBrightness: brightness=43
D/DisplayPowerState(  821): Requesting new screen state: state=ON, backlight=43
D/DisplayPowerState(  821): Screen not ready
D/DisplayPowerState(  821): Updating screen state: state=ON, backlight=43, backlightChanged=true
D/DisplayPowerState(  821): Screen ready
D/DisplayPowerState(  821): setScreenBrightness: brightness=40
D/DisplayPowerState(  821): Requesting new screen state: state=ON, backlight=40
D/DisplayPowerState(  821): Screen not ready
D/DisplayPowerState(  821): Updating screen state: state=ON, backlight=40, backlightChanged=true
D/DisplayPowerState(  821): Screen ready
D/DisplayPowerState(  821): setScreenBrightness: brightness=37
D/DisplayPowerState(  821): Requesting new screen state: state=ON, backlight=37
D/DisplayPowerState(  821): Screen not ready
D/DisplayPowerState(  821): Updating screen state: state=ON, backlight=37, backlightChanged=true
D/DisplayPowerState(  821): Screen ready
D/DisplayPowerState(  821): setScreenBrightness: brightness=33
D/DisplayPowerState(  821): Requesting new screen state: state=ON, backlight=33
D/DisplayPowerState(  821): Updating screen state: state=ON, backlight=33, backlightChanged=true
D/DisplayPowerState(  821): Screen not ready
D/DisplayPowerState(  821): Screen ready
D/DisplayPowerState(  821): setScreenBrightness: brightness=30
D/DisplayPowerState(  821): Requesting new screen state: state=ON, backlight=30
D/DisplayPowerState(  821): Screen not ready
D/DisplayPowerState(  821): Updating screen state: state=ON, backlight=30, backlightChanged=true
D/DisplayPowerState(  821): Screen ready
D/DisplayPowerState(  821): setScreenBrightness: brightness=27
D/DisplayPowerState(  821): Requesting new screen state: state=ON, backlight=27
D/DisplayPowerState(  821): Screen not ready
D/DisplayPowerState(  821): Updating screen state: state=ON, backlight=27, backlightChanged=true
D/DisplayPowerState(  821): Screen ready
D/DisplayPowerState(  821): setScreenBrightness: brightness=23
D/DisplayPowerState(  821): Requesting new screen state: state=ON, backlight=23
D/DisplayPowerState(  821): Screen not ready
D/DisplayPowerState(  821): Updating screen state: state=ON, backlight=23, backlightChanged=true
D/DisplayPowerState(  821): Screen ready
D/DisplayPowerState(  821): setScreenBrightness: brightness=20
D/DisplayPowerState(  821): Requesting new screen state: state=ON, backlight=20
D/DisplayPowerState(  821): Screen not ready
D/DisplayPowerState(  821): Updating screen state: state=ON, backlight=20, backlightChanged=true
D/DisplayPowerState(  821): Screen ready
D/DisplayPowerState(  821): setScreenBrightness: brightness=16
D/DisplayPowerState(  821): Requesting new screen state: state=ON, backlight=16
