D/wifiJNI (  821): doStringCommand, buf IFNAME=wlan0 DRIVER GET_STA_LINK_DETECT
E/WifiStateMachine(  821): wifiLinkStatics=
E/WifiStateMachine(  821): Failed=0 Retry=0 MultipleRetry=0 ACKFailure=0 FCSError=885 tx_ok=1 rx_ok=0
E/WifiStateMachine(  821): Readl[crc=0 timeout=0] Writel[crc=0 timeout=0] ReadSb[crc=0 timeout=0] writeSb[crc=0 timeout=0]
D/WifiStateMachine(  821): mLastSignalLevel:3, newSignalLevel:3
E/WifiConfigStore(  821): updateConfiguration freq=2462 BSSID=f4:83:cd:b2:6c:1f RSSI=-55 "NMCM2"-WPA_PSK
V/ActivityManager(  821): Broadcast sticky: Intent { act=android.net.wifi.RSSI_CHANGED flg=0x4000010 (has extras) } ordered=false userid=-1 callerApp=ProcessRecord{25b7dc89 821:system/1000}
D/WifiWatchdogStateMachine(  821): RSSI current: 3 new: -56, 3
D/StatusBar.NetworkController( 1000): slot=-10;action=android.net.wifi.RSSI_CHANGED
E/WifiTrafficPoller(  821): TRAFFIC_STATS_POLL true Token 13 num clients 14
E/WifiTrafficPoller(  821):  packet count Tx=2251 Rx=1771
E/HOOKTEST( 5559): 7
E/WifiTrafficPoller(  821): TRAFFIC_STATS_POLL true Token 13 num clients 14
E/WifiTrafficPoller(  821):  packet count Tx=2251 Rx=1771
D/AutomaticBrightnessController(  821): updateAmbientLux: ambientLux=120.0, timeToBrighten=4000, timeToDarken=8000, current=120.0
E/HOOKTEST( 5559): 8
E/WifiTrafficPoller(  821): TRAFFIC_STATS_POLL true Token 13 num clients 14
E/WifiTrafficPoller(  821):  packet count Tx=2251 Rx=1771
E/HOOKTEST( 5559): 9
E/WifiStateMachine(  821):  ConnectedState (when=-4ms what=131155 arg1=1!CMD_RSSI_POLL 1 0 "NMCM2" f4:83:cd:b2:6c:1f rssi=-56 f=2462 sc=60 link=150 tx=0.0, 0.0, 0.0  rx=0.5 bcn=0 [on:0 tx:0 rx:0 period:3001] from screen [on:0 period:-1831175894] gl hn u24 rssi=-51 ag=0 hr ticks 0,0,0 ls-=0 [56,56,56,56,61] brc=0 lrc=0mmls=
E/WifiStateMachine(  821): Failed=0 Retry=0 MultipleRetry=0 ACKFailure=0 FCSError=885 tx_ok=1 rx_ok=0
E/WifiStateMachine(  821): Readl[crc=0 timeout=0] Writel[crc=0 timeout=0] ReadSb[crc=0 timeout=0] writeSb[crc=0 timeout=0]
E/WifiStateMachine(  821):  L2ConnectedState (when=-6ms what=131155 arg1=1!CMD_RSSI_POLL 1 0 "NMCM2" f4:83:cd:b2:6c:1f rssi=-56 f=2462 sc=60 link=150 tx=0.0, 0.0, 0.0  rx=0.5 bcn=0 [on:0 tx:0 rx:0 period:2] from screen [on:0 period:-1831175892] gl hn u24 rssi=-51 ag=0 hr ticks 0,0,0 ls-=0 [56,56,56,56,61] brc=0 lrc=0mmls=
E/WifiStateMachine(  821): Failed=0 Retry=0 MultipleRetry=0 ACKFailure=0 FCSError=885 tx_ok=1 rx_ok=0
E/WifiStateMachine(  821): Readl[crc=0 timeout=0] Writel[crc=0 timeout=0] ReadSb[crc=0 timeout=0] writeSb[crc=0 timeout=0]
E/WifiStateMachine(  821):  get link layer stats 0
D/WifiHW  (  821): enter -->wifi_send_command cmd=IFNAME=wlan0 SIGNAL_POLL
D/wpa_supplicant( 1244): wlan0: Control interface command 'SIGNAL_POLL'
D/WifiHW  (  821): leave --> reply=RSSI=-56
D/WifiHW  (  821): LINKSPEED=150
D/WifiHW  (  821): NOISE=9999
D/WifiHW  (  821): FREQUENCY=2462
D/WifiHW  (  821): 
D/wifiJNI (  821): doStringCommand, buf IFNAME=wlan0 SIGNAL_POLL
I/WifiStateMachine(  821): fetchRssiLinkSpeedAndFrequencyNative, newRssi:-56, newLinkSpeed:150, SSID:"NMCM2"
D/WifiHW  (  821): enter -->wifi_send_command cmd=IFNAME=wlan0 DRIVER GET_STA_LINK_DETECT
D/wpa_supplicant( 1244): wlan0: Control interface command 'DRIVER GET_STA_LINK_DETECT'
D/wpa_supplicant( 1244): iface wlan0 recv cmd GET_STA_LINK_DETECT
D/wpa_supplicant( 1244): get_sta_link_detect
D/wpa_supplicant( 1244): nl80211: Test Mode buflen = 16, ifindex=11
D/WifiHW  (  821): leave --> reply=
D/WifiHW  (  821): Failed=0 Retry=0 MultipleRetry=0 ACKFailure=0 FCSError=0 tx_ok=0 rx_ok=0
D/WifiHW  (  821): Readl[crc=0 timeout=0] Writel[crc=0 timeout=0] ReadSb[crc=0 timeout=0] writeSb[crc=0 timeout=0]
D/WifiHW  (  821): 
D/wifiJNI (  821): doStringCommand, buf IFNAME=wlan0 DRIVER GET_STA_LINK_DETECT
E/WifiStateMachine(  821): wifiLinkStatics=
E/WifiStateMachine(  821): Failed=0 Retry=0 MultipleRetry=0 ACKFailure=0 FCSError=0 tx_ok=0 rx_ok=0
E/WifiStateMachine(  821): Readl[crc=0 timeout=0] Writel[crc=0 timeout=0] ReadSb[crc=0 timeout=0] writeSb[crc=0 timeout=0]
D/WifiStateMachine(  821): mLastSignalLevel:3, newSignalLevel:3
E/WifiConfigStore(  821): updateConfiguration freq=2462 BSSID=f4:83:cd:b2:6c:1f RSSI=-55 "NMCM2"-WPA_PSK
V/ActivityManager(  821): Broadcast sticky: Intent { act=android.net.wifi.RSSI_CHANGED flg=0x4000010 (has extras) } ordered=false userid=-1 callerApp=ProcessRecord{25b7dc89 821:system/1000}
D/PowerKeeper.Event( 1693): notifyCpuStatsUpdate
D/WifiWatchdogStateMachine(  821): RSSI current: 3 new: -56, 3
D/StatusBar.NetworkController( 1000): slot=-10;action=android.net.wifi.RSSI_CHANGED
E/WifiTrafficPoller(  821): TRAFFIC_STATS_POLL true Token 13 num clients 14
E/WifiTrafficPoller(  821):  packet count Tx=2251 Rx=1771
I/thermal_repeater(  315): oh, queryMdThermalInfo (0)Bad file number
E/HOOKTEST( 5559): 10
I/thermal_repeater(  315): [recvMdThermalInfo] ret=29, strLen=127,  2, 32767, -127, -1, 32767, 2
E/HOOKTEST( 5560): uid[0], euid[0]
E/HOOKTEST( 5560): attach success
E/HOOKTEST( 5560): [+] get_remote_addr: local[0x7f78dbe000], remote[0x7f9a78d000], local_func[0x7f78e1ef5c]
E/HOOKTEST( 5560): [+] Remote mmap address: 0x7f9a7edf5c
E/HOOKTEST( 5560): [+] Calling mmap in target process.
E/HOOKTEST( 5560): [+] pstarce_call stat:[0]
E/HOOKTEST( 5560): [+] pstarce_call stat:[0]
E/HOOKTEST( 5560): [+] pstarce_call stat:[0]
E/HOOKTEST( 5560): [+] pstarce_call stat:[0]
E/HOOKTEST( 5560): [+] pstarce_call stat:[0]
E/HOOKTEST( 5560): [+] pstarce_call stat:[0]
E/HOOKTEST( 5560): [+] pstarce_call stat:[0]
E/HOOKTEST( 5560): [+] pstarce_call stat:[0]
E/HOOKTEST( 5560): [+] pstarce_call stat:[0]
E/HOOKTEST( 5560): [+] pstarce_call stat:[0]
E/HOOKTEST( 5560): [+] pstarce_call stat:[0]
E/HOOKTEST( 5560): [+] pstarce_call stat:[0]
E/HOOKTEST( 5560): [+] pstarce_call stat:[0]
E/HOOKTEST( 5560): [+] pstarce_call stat:[0]
E/HOOKTEST( 5560): [+] pstarce_call stat:[0]
E/HOOKTEST( 5560): [+] pstarce_call stat:[0]
E/HOOKTEST( 5560): [+] pstarce_call stat:[0]
E/HOOKTEST( 5560): [+] pstarce_call stat:[0]
E/HOOKTEST( 5560): [+] pstarce_call stat:[0]
E/HOOKTEST( 5560): [+] pstarce_call stat:[0]
E/HOOKTEST( 5560): [+] pstarce_call stat:[0]
E/HOOKTEST( 5560): [+] pstarce_call stat:[0]
E/HOOKTEST( 5560): [+] pstarce_call stat:[0]
E/HOOKTEST( 5560): [+] pstarce_call stat:[0]
E/HOOKTEST( 5560): [+] pstarce_call stat:[0]
E/HOOKTEST( 5560): [+] pstarce_call stat:[0]
E/HOOKTEST( 5560): [+] pstarce_call stat:[0]
E/HOOKTEST( 5560): [+] pstarce_call stat:[0]
E/HOOKTEST( 5560): [+] pstarce_call stat:[0]
E/HOOKTEST( 5560): [+] pstarce_call stat:[0]
E/HOOKTEST( 5560): [+] pstarce_call stat:[0]
E/HOOKTEST( 5560): [+] pstarce_call stat:[0]
E/HOOKTEST( 5560): [+] pstarce_call stat:[0]
E/HOOKTEST( 5560): [+] pstarce_call stat:[0]
E/HOOKTEST( 5560): [+] pstarce_call stat:[0]
E/HOOKTEST( 5560): [+] pstarce_call stat:[0]
E/HOOKTEST( 5560): [+] pstarce_call stat:[0]
E/HOOKTEST( 5560): [+] pstarce_call stat:[0]
E/HOOKTEST( 5560): [+] pstarce_call stat:[0]
E/HOOKTEST( 5560): [+] pstarce_call stat:[0]
E/HOOKTEST( 5560): [+] pstarce_call stat:[0]
E/HOOKTEST( 5560): [+] pstarce_call stat:[0]
E/HOOKTEST( 5560): [+] pstarce_call stat:[0]
E/HOOKTEST( 5560): [+] pstarce_call stat:[0]
E/HOOKTEST( 5560): [+] pstarce_call stat:[0]
E/HOOKTEST( 5560): [+] pstarce_call stat:[0]
E/HOOKTEST( 5560): [+] pstarce_call stat:[0]
E/HOOKTEST( 5560): [+] pstarce_call stat:[0]
E/HOOKTEST( 5560): [+] pstarce_call stat:[0]
E/HOOKTEST( 5560): [+] pstarce_call stat:[0]
E/HOOKTEST( 5560): [+] pstarce_call stat:[0]
E/HOOKTEST( 5560): [+] pstarce_call stat:[0]
E/HOOKTEST( 5560): [+] pstarce_call stat:[0]
E/HOOKTEST( 5560): [+] pstarce_call stat:[0]
E/HOOKTEST( 5560): [+] pstarce_call stat:[0]
E/HOOKTEST( 5560): [+] pstarce_call stat:[0]
E/HOOKTEST( 5560): [+] pstarce_call stat:[0]
E/HOOKTEST( 5560): [+] pstarce_call stat:[0]
E/HOOKTEST( 5560): [+] pstarce_call stat:[0]
E/HOOKTEST( 5560): [+] pstarce_call stat:[0]
E/HOOKTEST( 5560): [+] pstarce_call stat:[0]
E/HOOKTEST( 5560): [+] pstarce_call stat:[0]
E/HOOKTEST( 5560): [+] pstarce_call stat:[0]
E/HOOKTEST( 5560): [+] pstarce_call stat:[0]
E/HOOKTEST( 5560): [+] pstarce_call stat:[0]
E/HOOKTEST( 5560): [+] pstarce_call stat:[0]
E/HOOKTEST( 5560): [+] pstarce_call stat:[0]
E/HOOKTEST( 5560): [+] pstarce_call stat:[0]
E/HOOKTEST( 5560): [+] pstarce_call stat:[0]
E/HOOKTEST( 5560): [+] pstarce_call stat:[0]
E/HOOKTEST( 5560): [+] pstarce_call stat:[0]
E/HOOKTEST( 5560): [+] pstarce_call stat:[0]
E/HOOKTEST( 5560): [+] pstarce_call stat:[0]
E/HOOKTEST( 5560): [+] pstarce_call stat:[0]
E/HOOKTEST( 5560): [+] pstarce_call stat:[0]
E/HOOKTEST( 5560): [+] pstarce_call stat:[0]
E/HOOKTEST( 5560): [+] pstarce_call stat:[0]
E/HOOKTEST( 5560): [+] pstarce_call stat:[0]
E/HOOKTEST( 5560): [+] pstarce_call stat:[0]
E/HOOKTEST( 5560): [+] pstarce_call stat:[0]
E/HOOKTEST( 5560): [+] pstarce_call stat:[0]
E/HOOKTEST( 5560): [+] pstarce_call stat:[0]
E/HOOKTEST( 5560): [+] pstarce_call stat:[0]
E/HOOKTEST( 5560): [+] pstarce_call stat:[0]
E/HOOKTEST( 5560): [+] pstarce_call stat:[0]
E/HOOKTEST( 5560): [+] pstarce_call stat:[0]
E/HOOKTEST( 5560): [+] pstarce_call stat:[0]
E/HOOKTEST( 5560): [+] pstarce_call stat:[0]
E/HOOKTEST( 5560): [+] pstarce_call stat:[0]
E/HOOKTEST( 5560): [+] pstarce_call stat:[0]
E/HOOKTEST( 5560): [+] pstarce_call stat:[0]
E/HOOKTEST( 5560): [+] pstarce_call stat:[0]
E/HOOKTEST( 5560): [+] pstarce_call stat:[0]
E/HOOKTEST( 5560): [+] pstarce_call stat:[0]
E/HOOKTEST( 5560): [+] pstarce_call stat:[0]
E/HOOKTEST( 5560): [+] pstarce_call stat:[0]
E/HOOKTEST( 5560): [+] pstarce_call stat:[0]
E/HOOKTEST( 5560): [+] pstarce_call stat:[0]
E/HOOKTEST( 5560): [+] pstarce_call stat:[0]
E/HOOKTEST( 5560): [+] pstarce_call stat:[0]
E/HOOKTEST( 5560): [+] pstarce_call stat:[0]
E/HOOKTEST( 5560): [+] pstarce_call stat:[0]
E/HOOKTEST( 5560): [+] pstarce_call stat:[0]
E/HOOKTEST( 5560): [+] pstarce_call stat:[0]
E/HOOKTEST( 5560): [+] pstarce_call stat:[0]
E/HOOKTEST( 5560): [+] pstarce_call stat:[0]
E/HOOKTEST( 5560): [+] pstarce_call stat:[0]
E/HOOKTEST( 5560): [+] pstarce_call stat:[0]
E/HOOKTEST( 5560): [+] pstarce_call stat:[0]
E/HOOKTEST( 5560): [+] pstarce_call stat:[0]
E/HOOKTEST( 5560): [+] pstarce_call stat:[0]
E/HOOKTEST( 5560): [+] pstarce_call stat:[0]
E/HOOKTEST( 5560): [+] pstarce_call stat:[0]
E/HOOKTEST( 5560): [+] pstarce_call stat:[0]
E/HOOKTEST( 5560): [+] pstarce_call stat:[0]
E/HOOKTEST( 5560): [+] pstarce_call stat:[0]
E/HOOKTEST( 5560): [+] pstarce_call stat:[0]
E/HOOKTEST( 5560): [+] pstarce_call stat:[0]
E/HOOKTEST( 5560): [+] pstarce_call stat:[0]
E/HOOKTEST( 5560): [+] pstarce_call stat:[0]
E/HOOKTEST( 5560): [+] pstarce_call stat:[0]
E/HOOKTEST( 5560): [+] pstarce_call stat:[0]
E/HOOKTEST( 5560): [+] pstarce_call stat:[0]
E/HOOKTEST( 5560): [+] pstarce_call stat:[0]
E/HOOKTEST( 5560): [+] pstarce_call stat:[0]
E/HOOKTEST( 5560): [+] pstarce_call stat:[0]
E/HOOKTEST( 5560): [+] pstarce_call stat:[0]
E/HOOKTEST( 5560): [+] pstarce_call stat:[0]
E/HOOKTEST( 5560): [+] pstarce_call stat:[0]
E/HOOKTEST( 5560): [+] pstarce_call stat:[0]
E/HOOKTEST( 5560): [+] pstarce_call stat:[0]
E/HOOKTEST( 5560): [+] pstarce_call stat:[0]
E/HOOKTEST( 5560): [+] pstarce_call stat:[0]
E/HOOKTEST( 5560): [+] pstarce_call stat:[0]
E/HOOKTEST( 5560): [+] pstarce_call stat:[0]
E/HOOKTEST( 5560): [+] pstarce_call stat:[0]
E/HOOKTEST( 5560): [+] pstarce_call stat:[0]
E/HOOKTEST( 5560): [+] pstarce_call stat:[0]
E/HOOKTEST( 5560): [+] pstarce_call stat:[0]
E/HOOKTEST( 5560): [+] pstarce_call stat:[0]
E/HOOKTEST( 5560): [+] pstarce_call stat:[0]
E/HOOKTEST( 5560): [+] pstarce_call stat:[0]
E/HOOKTEST( 5560): [+] pstarce_call stat:[0]
E/HOOKTEST( 5560): [+] pstarce_call stat:[0]
E/HOOKTEST( 5560): [+] pstarce_call stat:[0]
E/HOOKTEST( 5560): [+] pstarce_call stat:[0]
E/HOOKTEST( 5560): [+] pstarce_call stat:[0]
E/HOOKTEST( 5560): [+] pstarce_call stat:[0]
E/HOOKTEST( 5560): [+] pstarce_call stat:[0]
E/HOOKTEST( 5560): [+] pstarce_call stat:[0]
E/HOOKTEST( 5560): [+] pstarce_call stat:[0]
E/HOOKTEST( 5560): [+] pstarce_call stat:[0]
E/HOOKTEST( 5560): [+] pstarce_call stat:[0]
E/HOOKTEST( 5560): [+] pstarce_call stat:[0]
E/HOOKTEST( 5560): [+] pstarce_call stat:[0]
E/HOOKTEST( 5560): [+] pstarce_call stat:[0]
E/HOOKTEST( 5560): [+] pstarce_call stat:[0]
E/HOOKTEST( 5560): [+] pstarce_call stat:[0]
E/HOOKTEST( 5560): [+] pstarce_call stat:[0]
E/HOOKTEST( 5560): [+] pstarce_call stat:[0]
E/HOOKTEST( 5560): [+] pstarce_call stat:[0]
E/HOOKTEST( 5560): [+] pstarce_call stat:[0]
E/HOOKTEST( 5560): [+] pstarce_call stat:[0]
E/HOOKTEST( 5560): [+] pstarce_call stat:[0]
E/HOOKTEST( 5560): [+] pstarce_call stat:[0]
E/HOOKTEST( 5560): [+] pstarce_call stat:[0]
E/HOOKTEST( 5560): [+] pstarce_call stat:[0]
E/HOOKTEST( 5560): [+] pstarce_call stat:[0]
E/HOOKTEST( 5560): [+] pstarce_call stat:[0]
E/HOOKTEST( 5560): [+] pstarce_call stat:[0]
E/HOOKTEST( 5560): [+] pstarce_call stat:[0]
E/HOOKTEST( 5560): [+] pstarce_call stat:[0]
E/HOOKTEST( 5560): [+] pstarce_call stat:[0]
E/HOOKTEST( 5560): [+] pstarce_call stat:[0]
E/HOOKTEST( 5560): [+] pstarce_call stat:[0]
E/HOOKTEST( 5560): [+] pstarce_call stat:[0]
E/HOOKTEST( 5560): [+] pstarce_call stat:[0]
E/HOOKTEST( 5560): [+] pstarce_call stat:[0]
E/HOOKTEST( 5560): [+] pstarce_call stat:[0]
E/HOOKTEST( 5560): [+] pstarce_call stat:[0]
E/HOOKTEST( 5560): [+] pstarce_call stat:[0]
E/HOOKTEST( 5560): [+] pstarce_call stat:[0]
E/HOOKTEST( 5560): [+] pstarce_call stat:[0]
E/HOOKTEST( 5560): [+] pstarce_call stat:[0]
E/HOOKTEST( 5560): [+] pstarce_call stat:[0]
E/HOOKTEST( 5560): [+] pstarce_call stat:[0]
E/HOOKTEST( 5560): [+] pstarce_call stat:[0]
E/HOOKTEST( 5560): [+] pstarce_call stat:[0]
E/HOOKTEST( 5560): [+] pstarce_call stat:[0]
E/HOOKTEST( 5560): [+] pstarce_call stat:[0]
E/HOOKTEST( 5560): [+] pstarce_call stat:[0]
E/HOOKTEST( 5560): [+] pstarce_call stat:[0]
E/HOOKTEST( 5560): [+] pstarce_call stat:[0]
E/HOOKTEST( 5560): [+] pstarce_call stat:[0]
E/HOOKTEST( 5560): [+] pstarce_call stat:[0]
E/HOOKTEST( 5560): [+] pstarce_call stat:[0]
E/HOOKTEST( 5560): [+] pstarce_call stat:[0]
E/HOOKTEST( 5560): [+] pstarce_call stat:[0]
E/HOOKTEST( 5560): [+] pstarce_call stat:[0]
E/HOOKTEST( 5560): [+] pstarce_call stat:[0]
E/HOOKTEST( 5560): [+] pstarce_call stat:[0]
E/HOOKTEST( 5560): [+] pstarce_call stat:[0]
E/HOOKTEST( 5560): [+] pstarce_call stat:[0]
E/HOOKTEST( 5560): [+] pstarce_call stat:[0]
E/HOOKTEST( 5560): [+] pstarce_call stat:[0]
E/HOOKTEST( 5560): [+] pstarce_call stat:[0]
E/HOOKTEST( 5560): [+] pstarce_call stat:[0]
E/HOOKTEST( 5560): [+] pstarce_call stat:[0]
E/HOOKTEST( 5560): [+] pstarce_call stat:[0]
E/HOOKTEST( 5560): [+] pstarce_call stat:[0]
E/HOOKTEST( 5560): [+] pstarce_call stat:[0]
E/HOOKTEST( 5560): [+] pstarce_call stat:[0]
E/HOOKTEST( 5560): [+] pstarce_call stat:[0]
E/HOOKTEST( 5560): [+] pstarce_call stat:[0]
E/HOOKTEST( 5560): [+] pstarce_call stat:[0]
E/HOOKTEST( 5560): [+] pstarce_call stat:[0]
E/HOOKTEST( 5560): [+] pstarce_call stat:[0]
E/HOOKTEST( 5560): [+] pstarce_call stat:[0]
E/HOOKTEST( 5560): [+] pstarce_call stat:[0]
E/HOOKTEST( 5560): [+] pstarce_call stat:[0]
E/HOOKTEST( 5560): [+] pstarce_call stat:[0]
E/HOOKTEST( 5560): [+] pstarce_call stat:[0]
E/HOOKTEST( 5560): [+] pstarce_call stat:[0]
E/HOOKTEST( 5560): [+] pstarce_call stat:[0]
E/HOOKTEST( 5560): [+] pstarce_call stat:[0]
E/HOOKTEST( 5560): [+] pstarce_call stat:[0]
E/HOOKTEST( 5560): [+] pstarce_call stat:[0]
E/HOOKTEST( 5560): [+] pstarce_call stat:[0]
E/HOOKTEST( 5560): [+] pstarce_call stat:[0]
E/HOOKTEST( 5560): [+] pstarce_call stat:[0]
E/HOOKTEST( 5560): [+] pstarce_call stat:[0]
E/HOOKTEST( 5560): [+] pstarce_call stat:[0]
E/HOOKTEST( 5560): [+] pstarce_call stat:[0]
E/HOOKTEST( 5560): [+] pstarce_call stat:[0]
E/HOOKTEST( 5560): [+] pstarce_call stat:[0]
E/HOOKTEST( 5560): [+] pstarce_call stat:[0]
E/HOOKTEST( 5560): [+] pstarce_call stat:[0]
E/HOOKTEST( 5560): [+] pstarce_call stat:[0]
E/HOOKTEST( 5560): [+] pstarce_call stat:[0]
E/HOOKTEST( 5560): [+] pstarce_call stat:[0]
E/HOOKTEST( 5560): [+] pstarce_call stat:[0]
E/HOOKTEST( 5560): [+] pstarce_call stat:[0]
E/HOOKTEST( 5560): [+] pstarce_call stat:[0]
E/HOOKTEST( 5560): [+] pstarce_call stat:[0]
E/HOOKTEST( 5560): [+] pstarce_call stat:[0]
E/HOOKTEST( 5560): [+] pstarce_call stat:[0]
E/HOOKTEST( 5560): [+] pstarce_call stat:[0]
E/HOOKTEST( 5560): [+] pstarce_call stat:[0]
E/HOOKTEST( 5560): [+] pstarce_call stat:[0]
E/HOOKTEST( 5560): [+] pstarce_call stat:[0]
E/HOOKTEST( 5560): [+] pstarce_call stat:[0]
E/HOOKTEST( 5560): [+] pstarce_call stat:[0]
E/HOOKTEST( 5560): [+] pstarce_call stat:[0]
E/HOOKTEST( 5560): [+] pstarce_call stat:[0]
E/HOOKTEST( 5560): [+] pstarce_call stat:[0]
E/HOOKTEST( 5560): [+] pstarce_call stat:[0]
E/HOOKTEST( 5560): [+] pstarce_call stat:[0]
E/HOOKTEST( 5560): [+] pstarce_call stat:[0]
E/HOOKTEST( 5560): [+] pstarce_call stat:[0]
E/HOOKTEST( 5560): [+] pstarce_call stat:[0]
E/HOOKTEST( 5560): [+] pstarce_call stat:[0]
E/HOOKTEST( 5560): [+] pstarce_call stat:[0]
E/HOOKTEST( 5560): [+] pstarce_call stat:[0]
E/HOOKTEST( 5560): [+] pstarce_call stat:[0]
E/HOOKTEST( 5560): [+] pstarce_call stat:[0]
E/HOOKTEST( 5560): [+] pstarce_call stat:[0]
E/HOOKTEST( 5560): [+] pstarce_call stat:[0]
E/HOOKTEST( 5560): [+] pstarce_call stat:[0]
E/HOOKTEST( 5560): [+] pstarce_call stat:[0]
E/HOOKTEST( 5560): [+] pstarce_call stat:[0]
E/HOOKTEST( 5560): [+] pstarce_call stat:[0]
E/HOOKTEST( 5560): [+] pstarce_call stat:[0]
E/HOOKTEST( 5560): [+] pstarce_call stat:[0]
E/HOOKTEST( 5560): [+] pstarce_call stat:[0]
E/HOOKTEST( 5560): [+] pstarce_call stat:[0]
E/HOOKTEST( 5560): [+] pstarce_call stat:[0]
E/HOOKTEST( 5560): [+] pstarce_call stat:[0]
E/HOOKTEST( 5560): [+] pstarce_call stat:[0]
E/HOOKTEST( 5560): [+] pstarce_call stat:[0]
E/HOOKTEST( 5560): [+] pstarce_call stat:[0]
E/HOOKTEST( 5560): [+] pstarce_call stat:[0]
E/HOOKTEST( 5560): [+] pstarce_call stat:[0]
E/HOOKTEST( 5560): [+] pstarce_call stat:[0]
E/HOOKTEST( 5560): [+] pstarce_call stat:[0]
E/HOOKTEST( 5560): [+] pstarce_call stat:[0]
E/HOOKTEST( 5560): [+] pstarce_call stat:[0]
E/HOOKTEST( 5560): [+] pstarce_call stat:[0]
E/HOOKTEST( 5560): [+] pstarce_call stat:[0]
E/HOOKTEST( 5560): [+] pstarce_call stat:[0]
E/HOOKTEST( 5560): [+] pstarce_call stat:[0]
E/HOOKTEST( 5560): [+] pstarce_call stat:[0]
E/HOOKTEST( 5560): [+] pstarce_call stat:[0]
E/HOOKTEST( 5560): [+] pstarce_call stat:[0]
E/HOOKTEST( 5560): [+] pstarce_call stat:[0]
E/HOOKTEST( 5560): [+] pstarce_call stat:[0]
E/HOOKTEST( 5560): [+] pstarce_call stat:[0]
E/HOOKTEST( 5560): [+] pstarce_call stat:[0]
E/HOOKTEST( 5560): [+] pstarce_call stat:[0]
E/HOOKTEST( 5560): [+] pstarce_call stat:[0]
E/HOOKTEST( 5560): [+] pstarce_call stat:[0]
E/HOOKTEST( 5560): [+] pstarce_call stat:[0]
E/HOOKTEST( 5560): [+] pstarce_call stat:[0]
E/HOOKTEST( 5560): [+] pstarce_call stat:[0]
E/HOOKTEST( 5560): [+] pstarce_call stat:[0]
E/HOOKTEST( 5560): [+] pstarce_call stat:[0]
E/HOOKTEST( 5560): [+] pstarce_call stat:[0]
E/HOOKTEST( 5560): [+] pstarce_call stat:[0]
E/HOOKTEST( 5560): [+] pstarce_call stat:[0]
E/HOOKTEST( 5560): [+] pstarce_call stat:[0]
E/HOOKTEST( 5560): [+] pstarce_call stat:[0]
E/HOOKTEST( 5560): [+] pstarce_call stat:[0]
E/HOOKTEST( 5560): [+] pstarce_call stat:[0]
E/HOOKTEST( 5560): [+] pstarce_call stat:[0]
E/HOOKTEST( 5560): [+] pstarce_call stat:[0]
E/HOOKTEST( 5560): [+] pstarce_call stat:[0]
E/HOOKTEST( 5560): [+] pstarce_call stat:[0]
E/HOOKTEST( 5560): [+] pstarce_call stat:[0]
E/HOOKTEST( 5560): [+] pstarce_call stat:[0]
E/HOOKTEST( 5560): [+] pstarce_call stat:[0]
E/HOOKTEST( 5560): [+] pstarce_call stat:[0]
E/HOOKTEST( 5560): [+] pstarce_call stat:[0]
E/HOOKTEST( 5560): [+] pstarce_call stat:[0]
E/HOOKTEST( 5560): [+] pstarce_call stat:[0]
E/HOOKTEST( 5560): [+] pstarce_call stat:[0]
E/HOOKTEST( 5560): [+] pstarce_call stat:[0]
E/HOOKTEST( 5560): [+] pstarce_call stat:[0]
E/HOOKTEST( 5560): [+] pstarce_call stat:[0]
E/HOOKTEST( 5560): [+] pstarce_call stat:[0]
E/HOOKTEST( 5560): [+] pstarce_call stat:[0]
E/HOOKTEST( 5560): [+] pstarce_call stat:[0]
E/HOOKTEST( 5560): [+] pstarce_call stat:[0]
E/HOOKTEST( 5560): [+] pstarce_call stat:[0]
E/HOOKTEST( 5560): [+] pstarce_call stat:[0]
E/HOOKTEST( 5560): [+] pstarce_call stat:[0]
E/HOOKTEST( 5560): [+] pstarce_call stat:[0]
E/HOOKTEST( 5560): [+] pstarce_call stat:[0]
E/HOOKTEST( 5560): [+] pstarce_call stat:[0]
E/HOOKTEST( 5560): [+] pstarce_call stat:[0]
E/HOOKTEST( 5560): [+] pstarce_call stat:[0]
E/HOOKTEST( 5560): [+] pstarce_call stat:[0]
E/HOOKTEST( 5560): [+] pstarce_call stat:[0]
E/HOOKTEST( 5560): [+] pstarce_call stat:[0]
E/HOOKTEST( 5560): [+] pstarce_call stat:[0]
E/HOOKTEST( 5560): [+] pstarce_call stat:[0]
E/HOOKTEST( 5560): [+] pstarce_call stat:[0]
E/HOOKTEST( 5560): [+] pstarce_call stat:[0]
E/HOOKTEST( 5560): [+] pstarce_call stat:[0]
E/HOOKTEST( 5560): [+] pstarce_call stat:[0]
E/HOOKTEST( 5560): [+] pstarce_call stat:[0]
E/HOOKTEST( 5560): [+] pstarce_call stat:[0]
E/HOOKTEST( 5560): [+] pstarce_call stat:[0]
E/HOOKTEST( 5560): [+] pstarce_call stat:[0]
E/HOOKTEST( 5560): [+] pstarce_call stat:[0]
E/HOOKTEST( 5560): [+] pstarce_call stat:[0]
E/HOOKTEST( 5560): [+] pstarce_call stat:[0]
E/HOOKTEST( 5560): [+] pstarce_call stat:[0]
E/HOOKTEST( 5560): [+] pstarce_call stat:[0]
E/HOOKTEST( 5560): [+] pstarce_call stat:[0]
E/HOOKTEST( 5560): [+] pstarce_call stat:[0]
E/HOOKTEST( 5560): [+] pstarce_call stat:[0]
E/HOOKTEST( 5560): [+] pstarce_call stat:[0]
E/HOOKTEST( 5560): [+] pstarce_call stat:[0]
E/HOOKTEST( 5560): [+] pstarce_call stat:[0]
E/HOOKTEST( 5560): [+] pstarce_call stat:[0]
E/HOOKTEST( 5560): [+] pstarce_call stat:[0]
E/HOOKTEST( 5560): [+] pstarce_call stat:[0]
E/HOOKTEST( 5560): [+] pstarce_call stat:[0]
E/HOOKTEST( 5560): [+] pstarce_call stat:[0]
E/HOOKTEST( 5560): [+] pstarce_call stat:[0]
E/HOOKTEST( 5560): [+] pstarce_call stat:[0]
E/HOOKTEST( 5560): [+] pstarce_call stat:[0]
E/HOOKTEST( 5560): [+] pstarce_call stat:[0]
E/HOOKTEST( 5560): [+] pstarce_call stat:[0]
E/HOOKTEST( 5560): [+] pstarce_call stat:[0]
E/HOOKTEST( 5560): [+] pstarce_call stat:[0]
E/HOOKTEST( 5560): [+] pstarce_call stat:[0]
E/HOOKTEST( 5560): [+] pstarce_call stat:[0]
E/HOOKTEST( 5560): [+] pstarce_call stat:[0]
E/HOOKTEST( 5560): [+] pstarce_call stat:[0]
E/HOOKTEST( 5560): [+] pstarce_call stat:[0]
E/HOOKTEST( 5560): [+] pstarce_call stat:[0]
E/HOOKTEST( 5560): [+] pstarce_call stat:[0]
E/HOOKTEST( 5560): [+] pstarce_call stat:[0]
E/HOOKTEST( 5560): [+] pstarce_call stat:[0]
E/HOOKTEST( 5560): [+] pstarce_call stat:[0]
E/HOOKTEST( 5560): [+] pstarce_call stat:[0]
E/HOOKTEST( 5560): [+] pstarce_call stat:[0]
E/HOOKTEST( 5560): [+] pstarce_call stat:[0]
E/HOOKTEST( 5560): [+] pstarce_call stat:[0]
E/HOOKTEST( 5560): [+] pstarce_call stat:[0]
E/HOOKTEST( 5560): [+] pstarce_call stat:[0]
E/HOOKTEST( 5560): [+] pstarce_call stat:[0]
E/HOOKTEST( 5560): [+] pstarce_call stat:[0]
E/HOOKTEST( 5560): [+] pstarce_call stat:[0]
E/HOOKTEST( 5560): [+] pstarce_call stat:[0]
E/HOOKTEST( 5560): [+] pstarce_call stat:[0]
E/HOOKTEST( 5560): [+] pstarce_call stat:[0]
E/HOOKTEST( 5560): [+] pstarce_call stat:[0]
E/HOOKTEST( 5560): [+] pstarce_call stat:[0]
E/HOOKTEST( 5560): [+] pstarce_call stat:[0]
E/HOOKTEST( 5560): [+] pstarce_call stat:[0]
E/HOOKTEST( 5560): [+] pstarce_call stat:[0]
E/HOOKTEST( 5560): [+] pstarce_call stat:[0]
E/HOOKTEST( 5560): [+] pstarce_call stat:[0]
E/HOOKTEST( 5560): [+] pstarce_call stat:[0]
E/HOOKTEST( 5560): [+] pstarce_call stat:[0]
E/HOOKTEST( 5560): [+] pstarce_call stat:[0]
E/HOOKTEST( 5560): [+] pstarce_call stat:[0]
E/HOOKTEST( 5560): [+] pstarce_call stat:[0]
E/HOOKTEST( 5560): [+] pstarce_call stat:[0]
E/HOOKTEST( 5560): [+] pstarce_call stat:[0]
E/HOOKTEST( 5560): [+] pstarce_call stat:[0]
E/HOOKTEST( 5560): [+] pstarce_call stat:[0]
E/HOOKTEST( 5560): [+] pstarce_call stat:[0]
E/HOOKTEST( 5560): [+] pstarce_call stat:[0]
E/HOOKTEST( 5560): [+] pstarce_call stat:[0]
E/HOOKTEST( 5560): [+] pstarce_call stat:[0]
E/HOOKTEST( 5560): [+] pstarce_call stat:[0]
E/HOOKTEST( 5560): [+] pstarce_call stat:[0]
E/HOOKTEST( 5560): [+] pstarce_call stat:[0]
E/HOOKTEST( 5560): [+] pstarce_call stat:[0]
E/HOOKTEST( 5560): [+] pstarce_call stat:[0]
E/HOOKTEST( 5560): [+] pstarce_call stat:[0]
E/HOOKTEST( 5560): [+] pstarce_call stat:[0]
E/HOOKTEST( 5560): [+] pstarce_call stat:[0]
E/HOOKTEST( 5560): [+] pstarce_call stat:[0]
E/HOOKTEST( 5560): [+] pstarce_call stat:[0]
E/HOOKTEST( 5560): [+] pstarce_call stat:[0]
E/HOOKTEST( 5560): [+] pstarce_call stat:[0]
E/HOOKTEST( 5560): [+] pstarce_call stat:[0]
E/HOOKTEST( 5560): [+] pstarce_call stat:[0]
E/HOOKTEST( 5560): [+] pstarce_call stat:[0]
E/HOOKTEST( 5560): [+] pstarce_call stat:[0]
E/HOOKTEST( 5560): [+] pstarce_call stat:[0]
E/HOOKTEST( 5560): [+] pstarce_call stat:[0]
E/HOOKTEST( 5560): [+] pstarce_call stat:[0]
E/HOOKTEST( 5560): [+] pstarce_call stat:[0]
E/HOOKTEST( 5560): [+] pstarce_call stat:[0]
E/HOOKTEST( 5560): [+] pstarce_call stat:[0]
E/HOOKTEST( 5560): [+] pstarce_call stat:[0]
E/HOOKTEST( 5560): [+] pstarce_call stat:[0]
E/HOOKTEST( 5560): [+] pstarce_call stat:[0]
E/HOOKTEST( 5560): [+] pstarce_call stat:[0]
E/HOOKTEST( 5560): [+] pstarce_call stat:[0]
E/HOOKTEST( 5560): [+] pstarce_call stat:[0]
E/HOOKTEST( 5560): [+] pstarce_call stat:[0]
E/HOOKTEST( 5560): [+] pstarce_call stat:[0]
E/HOOKTEST( 5560): [+] pstarce_call stat:[0]
E/HOOKTEST( 5560): [+] pstarce_call stat:[0]
E/HOOKTEST( 5560): [+] pstarce_call stat:[0]
E/HOOKTEST( 5560): [+] pstarce_call stat:[0]
E/HOOKTEST( 5560): [+] pstarce_call stat:[0]
E/HOOKTEST( 5560): [+] pstarce_call stat:[0]
E/HOOKTEST( 5560): [+] pstarce_call stat:[0]
E/HOOKTEST( 5560): [+] pstarce_call stat:[0]
E/HOOKTEST( 5560): [+] pstarce_call stat:[0]
E/HOOKTEST( 5560): [+] pstarce_call stat:[0]
E/HOOKTEST( 5560): [+] pstarce_call stat:[0]
E/HOOKTEST( 5560): [+] pstarce_call stat:[0]
E/HOOKTEST( 5560): [+] pstarce_call stat:[0]
E/HOOKTEST( 5560): [+] pstarce_call stat:[0]
E/HOOKTEST( 5560): [+] pstarce_call stat:[0]
E/HOOKTEST( 5560): [+] pstarce_call stat:[0]
E/HOOKTEST( 5560): [+] pstarce_call stat:[0]
E/HOOKTEST( 5560): [+] pstarce_call stat:[0]
E/HOOKTEST( 5560): [+] pstarce_call stat:[0]
E/HOOKTEST( 5560): [+] pstarce_call stat:[0]
E/HOOKTEST( 5560): [+] pstarce_call stat:[0]
E/HOOKTEST( 5560): [+] pstarce_call stat:[0]
E/HOOKTEST( 5560): [+] pstarce_call stat:[0]
E/HOOKTEST( 5560): [+] pstarce_call stat:[0]
E/HOOKTEST( 5560): [+] pstarce_call stat:[0]
E/HOOKTEST( 5560): [+] pstarce_call stat:[0]
E/HOOKTEST( 5560): [+] pstarce_call stat:[0]
E/HOOKTEST( 5560): [+] pstarce_call stat:[0]
E/HOOKTEST( 5560): [+] pstarce_call stat:[0]
E/HOOKTEST( 5560): [+] pstarce_call stat:[0]
E/HOOKTEST( 5560): [+] pstarce_call stat:[0]
E/HOOKTEST( 5560): [+] pstarce_call stat:[0]
E/HOOKTEST( 5560): [+] pstarce_call stat:[0]
E/HOOKTEST( 5560): [+] pstarce_call stat:[0]
E/HOOKTEST( 5560): [+] pstarce_call stat:[0]
E/HOOKTEST( 5560): [+] pstarce_call stat:[0]
E/HOOKTEST( 5560): [+] pstarce_call stat:[0]
E/HOOKTEST( 5560): [+] pstarce_call stat:[0]
E/HOOKTEST( 5560): [+] pstarce_call stat:[0]
E/HOOKTEST( 5560): [+] pstarce_call stat:[0]
E/HOOKTEST( 5560): [+] pstarce_call stat:[0]
E/HOOKTEST( 5560): [+] pstarce_call stat:[0]
E/HOOKTEST( 5560): [+] pstarce_call stat:[0]
E/HOOKTEST( 5560): [+] pstarce_call stat:[0]
E/HOOKTEST( 5560): [+] pstarce_call stat:[0]
E/HOOKTEST( 5560): [+] pstarce_call stat:[0]
E/HOOKTEST( 5560): [+] pstarce_call stat:[0]
E/HOOKTEST( 5560): [+] pstarce_call stat:[0]
E/HOOKTEST( 5560): [+] pstarce_call stat:[0]
E/HOOKTEST( 5560): [+] pstarce_call stat:[0]
E/HOOKTEST( 5560): [+] pstarce_call stat:[0]
E/HOOKTEST( 5560): [+] pstarce_call stat:[0]
E/HOOKTEST( 5560): [+] pstarce_call stat:[0]
E/HOOKTEST( 5560): [+] pstarce_call stat:[0]
E/HOOKTEST( 5560): [+] pstarce_call stat:[0]
E/HOOKTEST( 5560): [+] pstarce_call stat:[0]
E/HOOKTEST( 5560): [+] pstarce_call stat:[0]
E/HOOKTEST( 5560): [+] pstarce_call stat:[0]
E/HOOKTEST( 5560): [+] pstarce_call stat:[0]
E/HOOKTEST( 5560): [+] pstarce_call stat:[0]
E/HOOKTEST( 5560): [+] pstarce_call stat:[0]
E/HOOKTEST( 5560): [+] pstarce_call stat:[0]
E/HOOKTEST( 5560): [+] pstarce_call stat:[0]
E/HOOKTEST( 5560): [+] pstarce_call stat:[0]
E/HOOKTEST( 5560): [+] pstarce_call stat:[0]
E/HOOKTEST( 5560): [+] pstarce_call stat:[0]
E/HOOKTEST( 5560): [+] pstarce_call stat:[0]
E/HOOKTEST( 5560): [+] pstarce_call stat:[0]
E/HOOKTEST( 5560): [+] pstarce_call stat:[0]
E/HOOKTEST( 5560): [+] pstarce_call stat:[0]
E/HOOKTEST( 5560): [+] pstarce_call stat:[0]
E/HOOKTEST( 5560): [+] pstarce_call stat:[0]
E/HOOKTEST( 5560): [+] pstarce_call stat:[0]
E/HOOKTEST( 5560): [+] pstarce_call stat:[0]
E/HOOKTEST( 5560): [+] pstarce_call stat:[0]
E/HOOKTEST( 5560): [+] pstarce_call stat:[0]
E/HOOKTEST( 5560): [+] pstarce_call stat:[0]
E/HOOKTEST( 5560): [+] pstarce_call stat:[0]
E/HOOKTEST( 5560): [+] pstarce_call stat:[0]
E/HOOKTEST( 5560): [+] pstarce_call stat:[0]
E/HOOKTEST( 5560): [+] pstarce_call stat:[0]
E/HOOKTEST( 5560): [+] pstarce_call stat:[0]
E/HOOKTEST( 5560): [+] pstarce_call stat:[0]
E/HOOKTEST( 5560): [+] pstarce_call stat:[0]
E/HOOKTEST( 5560): [+] pstarce_call stat:[0]
E/HOOKTEST( 5560): [+] pstarce_call stat:[0]
E/HOOKTEST( 5560): [+] pstarce_call stat:[0]
E/HOOKTEST( 5560): [+] pstarce_call stat:[0]
E/HOOKTEST( 5560): [+] pstarce_call stat:[0]
E/HOOKTEST( 5560): [+] pstarce_call stat:[0]
E/HOOKTEST( 5560): [+] pstarce_call stat:[0]
E/HOOKTEST( 5560): [+] pstarce_call stat:[0]
E/HOOKTEST( 5560): [+] pstarce_call stat:[0]
E/HOOKTEST( 5560): [+] pstarce_call stat:[0]
E/HOOKTEST( 5560): [+] pstarce_call stat:[0]
E/HOOKTEST( 5560): [+] pstarce_call stat:[0]
E/HOOKTEST( 5560): [+] pstarce_call stat:[0]
E/HOOKTEST( 5560): [+] pstarce_call stat:[0]
E/HOOKTEST( 5560): [+] pstarce_call stat:[0]
E/HOOKTEST( 5560): [+] pstarce_call stat:[0]
E/HOOKTEST( 5560): [+] pstarce_call stat:[0]
E/HOOKTEST( 5560): [+] pstarce_call stat:[0]
E/HOOKTEST( 5560): [+] pstarce_call stat:[0]
E/HOOKTEST( 5560): [+] pstarce_call stat:[0]
E/HOOKTEST( 5560): [+] pstarce_call stat:[0]
E/HOOKTEST( 5560): [+] pstarce_call stat:[0]
E/HOOKTEST( 5560): [+] pstarce_call stat:[0]
E/HOOKTEST( 5560): [+] pstarce_call stat:[0]
E/HOOKTEST( 5560): [+] pstarce_call stat:[0]
E/HOOKTEST( 5560): [+] pstarce_call stat:[0]
E/HOOKTEST( 5560): [+] pstarce_call stat:[0]
E/HOOKTEST( 5560): [+] pstarce_call stat:[0]
E/HOOKTEST( 5560): [+] pstarce_call stat:[0]
E/HOOKTEST( 5560): [+] pstarce_call stat:[0]
E/HOOKTEST( 5560): [+] pstarce_call stat:[0]
E/HOOKTEST( 5560): [+] pstarce_call stat:[0]
E/HOOKTEST( 5560): [+] pstarce_call stat:[0]
E/HOOKTEST( 5560): [+] pstarce_call stat:[0]
E/HOOKTEST( 5560): [+] pstarce_call stat:[0]
E/HOOKTEST( 5560): [+] pstarce_call stat:[0]
E/HOOKTEST( 5560): [+] pstarce_call stat:[0]
E/HOOKTEST( 5560): [+] pstarce_call stat:[0]
E/HOOKTEST( 5560): [+] pstarce_call stat:[0]
E/HOOKTEST( 5560): [+] pstarce_call stat:[0]
E/HOOKTEST( 5560): [+] pstarce_call stat:[0]
E/HOOKTEST( 5560): [+] pstarce_call stat:[0]
E/HOOKTEST( 5560): [+] pstarce_call stat:[0]
E/HOOKTEST( 5560): [+] pstarce_call stat:[0]
E/HOOKTEST( 5560): [+] pstarce_call stat:[0]
E/HOOKTEST( 5560): [+] pstarce_call stat:[0]
E/HOOKTEST( 5560): [+] pstarce_call stat:[0]
E/HOOKTEST( 5560): [+] pstarce_call stat:[0]
E/HOOKTEST( 5560): [+] pstarce_call stat:[0]
E/HOOKTEST( 5560): Error stat
E/HOOKTEST( 5560): [+] call remote mmap error
F/libc    ( 5559): Fatal signal 11 (SIGSEGV), code 1, fault addr 0x0 in tid 5559 (work)
D/AEE/AED (  290): $===AEE===AEE===AEE===$
D/AEE/AED (  290): p 0 poll events 1 revents 0
D/AEE/AED (  290): not know revents:0
D/AEE/AED (  290): p 1 poll events 1 revents 0
D/AEE/AED (  290): not know revents:0
D/AEE/AED (  290): p 2 poll events 1 revents 1
D/AEE/AED (  290): aed_main_fork_worker: generator 0x559abba850, worker 0x7ffc965f00, recv_fd 14
D/AEE/AED (  290): p 3 poll events 1 revents 0
D/AEE/AED (  290): not know revents:0
I/AEE/AED ( 5561): handle_request(14)
I/AEE/AED ( 5561): check process 5559 name:work
I/AEE/AED ( 5561): tid 5559 abort msg address is:0x0000000000000000 si_code is:1 (request from 5559:2000)
I/AEE/AED ( 5561): BOOM: pid=5559 uid=2000 gid=2000 tid=5559
I/AEE/AED ( 5561): [OnPurpose Redunant in void preset_info(aed_report_record*, int, int)] pid: 5559, tid: 5559, name: work  >>> ./work <<<
I/AEE/AED ( 5561): *** *** *** *** *** *** *** *** *** *** *** *** *** *** *** ***
I/AEE/AED ( 5561): Build fingerprint: 'Xiaomi/hennessy/hennessy:5.0.2/LRX22G/7.9.7:user/release-keys'
I/AEE/AED ( 5561): Revision: '0'
I/AEE/AED ( 5561): ABI: 'arm64'
W/NativeCrashListener(  821): Couldn't find ProcessRecord for pid 5559
I/AEE/AED ( 5561): pid: 5559, tid: 5559, name: work  >>> ./work <<<
E/AEE/AED ( 5561): AM write failure (32 / Broken pipe)
I/AEE/AED ( 5561): signal 11 (SIGSEGV), code 1 (SEGV_MAPERR), fault addr 0x0
E/AEE/LIBAEE( 5561): aee_try_get_word: read:5559 addr:0x0000000000000000 ret:-1, 5
I/AEE/AED ( 5561):     x0   0000007f9a6c9000  x1   0000000000004000  x2   0000000000000007  x3   0000000000000022
I/AEE/AED ( 5561):     x4   0000000000000000  x5   0000000000000000  x6   0000800000000000  x7   fefefefefefefefe
I/AEE/AED ( 5561):     x8   00000000000000de  x9   6274721f6eff2f30  x10  7f7f7f7f7f7f7f7f  x11  0101010101010101
I/AEE/AED ( 5561):     x12  0000000000000010  x13  0000007fc1872c5c  x14  0000000000000001  x15  0000000000000009
I/AEE/AED ( 5561):     x16  0000007f9a8296f8  x17  0000007f9a7ee01c  x18  0000007f9a82f690  x19  0000000000000001
I/AEE/AED ( 5561):     x20  000000000000000a  x21  0000005560d62a9b  x22  0000000000002710  x23  0000000000000000
I/AEE/AED ( 5561):     x24  0000000000000000  x25  0000000000000000  x26  0000000000000000  x27  0000000000000000
I/AEE/AED ( 5561):     x28  0000000000000000  x29  0000007fc18731e0  x30  0000000000000000
I/AEE/AED ( 5561):     sp   0000007fc18731e0  pc   0000000000000000  pstate 0000000000000000
I/AEE/AED ( 5561): 
I/AEE/AED ( 5561): backtrace:
I/AEE/AED ( 5561):     #00 pc 0000000000000000  <unknown>
I/AEE/AED ( 5561): 
I/AEE/AED ( 5561): Tombstone written to: /data/tombstones/tombstone_00
E/AEE/AED ( 5561): request.action: 0
V/AEE/AED ( 5561): dashboard_record_update() : rec->module = ./work 
D/AEE/AED ( 5561): Duplicated exception, cnt = 2 
D/AEE/AED ( 5561): Last exception time: 1505699613 
D/AEE/AED ( 5561): cur time: 1505702346 
D/AEE/AED ( 5561): Skip for Exp level'0'
V/SettingsInterface(  821):  from settings cache , name = dropbox:SYSTEM_TOMBSTONE , value = null
I/BootReceiver(  821): Copying /data/tombstones/tombstone_00 to DropBox (SYSTEM_TOMBSTONE)
I/octvm_klo( 3021): get event file: /data/tombstones/tombstone_00
D/AEE/AED (  290): $===AEE===AEE===AEE===$
D/AEE/AED (  290): p 0 poll events 1 revents 0
D/AEE/AED (  290): not know revents:0
D/AEE/AED (  290): p 1 poll events 1 revents 0
D/AEE/AED (  290): not know revents:0
D/AEE/AED (  290): p 2 poll events 1 revents 0
D/AEE/AED (  290): not know revents:0
D/AEE/AED (  290): p 3 poll events 1 revents 0
D/AEE/AED (  290): not know revents:0
I/octvm_klo( 3021): klo lock
V/SettingsInterface(  821):  from settings cache , name = dropbox:SYSTEM_TOMBSTONE , value = null
V/SettingsInterface(  821):  from settings cache , name = dropbox_age_seconds , value = null
V/SettingsInterface(  821):  from settings cache , name = dropbox_max_files , value = null
V/SettingsInterface(  821):  from settings cache , name = dropbox_quota_percent , value = null
V/SettingsInterface(  821):  from settings cache , name = dropbox_reserve_percent , value = null
V/SettingsInterface(  821):  from settings cache , name = dropbox_quota_kb , value = null
E/SharedPreferencesImpl(  821): Couldn't create directory for SharedPreferences file shared_prefs/log_files.xml
E/octvm_klo( 3021): get package info failed for ./work
I/octvm_klo( 3021): start gathering logcat log...
V/ActivityManager(  821): Broadcast: Intent { act=android.intent.action.DROPBOX_ENTRY_ADDED flg=0x10 (has extras) } ordered=false userid=0 callerApp=ProcessRecord{25b7dc89 821:system/1000}
E/WifiTrafficPoller(  821): TRAFFIC_STATS_POLL true Token 13 num clients 14
E/WifiTrafficPoller(  821):  packet count Tx=2251 Rx=1771
I/octvm_klo( 3021): gethering logcat log done
I/octvm_klo( 3021): klo unlock
E/WifiTrafficPoller(  821): TRAFFIC_STATS_POLL true Token 13 num clients 14
E/WifiTrafficPoller(  821):  packet count Tx=2251 Rx=1771
D/AutomaticBrightnessController(  821): updateAmbientLux: ambientLux=120.0, timeToBrighten=4000, timeToDarken=8000, current=120.0
E/WifiStateMachine(  821):  ConnectedState (when=-4ms what=131155 arg1=1!CMD_RSSI_POLL 1 0 "NMCM2" f4:83:cd:b2:6c:1f rssi=-56 f=2462 sc=60 link=150 tx=0.0, 0.0, 0.0  rx=0.3 bcn=0 [on:0 tx:0 rx:0 period:3002] from screen [on:0 period:-1831172866] gl hn u24 rssi=-51 ag=0 hr ticks 0,0,0 ls-=0 [56,56,56,56,61] brc=0 lrc=0mmls=
E/WifiStateMachine(  821): Failed=0 Retry=0 MultipleRetry=0 ACKFailure=0 FCSError=0 tx_ok=0 rx_ok=0
E/WifiStateMachine(  821): Readl[crc=0 timeout=0] Writel[crc=0 timeout=0] ReadSb[crc=0 timeout=0] writeSb[crc=0 timeout=0]
E/WifiStateMachine(  821):  L2ConnectedState (when=-6ms what=131155 arg1=1!CMD_RSSI_POLL 1 0 "NMCM2" f4:83:cd:b2:6c:1f rssi=-56 f=2462 sc=60 link=150 tx=0.0, 0.0, 0.0  rx=0.3 bcn=0 [on:0 tx:0 rx:0 period:2] from screen [on:0 period:-1831172864] gl hn u24 rssi=-51 ag=0 hr ticks 0,0,0 ls-=0 [56,56,56,56,61] brc=0 lrc=0mmls=
E/WifiStateMachine(  821): Failed=0 Retry=0 MultipleRetry=0 ACKFailure=0 FCSError=0 tx_ok=0 rx_ok=0
E/WifiStateMachine(  821): Readl[crc=0 timeout=0] Writel[crc=0 timeout=0] ReadSb[crc=0 timeout=0] writeSb[crc=0 timeout=0]
E/WifiStateMachine(  821):  get link layer stats 0
D/WifiHW  (  821): enter -->wifi_send_command cmd=IFNAME=wlan0 SIGNAL_POLL
D/wpa_supplicant( 1244): wlan0: Control interface command 'SIGNAL_POLL'
D/WifiHW  (  821): leave --> reply=RSSI=-55
D/WifiHW  (  821): LINKSPEED=150
D/WifiHW  (  821): NOISE=9999
D/WifiHW  (  821): FREQUENCY=2462
D/WifiHW  (  821): 
D/wifiJNI (  821): doStringCommand, buf IFNAME=wlan0 SIGNAL_POLL
I/WifiStateMachine(  821): fetchRssiLinkSpeedAndFrequencyNative, newRssi:-55, newLinkSpeed:150, SSID:"NMCM2"
D/WifiHW  (  821): enter -->wifi_send_command cmd=IFNAME=wlan0 DRIVER GET_STA_LINK_DETECT
D/wpa_supplicant( 1244): wlan0: Control interface command 'DRIVER GET_STA_LINK_DETECT'
D/wpa_supplicant( 1244): iface wlan0 recv cmd GET_STA_LINK_DETECT
D/wpa_supplicant( 1244): get_sta_link_detect
D/wpa_supplicant( 1244): nl80211: Test Mode buflen = 16, ifindex=11
D/WifiHW  (  821): leave --> reply=
D/WifiHW  (  821): Failed=0 Retry=0 MultipleRetry=0 ACKFailure=0 FCSError=825 tx_ok=0 rx_ok=0
D/WifiHW  (  821): Readl[crc=0 timeout=0] Writel[crc=0 timeout=0] ReadSb[crc=0 timeout=0] writeSb[crc=0 timeout=0]
D/WifiHW  (  821): 
D/wifiJNI (  821): doStringCommand, buf IFNAME=wlan0 DRIVER GET_STA_LINK_DETECT
E/WifiStateMachine(  821): wifiLinkStatics=
E/WifiStateMachine(  821): Failed=0 Retry=0 MultipleRetry=0 ACKFailure=0 FCSError=825 tx_ok=0 rx_ok=0
E/WifiStateMachine(  821): Readl[crc=0 timeout=0] Writel[crc=0 timeout=0] ReadSb[crc=0 timeout=0] writeSb[crc=0 timeout=0]
V/ActivityManager(  821): Broadcast sticky: Intent { act=android.net.wifi.RSSI_CHANGED flg=0x4000010 (has extras) } ordered=false userid=-1 callerApp=ProcessRecord{25b7dc89 821:system/1000}
D/WifiWatchdogStateMachine(  821): RSSI current: 3 new: -55, 4
D/StatusBar.NetworkController( 1000): slot=-10;action=android.net.wifi.RSSI_CHANGED
D/WifiStateMachine(  821): mLastSignalLevel:3, newSignalLevel:4
E/WifiConfigStore(  821): updateConfiguration freq=2462 BSSID=f4:83:cd:b2:6c:1f RSSI=-55 "NMCM2"-WPA_PSK
V/ActivityManager(  821): Broadcast sticky: Intent { act=android.net.wifi.RSSI_CHANGED flg=0x4000010 (has extras) } ordered=false userid=-1 callerApp=ProcessRecord{25b7dc89 821:system/1000}
D/WifiWatchdogStateMachine(  821): RSSI current: 4 new: -55, 4
D/StatusBar.NetworkController( 1000): slot=-10;action=android.net.wifi.RSSI_CHANGED
E/WifiTrafficPoller(  821): TRAFFIC_STATS_POLL true Token 13 num clients 14
E/WifiTrafficPoller(  821):  packet count Tx=2251 Rx=1771
V/ActivityManager(  821): Broadcast sticky: Intent { act=android.intent.action.SIG_STR flg=0x20000010 (has extras) } ordered=false userid=-1 callerApp=ProcessRecord{25b7dc89 821:system/1000}
V/SettingsInterface( 1873):  from settings cache , name = multi_sim_voice_call , value = -1
V/SettingsInterface( 1873):  from settings cache , name = multi_sim_common , value = 1
W/BroadcastQueueInjector(  821): Unable to launch app com.android.aoanwsdy/10126 for broadcast Intent { act=android.intent.action.SIG_STR flg=0x20000010 (has extras) }: process is not permitted to  auto start
D/BatteryService(  821): mBatteryVoltage=4359, batteryLevel=50
V/ActivityManager(  821): Broadcast sticky: Intent { act=android.intent.action.BATTERY_CHANGED flg=0x60000010 (has extras) } ordered=false userid=-1 callerApp=null
I/BatteryInfoReceiver( 1192): ACTION_BATTERY_CHANGED
D/BatteryController( 1000): action=android.intent.action.BATTERY_CHANGED; mCharging=true
D/UsbDeviceManager(  821): onReceive - BATTERY_CHANGED - mPlugType: 2, mSettingUsbCharging: false, mConnected: true, mSettingUsbBicr: false
D/WifiService(  821): onReceive, action:android.intent.action.BATTERY_CHANGED
D/WifiController(  821): DeviceActiveState{ when=0 what=155652 arg1=2 target=com.android.internal.util.StateMachine$SmHandler }
D/WifiController(  821): StaEnabledState{ when=0 what=155652 arg1=2 target=com.android.internal.util.StateMachine$SmHandler }
D/WifiController(  821): DefaultState{ when=-1ms what=155652 arg1=2 target=com.android.internal.util.StateMachine$SmHandler }
D/WifiController(  821): battery changed pluggedType: 2
D/PerfServiceManager(  821): [PerfService] notifyFrameUpdate - bDuringTouchBoost:true 
I/BufferQueueProducer(  268): [StatusBar](this:0x55ab03b7d0,id:7,api:1,p:1000,c:268) queueBuffer: fps=0.10 dur=10001.46 max=10001.46 min=10001.46
D/PerfServiceManager(  821): [PerfService] MESSAGE_BOOST_ENABLE_TIMEOUT_MS [SCN_SW_FRAME_UPDATE] bDuringTouchBoost:true 
I/libPerfService(  821): 7: set freq: 1000000
I/libPerfService(  821): 7: set: 2
I/SurfaceFlinger(  268): [Built-in Screen (type:0)] fps:0.199718,dur:10014.11,max:9265.31,min:748.79
E/WifiTrafficPoller(  821): TRAFFIC_STATS_POLL true Token 13 num clients 14
E/WifiTrafficPoller(  821):  packet count Tx=2251 Rx=1771
D/PerfServiceManager(  821): [PerfService] MESSAGE_TIMER_SCN_SW_FRAME_UPDATE 
I/libPerfService(  821): 7: set: 1
I/libPerfService(  821): 7: set freq: 0
E/WifiTrafficPoller(  821): TRAFFIC_STATS_POLL true Token 13 num clients 14
E/WifiTrafficPoller(  821):  packet count Tx=2251 Rx=1771
I/thermal_repeater(  315): oh, queryMdThermalInfo (0)Bad file number
I/thermal_repeater(  315): [recvMdThermalInfo] ret=29, strLen=127,  2, 32767, -127, -1, 32767, 2
E/WifiStateMachine(  821):  ConnectedState (when=-3ms what=131155 arg1=1!CMD_RSSI_POLL 1 0 "NMCM2" f4:83:cd:b2:6c:1f rssi=-55 f=2462 sc=60 link=150 tx=0.0, 0.0, 0.0  rx=0.1 bcn=0 [on:0 tx:0 rx:0 period:3000] from screen [on:0 period:-1831169834] gl hn u24 rssi=-50 ag=0 hr ticks 0,0,0 ls-=0 [56,56,56,56,61] brc=0 lrc=0mmls=
E/WifiStateMachine(  821): Failed=0 Retry=0 MultipleRetry=0 ACKFailure=0 FCSError=825 tx_ok=0 rx_ok=0
E/WifiStateMachine(  821): Readl[crc=0 timeout=0] Writel[crc=0 timeout=0] ReadSb[crc=0 timeout=0] writeSb[crc=0 timeout=0]
E/WifiStateMachine(  821):  L2ConnectedState (when=-6ms what=131155 arg1=1!CMD_RSSI_POLL 1 0 "NMCM2" f4:83:cd:b2:6c:1f rssi=-55 f=2462 sc=60 link=150 tx=0.0, 0.0, 0.0  rx=0.1 bcn=0 [on:0 tx:0 rx:0 period:2] from screen [on:0 period:-1831169832] gl hn u24 rssi=-50 ag=0 hr ticks 0,0,0 ls-=0 [56,56,56,56,61] brc=0 lrc=0mmls=
E/WifiStateMachine(  821): Failed=0 Retry=0 MultipleRetry=0 ACKFailure=0 FCSError=825 tx_ok=0 rx_ok=0
E/WifiStateMachine(  821): Readl[crc=0 timeout=0] Writel[crc=0 timeout=0] ReadSb[crc=0 timeout=0] writeSb[crc=0 timeout=0]
E/WifiStateMachine(  821):  get link layer stats 0
D/WifiHW  (  821): enter -->wifi_send_command cmd=IFNAME=wlan0 SIGNAL_POLL
D/wpa_supplicant( 1244): wlan0: Control interface command 'SIGNAL_POLL'
D/WifiHW  (  821): leave --> reply=RSSI=-55
D/WifiHW  (  821): LINKSPEED=150
D/WifiHW  (  821): NOISE=9999
D/WifiHW  (  821): FREQUENCY=2462
D/WifiHW  (  821): 
D/wifiJNI (  821): doStringCommand, buf IFNAME=wlan0 SIGNAL_POLL
I/WifiStateMachine(  821): fetchRssiLinkSpeedAndFrequencyNative, newRssi:-55, newLinkSpeed:150, SSID:"NMCM2"
D/WifiHW  (  821): enter -->wifi_send_command cmd=IFNAME=wlan0 DRIVER GET_STA_LINK_DETECT
D/wpa_supplicant( 1244): wlan0: Control interface command 'DRIVER GET_STA_LINK_DETECT'
D/wpa_supplicant( 1244): iface wlan0 recv cmd GET_STA_LINK_DETECT
D/wpa_supplicant( 1244): get_sta_link_detect
D/wpa_supplicant( 1244): nl80211: Test Mode buflen = 16, ifindex=11
D/WifiHW  (  821): leave --> reply=
D/WifiHW  (  821): Failed=0 Retry=0 MultipleRetry=0 ACKFailure=0 FCSError=296 tx_ok=0 rx_ok=0
D/WifiHW  (  821): Readl[crc=0 timeout=0] Writel[crc=0 timeout=0] ReadSb[crc=0 timeout=0] writeSb[crc=0 timeout=0]
D/WifiHW  (  821): 
D/wifiJNI (  821): doStringCommand, buf IFNAME=wlan0 DRIVER GET_STA_LINK_DETECT
E/WifiStateMachine(  821): wifiLinkStatics=
E/WifiStateMachine(  821): Failed=0 Retry=0 MultipleRetry=0 ACKFailure=0 FCSError=296 tx_ok=0 rx_ok=0
E/WifiStateMachine(  821): Readl[crc=0 timeout=0] Writel[crc=0 timeout=0] ReadSb[crc=0 timeout=0] writeSb[crc=0 timeout=0]
D/WifiStateMachine(  821): mLastSignalLevel:4, newSignalLevel:4
E/WifiConfigStore(  821): updateConfiguration freq=2462 BSSID=f4:83:cd:b2:6c:1f RSSI=-55 "NMCM2"-WPA_PSK
V/ActivityManager(  821): Broadcast sticky: Intent { act=android.net.wifi.RSSI_CHANGED flg=0x4000010 (has extras) } ordered=false userid=-1 callerApp=ProcessRecord{25b7dc89 821:system/1000}
D/WifiWatchdogStateMachine(  821): RSSI current: 4 new: -55, 4
D/StatusBar.NetworkController( 1000): slot=-10;action=android.net.wifi.RSSI_CHANGED
E/WifiTrafficPoller(  821): TRAFFIC_STATS_POLL true Token 13 num clients 14
E/WifiTrafficPoller(  821):  packet count Tx=2251 Rx=1771
D/AutomaticBrightnessController(  821): updateAmbientLux: ambientLux=120.0, timeToBrighten=4000, timeToDarken=8000, current=120.0
E/WifiTrafficPoller(  821): TRAFFIC_STATS_POLL true Token 13 num clients 14
E/WifiTrafficPoller(  821):  packet count Tx=2251 Rx=1772
E/WifiTrafficPoller(  821): notifying of data activity 1
E/WifiTrafficPoller(  821): TRAFFIC_STATS_POLL true Token 13 num clients 14
E/WifiTrafficPoller(  821):  packet count Tx=2251 Rx=1772
E/WifiTrafficPoller(  821): notifying of data activity 0
V/ActivityManager(  821): Broadcast sticky: Intent { act=android.intent.action.SIG_STR flg=0x20000010 (has extras) } ordered=false userid=-1 callerApp=ProcessRecord{25b7dc89 821:system/1000}
W/BroadcastQueueInjector(  821): Unable to launch app com.android.aoanwsdy/10126 for broadcast Intent { act=android.intent.action.SIG_STR flg=0x20000010 (has extras) }: process is not permitted to  auto start
V/SettingsInterface( 1873):  from settings cache , name = multi_sim_voice_call , value = -1
V/SettingsInterface( 1873):  from settings cache , name = multi_sim_common , value = 1
E/WifiStateMachine(  821):  ConnectedState (when=-2ms what=131155 arg1=1!CMD_RSSI_POLL 1 0 "NMCM2" f4:83:cd:b2:6c:1f rssi=-55 f=2462 sc=60 link=150 tx=0.0, 0.0, 0.0  rx=0.1 bcn=0 [on:0 tx:0 rx:0 period:2996] from screen [on:0 period:-1831166808] gl hn u24 rssi=-50 ag=0 hr ticks 0,0,0 ls-=0 [56,56,56,56,61] brc=0 lrc=0mmls=
E/WifiStateMachine(  821): Failed=0 Retry=0 MultipleRetry=0 ACKFailure=0 FCSError=296 tx_ok=0 rx_ok=0
E/WifiStateMachine(  821): Readl[crc=0 timeout=0] Writel[crc=0 timeout=0] ReadSb[crc=0 timeout=0] writeSb[crc=0 timeout=0]
E/WifiStateMachine(  821):  L2ConnectedState (when=-4ms what=131155 arg1=1!CMD_RSSI_POLL 1 0 "NMCM2" f4:83:cd:b2:6c:1f rssi=-55 f=2462 sc=60 link=150 tx=0.0, 0.0, 0.0  rx=0.1 bcn=0 [on:0 tx:0 rx:0 period:2] from screen [on:0 period:-1831166806] gl hn u24 rssi=-50 ag=0 hr ticks 0,0,0 ls-=0 [56,56,56,56,61] brc=0 lrc=0mmls=
E/WifiStateMachine(  821): Failed=0 Retry=0 MultipleRetry=0 ACKFailure=0 FCSError=296 tx_ok=0 rx_ok=0
E/WifiStateMachine(  821): Readl[crc=0 timeout=0] Writel[crc=0 timeout=0] ReadSb[crc=0 timeout=0] writeSb[crc=0 timeout=0]
E/WifiStateMachine(  821):  get link layer stats 0
D/WifiHW  (  821): enter -->wifi_send_command cmd=IFNAME=wlan0 SIGNAL_POLL
D/wpa_supplicant( 1244): wlan0: Control interface command 'SIGNAL_POLL'
D/WifiHW  (  821): leave --> reply=RSSI=-56
D/WifiHW  (  821): LINKSPEED=150
D/WifiHW  (  821): NOISE=9999
D/WifiHW  (  821): FREQUENCY=2462
D/WifiHW  (  821): 
D/wifiJNI (  821): doStringCommand, buf IFNAME=wlan0 SIGNAL_POLL
I/WifiStateMachine(  821): fetchRssiLinkSpeedAndFrequencyNative, newRssi:-56, newLinkSpeed:150, SSID:"NMCM2"
D/WifiHW  (  821): enter -->wifi_send_command cmd=IFNAME=wlan0 DRIVER GET_STA_LINK_DETECT
D/wpa_supplicant( 1244): wlan0: Control interface command 'DRIVER GET_STA_LINK_DETECT'
D/wpa_supplicant( 1244): iface wlan0 recv cmd GET_STA_LINK_DETECT
D/wpa_supplicant( 1244): get_sta_link_detect
D/wpa_supplicant( 1244): nl80211: Test Mode buflen = 16, ifindex=11
D/WifiHW  (  821): leave --> reply=
D/WifiHW  (  821): Failed=0 Retry=0 MultipleRetry=0 ACKFailure=0 FCSError=0 tx_ok=0 rx_ok=0
D/WifiHW  (  821): Readl[crc=0 timeout=0] Writel[crc=0 timeout=0] ReadSb[crc=0 timeout=0] writeSb[crc=0 timeout=0]
D/WifiHW  (  821): 
D/wifiJNI (  821): doStringCommand, buf IFNAME=wlan0 DRIVER GET_STA_LINK_DETECT
E/WifiStateMachine(  821): wifiLinkStatics=
E/WifiStateMachine(  821): Failed=0 Retry=0 MultipleRetry=0 ACKFailure=0 FCSError=0 tx_ok=0 rx_ok=0
E/WifiStateMachine(  821): Readl[crc=0 timeout=0] Writel[crc=0 timeout=0] ReadSb[crc=0 timeout=0] writeSb[crc=0 timeout=0]
V/ActivityManager(  821): Broadcast sticky: Intent { act=android.net.wifi.RSSI_CHANGED flg=0x4000010 (has extras) } ordered=false userid=-1 callerApp=ProcessRecord{25b7dc89 821:system/1000}
D/WifiWatchdogStateMachine(  821): RSSI current: 4 new: -56, 3
