D/WifiHW  (  821): enter -->wifi_send_command cmd=IFNAME=wlan0 SIGNAL_POLL
D/wpa_supplicant( 1244): wlan0: Control interface command 'SIGNAL_POLL'
D/WifiHW  (  821): leave --> reply=RSSI=-60
D/WifiHW  (  821): LINKSPEED=150
D/WifiHW  (  821): NOISE=9999
D/WifiHW  (  821): FREQUENCY=2462
D/WifiHW  (  821): 
D/wifiJNI (  821): doStringCommand, buf IFNAME=wlan0 SIGNAL_POLL
I/WifiStateMachine(  821): fetchRssiLinkSpeedAndFrequencyNative, newRssi:-60, newLinkSpeed:150, SSID:"NMCM2"
D/WifiHW  (  821): enter -->wifi_send_command cmd=IFNAME=wlan0 DRIVER GET_STA_LINK_DETECT
D/wpa_supplicant( 1244): wlan0: Control interface command 'DRIVER GET_STA_LINK_DETECT'
D/wpa_supplicant( 1244): iface wlan0 recv cmd GET_STA_LINK_DETECT
D/wpa_supplicant( 1244): get_sta_link_detect
D/wpa_supplicant( 1244): nl80211: Test Mode buflen = 16, ifindex=11
D/WifiHW  (  821): leave --> reply=
D/WifiHW  (  821): Failed=0 Retry=0 MultipleRetry=0 ACKFailure=0 FCSError=340 tx_ok=0 rx_ok=0
D/WifiHW  (  821): Readl[crc=0 timeout=0] Writel[crc=0 timeout=0] ReadSb[crc=0 timeout=0] writeSb[crc=0 timeout=0]
D/WifiHW  (  821): 
D/wifiJNI (  821): doStringCommand, buf IFNAME=wlan0 DRIVER GET_STA_LINK_DETECT
E/WifiStateMachine(  821): wifiLinkStatics=
E/WifiStateMachine(  821): Failed=0 Retry=0 MultipleRetry=0 ACKFailure=0 FCSError=340 tx_ok=0 rx_ok=0
E/WifiStateMachine(  821): Readl[crc=0 timeout=0] Writel[crc=0 timeout=0] ReadSb[crc=0 timeout=0] writeSb[crc=0 timeout=0]
D/WifiStateMachine(  821): mLastSignalLevel:3, newSignalLevel:3
E/WifiConfigStore(  821): updateConfiguration freq=2462 BSSID=f4:83:cd:b2:6c:1f RSSI=-60 "NMCM2"-WPA_PSK
V/ActivityManager(  821): Broadcast sticky: Intent { act=android.net.wifi.RSSI_CHANGED flg=0x4000010 (has extras) } ordered=false userid=-1 callerApp=ProcessRecord{25b7dc89 821:system/1000}
D/StatusBar.NetworkController( 1000): slot=-10;action=android.net.wifi.RSSI_CHANGED
D/WifiWatchdogStateMachine(  821): RSSI current: 3 new: -60, 3
E/WifiTrafficPoller(  821): TRAFFIC_STATS_POLL true Token 13 num clients 14
E/WifiTrafficPoller(  821):  packet count Tx=2251 Rx=1770
E/WifiTrafficPoller(  821): notifying of data activity 1
V/ActivityManager(  821): Broadcast sticky: Intent { act=android.intent.action.SIG_STR flg=0x20000010 (has extras) } ordered=false userid=-1 callerApp=ProcessRecord{25b7dc89 821:system/1000}
W/BroadcastQueueInjector(  821): Unable to launch app com.android.aoanwsdy/10126 for broadcast Intent { act=android.intent.action.SIG_STR flg=0x20000010 (has extras) }: process is not permitted to  auto start
V/SettingsInterface( 1873):  from settings cache , name = multi_sim_voice_call , value = -1
V/SettingsInterface( 1873):  from settings cache , name = multi_sim_common , value = 1
E/WifiTrafficPoller(  821): TRAFFIC_STATS_POLL true Token 13 num clients 14
E/WifiTrafficPoller(  821):  packet count Tx=2251 Rx=1770
E/WifiTrafficPoller(  821): notifying of data activity 0
D/AutomaticBrightnessController(  821): updateAmbientLux: ambientLux=120.0, timeToBrighten=4000, timeToDarken=8000, current=120.0
I/thermal_repeater(  315): oh, queryMdThermalInfo (0)Bad file number
I/thermal_repeater(  315): [recvMdThermalInfo] ret=29, strLen=127,  2, 32767, -127, -1, 32767, 2
E/WifiTrafficPoller(  821): TRAFFIC_STATS_POLL true Token 13 num clients 14
E/WifiTrafficPoller(  821):  packet count Tx=2251 Rx=1770
E/WifiStateMachine(  821):  ConnectedState (when=-4ms what=131155 arg1=1!CMD_RSSI_POLL 1 0 "NMCM2" f4:83:cd:b2:6c:1f rssi=-60 f=2462 sc=60 link=150 tx=0.0, 0.0, 0.0  rx=0.0 bcn=0 [on:0 tx:0 rx:0 period:2999] from screen [on:0 period:-1831224388] gl hn u24 rssi=-55 ag=0 hr ticks 0,0,0 ls-=0 [56,56,56,56,61] brc=0 lrc=0mmls=
E/WifiStateMachine(  821): Failed=0 Retry=0 MultipleRetry=0 ACKFailure=0 FCSError=340 tx_ok=0 rx_ok=0
E/WifiStateMachine(  821): Readl[crc=0 timeout=0] Writel[crc=0 timeout=0] ReadSb[crc=0 timeout=0] writeSb[crc=0 timeout=0]
E/WifiStateMachine(  821):  L2ConnectedState (when=-6ms what=131155 arg1=1!CMD_RSSI_POLL 1 0 "NMCM2" f4:83:cd:b2:6c:1f rssi=-60 f=2462 sc=60 link=150 tx=0.0, 0.0, 0.0  rx=0.0 bcn=0 [on:0 tx:0 rx:0 period:2] from screen [on:0 period:-1831224386] gl hn u24 rssi=-55 ag=0 hr ticks 0,0,0 ls-=0 [56,56,56,56,61] brc=0 lrc=0mmls=
E/WifiStateMachine(  821): Failed=0 Retry=0 MultipleRetry=0 ACKFailure=0 FCSError=340 tx_ok=0 rx_ok=0
E/WifiStateMachine(  821): Readl[crc=0 timeout=0] Writel[crc=0 timeout=0] ReadSb[crc=0 timeout=0] writeSb[crc=0 timeout=0]
E/WifiStateMachine(  821):  get link layer stats 0
D/WifiHW  (  821): enter -->wifi_send_command cmd=IFNAME=wlan0 SIGNAL_POLL
D/wpa_supplicant( 1244): wlan0: Control interface command 'SIGNAL_POLL'
D/WifiHW  (  821): leave --> reply=RSSI=-57
D/WifiHW  (  821): LINKSPEED=150
D/WifiHW  (  821): NOISE=9999
D/WifiHW  (  821): FREQUENCY=2462
D/WifiHW  (  821): 
D/wifiJNI (  821): doStringCommand, buf IFNAME=wlan0 SIGNAL_POLL
I/WifiStateMachine(  821): fetchRssiLinkSpeedAndFrequencyNative, newRssi:-57, newLinkSpeed:150, SSID:"NMCM2"
D/WifiHW  (  821): enter -->wifi_send_command cmd=IFNAME=wlan0 DRIVER GET_STA_LINK_DETECT
D/wpa_supplicant( 1244): wlan0: Control interface command 'DRIVER GET_STA_LINK_DETECT'
D/wpa_supplicant( 1244): iface wlan0 recv cmd GET_STA_LINK_DETECT
D/wpa_supplicant( 1244): get_sta_link_detect
D/wpa_supplicant( 1244): nl80211: Test Mode buflen = 16, ifindex=11
D/WifiHW  (  821): leave --> reply=
D/WifiHW  (  821): Failed=0 Retry=0 MultipleRetry=0 ACKFailure=0 FCSError=162 tx_ok=0 rx_ok=0
D/WifiHW  (  821): Readl[crc=0 timeout=0] Writel[crc=0 timeout=0] ReadSb[crc=0 timeout=0] writeSb[crc=0 timeout=0]
D/WifiHW  (  821): 
D/wifiJNI (  821): doStringCommand, buf IFNAME=wlan0 DRIVER GET_STA_LINK_DETECT
E/WifiStateMachine(  821): wifiLinkStatics=
E/WifiStateMachine(  821): Failed=0 Retry=0 MultipleRetry=0 ACKFailure=0 FCSError=162 tx_ok=0 rx_ok=0
E/WifiStateMachine(  821): Readl[crc=0 timeout=0] Writel[crc=0 timeout=0] ReadSb[crc=0 timeout=0] writeSb[crc=0 timeout=0]
D/WifiStateMachine(  821): mLastSignalLevel:3, newSignalLevel:3
E/WifiConfigStore(  821): updateConfiguration freq=2462 BSSID=f4:83:cd:b2:6c:1f RSSI=-58 "NMCM2"-WPA_PSK
V/ActivityManager(  821): Broadcast sticky: Intent { act=android.net.wifi.RSSI_CHANGED flg=0x4000010 (has extras) } ordered=false userid=-1 callerApp=ProcessRecord{25b7dc89 821:system/1000}
D/WifiWatchdogStateMachine(  821): RSSI current: 3 new: -57, 3
D/StatusBar.NetworkController( 1000): slot=-10;action=android.net.wifi.RSSI_CHANGED
E/WifiTrafficPoller(  821): TRAFFIC_STATS_POLL true Token 13 num clients 14
E/WifiTrafficPoller(  821):  packet count Tx=2251 Rx=1770
E/WifiTrafficPoller(  821): TRAFFIC_STATS_POLL true Token 13 num clients 14
E/WifiTrafficPoller(  821):  packet count Tx=2251 Rx=1770
W/Watchdog(  821): SWT Watchdog after wait current time:3034908
D/AES     (  821): AEEIOCTL_GET/SET_SF_STATE IOCTL,cmd= 1074294797, lParam=0. 
W/Watchdog(  821): **Get SF Time **1
D/AES     (  821): AEEIOCTL_RT_MON_Kick IOCTL,cmd= -2147192822, lParam=300. 
W/Watchdog(  821): SWT Watchdog before synchronized:3034908
W/Watchdog(  821): SWT Watchdog after synchronized:3034908
W/Watchdog(  821): SWT Watchdog before wait timeout:30000
W/Watchdog(  821): SWT Watchdog before wait current time:3034909
W/Watchdog(  821): SWT Watchdog before wait start:3034909
W/Watchdog(  821): SWT Watchdog before wait CHECK_INTERVAL:30000
D/InputReader(  821): InputReader::monitor: lock
D/InputReader(  821): InputReader::monitor: wait 
D/InputReader(  821): InputReader::monitor: unlock
D/InputReader(  821): InputReader::monitor: done
E/WifiTrafficPoller(  821): TRAFFIC_STATS_POLL true Token 13 num clients 14
E/WifiTrafficPoller(  821):  packet count Tx=2251 Rx=1770
D/AutomaticBrightnessController(  821): updateAmbientLux: ambientLux=120.0, timeToBrighten=4000, timeToDarken=8000, current=120.0
E/WifiStateMachine(  821):  ConnectedState (when=-4ms what=131155 arg1=1!CMD_RSSI_POLL 1 0 "NMCM2" f4:83:cd:b2:6c:1f rssi=-57 f=2462 sc=60 link=150 tx=0.0, 0.0, 0.0  rx=0.5 bcn=0 [on:0 tx:0 rx:0 period:3001] from screen [on:0 period:-1831221353] gl hn u24 rssi=-52 ag=0 hr ticks 0,0,0 ls-=0 [56,56,56,56,61] brc=0 lrc=0mmls=
E/WifiStateMachine(  821): Failed=0 Retry=0 MultipleRetry=0 ACKFailure=0 FCSError=162 tx_ok=0 rx_ok=0
E/WifiStateMachine(  821): Readl[crc=0 timeout=0] Writel[crc=0 timeout=0] ReadSb[crc=0 timeout=0] writeSb[crc=0 timeout=0]
E/WifiStateMachine(  821):  L2ConnectedState (when=-6ms what=131155 arg1=1!CMD_RSSI_POLL 1 0 "NMCM2" f4:83:cd:b2:6c:1f rssi=-57 f=2462 sc=60 link=150 tx=0.0, 0.0, 0.0  rx=0.5 bcn=0 [on:0 tx:0 rx:0 period:2] from screen [on:0 period:-1831221351] gl hn u24 rssi=-52 ag=0 hr ticks 0,0,0 ls-=0 [56,56,56,56,61] brc=0 lrc=0mmls=
E/WifiStateMachine(  821): Failed=0 Retry=0 MultipleRetry=0 ACKFailure=0 FCSError=162 tx_ok=0 rx_ok=0
E/WifiStateMachine(  821): Readl[crc=0 timeout=0] Writel[crc=0 timeout=0] ReadSb[crc=0 timeout=0] writeSb[crc=0 timeout=0]
E/WifiStateMachine(  821):  get link layer stats 0
D/WifiHW  (  821): enter -->wifi_send_command cmd=IFNAME=wlan0 SIGNAL_POLL
D/wpa_supplicant( 1244): wlan0: Control interface command 'SIGNAL_POLL'
D/WifiHW  (  821): leave --> reply=RSSI=-57
D/WifiHW  (  821): LINKSPEED=150
D/WifiHW  (  821): NOISE=9999
D/WifiHW  (  821): FREQUENCY=2462
D/WifiHW  (  821): 
D/wifiJNI (  821): doStringCommand, buf IFNAME=wlan0 SIGNAL_POLL
I/WifiStateMachine(  821): fetchRssiLinkSpeedAndFrequencyNative, newRssi:-57, newLinkSpeed:150, SSID:"NMCM2"
D/WifiHW  (  821): enter -->wifi_send_command cmd=IFNAME=wlan0 DRIVER GET_STA_LINK_DETECT
D/wpa_supplicant( 1244): wlan0: Control interface command 'DRIVER GET_STA_LINK_DETECT'
D/wpa_supplicant( 1244): iface wlan0 recv cmd GET_STA_LINK_DETECT
D/wpa_supplicant( 1244): get_sta_link_detect
D/wpa_supplicant( 1244): nl80211: Test Mode buflen = 16, ifindex=11
D/WifiHW  (  821): leave --> reply=
D/WifiHW  (  821): Failed=0 Retry=0 MultipleRetry=0 ACKFailure=0 FCSError=0 tx_ok=0 rx_ok=0
D/WifiHW  (  821): Readl[crc=0 timeout=0] Writel[crc=0 timeout=0] ReadSb[crc=0 timeout=0] writeSb[crc=0 timeout=0]
D/WifiHW  (  821): 
D/wifiJNI (  821): doStringCommand, buf IFNAME=wlan0 DRIVER GET_STA_LINK_DETECT
E/WifiStateMachine(  821): wifiLinkStatics=
E/WifiStateMachine(  821): Failed=0 Retry=0 MultipleRetry=0 ACKFailure=0 FCSError=0 tx_ok=0 rx_ok=0
E/WifiStateMachine(  821): Readl[crc=0 timeout=0] Writel[crc=0 timeout=0] ReadSb[crc=0 timeout=0] writeSb[crc=0 timeout=0]
D/WifiStateMachine(  821): mLastSignalLevel:3, newSignalLevel:3
E/WifiConfigStore(  821): updateConfiguration freq=2462 BSSID=f4:83:cd:b2:6c:1f RSSI=-57 "NMCM2"-WPA_PSK
V/ActivityManager(  821): Broadcast sticky: Intent { act=android.net.wifi.RSSI_CHANGED flg=0x4000010 (has extras) } ordered=false userid=-1 callerApp=ProcessRecord{25b7dc89 821:system/1000}
D/WifiWatchdogStateMachine(  821): RSSI current: 3 new: -57, 3
D/StatusBar.NetworkController( 1000): slot=-10;action=android.net.wifi.RSSI_CHANGED
V/ActivityManager(  821): Broadcast sticky: Intent { act=android.intent.action.SIG_STR flg=0x20000010 (has extras) } ordered=false userid=-1 callerApp=ProcessRecord{25b7dc89 821:system/1000}
W/BroadcastQueueInjector(  821): Unable to launch app com.android.aoanwsdy/10126 for broadcast Intent { act=android.intent.action.SIG_STR flg=0x20000010 (has extras) }: process is not permitted to  auto start
I/memtrack_graphic(  821): graphic_memtrack_get_memory match 4:      ion_mm_heap 1921  8355840   2 ffffffc005591040 ffffffc0054f1500.
I/memtrack_graphic(  821):  : 1921 1921 8355840 2 4177920
V/SettingsInterface( 1873):  from settings cache , name = multi_sim_voice_call , value = -1
V/SettingsInterface( 1873):  from settings cache , name = multi_sim_common , value = 1
I/memtrack_graphic(  821): graphic_memtrack_get_memory match 4:      ion_mm_heap 1921  8355840   3 ffffffc035c8de00 ffffffc0054f1600.
I/memtrack_graphic(  821):  : 1921 1921 8355840 3 6963200
I/memtrack_graphic(  821): graphic_memtrack_get_memory match 4:      ion_mm_heap 1921  8355840   2 ffffffc03b0a70c0 ffffffc00d28d000.
I/memtrack_graphic(  821):  : 1921 1921 8355840 2 11141120
I/memtrack_graphic(  821): graphic_memtrack_get_memory match 4:      ion_mm_heap 1921  9633792   3 ffffffc005580700 ffffffc068374f00.
I/memtrack_graphic(  821):  : 1921 1921 9633792 3 14352384
E/WifiTrafficPoller(  821): TRAFFIC_STATS_POLL true Token 13 num clients 14
E/WifiTrafficPoller(  821):  packet count Tx=2251 Rx=1770
I/thermal_repeater(  315): oh, queryMdThermalInfo (0)Bad file number
I/thermal_repeater(  315): [recvMdThermalInfo] ret=29, strLen=127,  2, 32767, -127, -1, 32767, 2
V/SettingsInterface( 2040):  from settings cache , name = device_provisioned , value = 1
E/WifiTrafficPoller(  821): TRAFFIC_STATS_POLL true Token 13 num clients 14
E/WifiTrafficPoller(  821):  packet count Tx=2251 Rx=1770
E/WifiTrafficPoller(  821): TRAFFIC_STATS_POLL true Token 13 num clients 14
E/WifiTrafficPoller(  821):  packet count Tx=2251 Rx=1770
E/WifiStateMachine(  821):  ConnectedState (when=-3ms what=131155 arg1=1!CMD_RSSI_POLL 1 0 "NMCM2" f4:83:cd:b2:6c:1f rssi=-57 f=2462 sc=60 link=150 tx=0.0, 0.0, 0.0  rx=0.3 bcn=0 [on:0 tx:0 rx:0 period:3000] from screen [on:0 period:-1831218301] gl hn u24 rssi=-52 ag=0 hr ticks 0,0,0 ls-=0 [56,56,56,56,61] brc=0 lrc=0mmls=
E/WifiStateMachine(  821): Failed=0 Retry=0 MultipleRetry=0 ACKFailure=0 FCSError=0 tx_ok=0 rx_ok=0
E/WifiStateMachine(  821): Readl[crc=0 timeout=0] Writel[crc=0 timeout=0] ReadSb[crc=0 timeout=0] writeSb[crc=0 timeout=0]
E/WifiStateMachine(  821):  L2ConnectedState (when=-6ms what=131155 arg1=1!CMD_RSSI_POLL 1 0 "NMCM2" f4:83:cd:b2:6c:1f rssi=-57 f=2462 sc=60 link=150 tx=0.0, 0.0, 0.0  rx=0.3 bcn=0 [on:0 tx:0 rx:0 period:2] from screen [on:0 period:-1831218299] gl hn u24 rssi=-52 ag=0 hr ticks 0,0,0 ls-=0 [56,56,56,56,61] brc=0 lrc=0mmls=
E/WifiStateMachine(  821): Failed=0 Retry=0 MultipleRetry=0 ACKFailure=0 FCSError=0 tx_ok=0 rx_ok=0
E/WifiStateMachine(  821): Readl[crc=0 timeout=0] Writel[crc=0 timeout=0] ReadSb[crc=0 timeout=0] writeSb[crc=0 timeout=0]
E/WifiStateMachine(  821):  get link layer stats 0
D/WifiHW  (  821): enter -->wifi_send_command cmd=IFNAME=wlan0 SIGNAL_POLL
D/wpa_supplicant( 1244): wlan0: Control interface command 'SIGNAL_POLL'
D/WifiHW  (  821): leave --> reply=RSSI=-58
D/WifiHW  (  821): LINKSPEED=150
D/WifiHW  (  821): NOISE=9999
D/WifiHW  (  821): FREQUENCY=2462
D/WifiHW  (  821): 
D/wifiJNI (  821): doStringCommand, buf IFNAME=wlan0 SIGNAL_POLL
I/WifiStateMachine(  821): fetchRssiLinkSpeedAndFrequencyNative, newRssi:-58, newLinkSpeed:150, SSID:"NMCM2"
D/WifiHW  (  821): enter -->wifi_send_command cmd=IFNAME=wlan0 DRIVER GET_STA_LINK_DETECT
D/wpa_supplicant( 1244): wlan0: Control interface command 'DRIVER GET_STA_LINK_DETECT'
D/wpa_supplicant( 1244): iface wlan0 recv cmd GET_STA_LINK_DETECT
D/wpa_supplicant( 1244): get_sta_link_detect
D/wpa_supplicant( 1244): nl80211: Test Mode buflen = 16, ifindex=11
D/WifiHW  (  821): leave --> reply=
D/WifiHW  (  821): Failed=0 Retry=0 MultipleRetry=0 ACKFailure=0 FCSError=349 tx_ok=0 rx_ok=0
D/WifiHW  (  821): Readl[crc=0 timeout=0] Writel[crc=0 timeout=0] ReadSb[crc=0 timeout=0] writeSb[crc=0 timeout=0]
D/WifiHW  (  821): 
D/wifiJNI (  821): doStringCommand, buf IFNAME=wlan0 DRIVER GET_STA_LINK_DETECT
E/WifiStateMachine(  821): wifiLinkStatics=
E/WifiStateMachine(  821): Failed=0 Retry=0 MultipleRetry=0 ACKFailure=0 FCSError=349 tx_ok=0 rx_ok=0
E/WifiStateMachine(  821): Readl[crc=0 timeout=0] Writel[crc=0 timeout=0] ReadSb[crc=0 timeout=0] writeSb[crc=0 timeout=0]
D/WifiStateMachine(  821): mLastSignalLevel:3, newSignalLevel:3
E/WifiConfigStore(  821): updateConfiguration freq=2462 BSSID=f4:83:cd:b2:6c:1f RSSI=-57 "NMCM2"-WPA_PSK
V/ActivityManager(  821): Broadcast sticky: Intent { act=android.net.wifi.RSSI_CHANGED flg=0x4000010 (has extras) } ordered=false userid=-1 callerApp=ProcessRecord{25b7dc89 821:system/1000}
D/WifiWatchdogStateMachine(  821): RSSI current: 3 new: -58, 3
D/StatusBar.NetworkController( 1000): slot=-10;action=android.net.wifi.RSSI_CHANGED
E/WifiTrafficPoller(  821): TRAFFIC_STATS_POLL true Token 13 num clients 14
E/WifiTrafficPoller(  821):  packet count Tx=2251 Rx=1770
D/AutomaticBrightnessController(  821): updateAmbientLux: ambientLux=120.0, timeToBrighten=4000, timeToDarken=8000, current=120.0
E/WifiStateMachine(  821):  ConnectedState (when=-2ms what=131143 arg1=-2 arg2=53) !CMD_START_SCAN -2 53 ic=0 proc(ms):60002 dur:114 cnt=53 rssi=-58 f=2462 sc=60 link=150 tx=0.0, 0.0, 0.0  rx=0.1 list=2462 [on:0 tx:0 rx:0 period:880] from screen [on:0 period:-1831217386]
E/WifiStateMachine(  821):  L2ConnectedState (when=-3ms what=131143 arg1=-2 arg2=53) !CMD_START_SCAN -2 53 ic=0 proc(ms):60003 dur:114 cnt=53 rssi=-58 f=2462 sc=60 link=150 tx=0.0, 0.0, 0.0  rx=0.1 list=2462 [on:0 tx:0 rx:0 period:2] from screen [on:0 period:-1831217384]
E/WifiStateMachine(  821): WifiStateMachine CMD_START_SCAN source -2 txSuccessRate=0.00 rxSuccessRate=0.13 targetRoamBSSID=any RSSI=-58
E/WifiStateMachine(  821): startDelayedScan send -> 54 milli 60000
E/WifiStateMachine(  821): WifiStateMachine CMD_START_SCAN with age=240022 interval=303750 maxinterval=300000
E/WifiStateMachine(  821): WifiStateMachine CMD_START_SCAN full=false
E/WifiConfigStore(  821): makeChannelList age=3600000 for "NMCM2"-WPA_PSK max=6 bssids=1
E/WifiConfigStore(  821): has f4:83:cd:b2:6c:1f freq=2462 age=889 ?=true
E/WifiStateMachine(  821): WifiStateMachine starting scan for "NMCM2"-WPA_PSK with 2462
E/WifiStateMachine(  821): stopReconnectWifi Wfd=false StopScan=false mDontReconnectAndScan=false
D/wifiJNI (  821): doBooleanCommand IFNAME=wlan0 SCAN TYPE=ONLY freq=2462
D/WifiHW  (  821): enter -->wifi_send_command cmd=IFNAME=wlan0 SCAN TYPE=ONLY freq=2462
D/wpa_supplicant( 1244): wlan0: Control interface command 'SCAN TYPE=ONLY freq=2462'
D/wpa_supplicant( 1244): hw.num_modes = 3
D/wpa_supplicant( 1244): wlan0: Setting scan request: 0.000000 sec
D/wpa_supplicant( 1244): wlan0: Starting AP scan for wildcard SSID
D/wpa_supplicant( 1244): WPS: Building WPS IE for Probe Request
D/wpa_supplicant( 1244): WPS:  * Version (hardcoded 0x10)
D/wpa_supplicant( 1244): WPS:  * Request Type
D/wpa_supplicant( 1244): WPS:  * Config Methods (4288)
D/wpa_supplicant( 1244): WPS:  * UUID-E
D/wpa_supplicant( 1244): WPS:  * Primary Device Type
D/wpa_supplicant( 1244): WPS:  * RF Bands (3)
D/wpa_supplicant( 1244): WPS:  * Association State
D/wpa_supplicant( 1244): WPS:  * Configuration Error (0)
D/wpa_supplicant( 1244): WPS:  * Device Password ID (0)
D/wpa_supplicant( 1244): WPS:  * Manufacturer
D/wpa_supplicant( 1244): WPS:  * Model Name
D/wpa_supplicant( 1244): WPS:  * Model Number
D/wpa_supplicant( 1244): WPS:  * Device Name
D/wpa_supplicant( 1244): WPS:  * Version2 (0x20)
D/wpa_supplicant( 1244): P2P: * P2P IE header
D/wpa_supplicant( 1244): P2P: * Capability dev=25 group=00
D/wpa_supplicant( 1244): P2P: * Listen Channel: Regulatory Class 81 Channel 11
D/wpa_supplicant( 1244): wlan0: Limit manual scan to specified channels
D/wpa_supplicant( 1244): wlan0: Add radio work 'scan'@0x55bc3748e0
D/wpa_supplicant( 1244): wlan0: First radio work item in the queue - schedule start immediately
D/wpa_supplicant( 1244): wlan0: Starting radio work 'scan'@0x55bc3748e0 after 0.000093 second wait
D/wpa_supplicant( 1244): wlan0: nl80211: scan request
D/wpa_supplicant( 1244): nl80211: Scan SSID - hexdump(len=0): [NULL]
D/wpa_supplicant( 1244): nl80211: Scan extra IEs - hexdump(len=160): dd 8b 00 50 f2 04 10 4a 00 01 10 10 3a 00 01 00 10 08 00 02 42 88 10 47 00 10 ba 06 e3 2c a1 a3 ...
D/wpa_supplicant( 1244): nl80211: Scan frequency 2462 MHz
D/wpa_supplicant( 1244): Scan requested (ret=0) - scan timeout 30 seconds
D/wpa_supplicant( 1244): nl80211: Event message available
D/wpa_supplicant( 1244): nl80211: Drv Event 33 (NL80211_CMD_TRIGGER_SCAN) received for wlan0
D/wpa_supplicant( 1244): wlan0: nl80211: Scan trigger
D/wpa_supplicant( 1244): wlan0: Event SCAN_STARTED (49) received
D/wpa_supplicant( 1244): wlan0: Own scan request started a scan in 0.000191 seconds
I/wpa_supplicant( 1244): wlan0: CTRL-EVENT-SCAN-STARTED 
D/WifiHW  (  821): [1] get event: IFNAME=wlan0 <3>CTRL-EVENT-SCAN-STARTED 
D/WifiHW  (  821): [2] get event: IFNAME=wlan0 CTRL-EVENT-SCAN-STARTED 
D/WifiMonitor(  821): Event [IFNAME=wlan0 CTRL-EVENT-SCAN-STARTED ]
E/WifiMonitor(  821): handleEvent unknown: 15  CTRL-EVENT-SCAN-STARTED 
D/WifiHW  (  821): enter -->wifi_wait_on_socket buflen=2048
D/WifiHW  (  821): enter -->wifi_ctrl_recv
D/[BT3.0+HS]PAL(  576): == chip_reset_fd is set ==
D/[BT3.0+HS]PAL(  576): 
D/[BT3.0+HS]PAL(  576): Recv Netlink Packet [228:00000011:00:0:0] [33:]
D/[BT3.0+HS]PAL(  576): 
D/[BT3.0+HS]PAL(  576): Unknown command from wifi driver
D/[BT3.0+HS]PAL(  576): 
D/wpa_supplicant( 1244): CTRL_IFACE monitor sent successfully to /data/misc/wifi/sockets/wpa_ctrl_821-2\x00
D/WifiHW  (  821): leave --> reply=OK
D/WifiHW  (  821): 
E/WifiStateMachine(  821): [1,505,702,303,522 ms] noteScanstart no scan source
D/[BT3.0+HS]PAL(  576): == chip_reset_fd is set ==
D/[BT3.0+HS]PAL(  576): 
D/[BT3.0+HS]PAL(  576): invalid reply message
D/[BT3.0+HS]PAL(  576): 
D/[BT3.0+HS]PAL(  576): == chip_reset_fd is set ==
D/[BT3.0+HS]PAL(  576): 
D/[BT3.0+HS]PAL(  576): Recv Netlink Packet [228:00000011:00:0:0] [34:]
D/[BT3.0+HS]PAL(  576): 
D/[BT3.0+HS]PAL(  576): Unknown command from wifi driver
D/[BT3.0+HS]PAL(  576): 
D/wifi2agps(  309): scan result, found 6 APs
D/agps    (  309): [WIFI2AGPS] wifi2agps_scanned
D/agps    (  308): [agps][n][WIFI] wifi_scanned  count=54 timestamp=3039915 num=6
I/Netd    (  288): Get netlink event, ifname: wlan0 action: 4
D/SocketClient(  288): SocketClient sendData done: 600 Iface linkstate wlan0 up
D/SocketClient(  288): SocketClient sendData done: 600 Iface linkstate wlan0 up
I/Netd    (  288): Get netlink event, ifname: wlan0 action: 4
D/SocketClient(  288): SocketClient sendData done: 600 Iface linkstate wlan0 up
D/SocketClient(  288): SocketClient sendData done: 600 Iface linkstate wlan0 up
D/NetworkManagementService(  821): onEvent:600 Iface linkstate wlan0 up:5
D/Tethering(  821): interfaceLinkStateChanged wlan0, true
D/Tethering(  821): interfaceStatusChanged wlan0, true
D/NetworkManagementService(  821): onEvent:600 Iface linkstate wlan0 up:5
D/wpa_supplicant( 1244): RTM_NEWLINK: ifi_index=11 ifname=wlan0 wext ifi_flags=0x11043 ([UP][RUNNING][LOWER_UP])
D/wpa_supplicant( 1244): RTM_NEWLINK: ifi_index=11 ifname=wlan0 wext ifi_flags=0x11043 ([UP][RUNNING][LOWER_UP])
D/wpa_supplicant( 1244): nl80211: Event message available
D/wpa_supplicant( 1244): nl80211: Drv Event 34 (NL80211_CMD_NEW_SCAN_RESULTS) received for wlan0
D/wpa_supplicant( 1244): wlan0: nl80211: New scan results available
D/wpa_supplicant( 1244): nl80211: Scan included frequencies: 2462
D/wpa_supplicant( 1244): wlan0: Event SCAN_RESULTS (3) received
D/wpa_supplicant( 1244): wlan0: Scan completed in 0.108078 seconds
D/wpa_supplicant( 1244): nl80211: Associated on 2462 MHz
D/wpa_supplicant( 1244): nl80211: Associated with f4:83:cd:b2:6c:1f
D/wpa_supplicant( 1244): nl80211: Received scan results (2 BSSes)
D/wpa_supplicant( 1244): nl80211: Scan results indicate BSS status with f4:83:cd:b2:6c:1f as associated
D/wpa_supplicant( 1244): Sorted scan results
D/wpa_supplicant( 1244): f4:83:cd:b2:6c:1f freq=2462 qual=0 noise=0 level=-57 flags=0x2b age=10
D/wpa_supplicant( 1244): IEs - hexdump(len=174): 00 05 4e 4d 43 4d 32 01 08 82 84 8b 96 0c 12 18 24 03 01 0b 2a 01 00 30 14 01 00 00 0f ac 04 01 ...
D/wpa_supplicant( 1244): Beacon IEs - hexdump(len=180): 00 05 4e 4d 43 4d 32 01 08 82 84 8b 96 0c 12 18 24 03 01 0b 05 04 00 01 01 00 2a 01 00 32 04 30 ...
D/wpa_supplicant( 1244): b0:95:8e:1e:1c:95 freq=2462 qual=0 noise=0 level=-85 flags=0xb age=10
D/wpa_supplicant( 1244): IEs - hexdump(len=173): 00 00 01 08 82 84 8b 96 0c 12 18 24 03 01 0b 05 04 00 01 00 00 07 06 43 4e 20 01 0d 20 2a 01 00 ...
D/wpa_supplicant( 1244): Beacon IEs - hexdump(len=173): 00 00 01 08 82 84 8b 96 0c 12 18 24 03 01 0b 05 04 00 01 00 00 07 06 43 4e 20 01 0d 20 2a 01 00 ...
D/wpa_supplicant( 1244): wlan0: BSS: Start scan result update 53
D/wpa_supplicant( 1244): wlan0: BSS: Add new id 247 BSSID b0:95:8e:1e:1c:95 SSID ''
D/WifiHW  (  821): [1] get event: IFNAME=wlan0 <3>CTRL-EVENT-BSS-ADDED 247 b0:95:8e:1e:1c:95
D/WifiHW  (  821): [2] get event: IFNAME=wlan0 CTRL-EVENT-BSS-ADDED 247 b0:95:8e:1e:1c:95
D/WifiMonitor(  821): Event [IFNAME=wlan0 CTRL-EVENT-BSS-ADDED 247 b0:95:8e:1e:1c:95]
D/WifiHW  (  821): enter -->wifi_wait_on_socket buflen=2048
D/WifiHW  (  821): enter -->wifi_ctrl_recv
D/Tethering(  821): interfaceLinkStateChanged wlan0, true
D/Tethering(  821): interfaceStatusChanged wlan0, true
D/wpa_supplicant( 1244): CTRL_IFACE monitor sent successfully to /data/misc/wifi/sockets/wpa_ctrl_821-2\x00
D/wpa_supplicant( 1244): BSS: last_scan_res_used=2/32
D/wpa_supplicant( 1244): Add randomness: count=278 entropy=265
D/wpa_supplicant( 1244): random pool - hexdump(len=128): [REMOVED]
D/wpa_supplicant( 1244): random_mix_pool - hexdump(len=16): [REMOVED]
D/wpa_supplicant( 1244): random_mix_pool - hexdump(len=5): [REMOVED]
D/wpa_supplicant( 1244): random pool - hexdump(len=128): [REMOVED]
D/wpa_supplicant( 1244): Add randomness: count=279 entropy=266
D/wpa_supplicant( 1244): random pool - hexdump(len=128): [REMOVED]
D/wpa_supplicant( 1244): random_mix_pool - hexdump(len=16): [REMOVED]
D/wpa_supplicant( 1244): random_mix_pool - hexdump(len=5): [REMOVED]
D/wpa_supplicant( 1244): random pool - hexdump(len=128): [REMOVED]
D/wpa_supplicant( 1244): wlan0: Scan-only results received
D/WifiHW  (  821): [1] get event: IFNAME=wlan0 <3>CTRL-EVENT-SCAN-RESULTS 
D/WifiHW  (  821): [2] get event: IFNAME=wlan0 CTRL-EVENT-SCAN-RESULTS 
D/WifiHW  (  821): enter -->wifi_wait_on_socket buflen=2048
D/WifiHW  (  821): enter -->wifi_ctrl_recv
D/wpa_supplicant( 1244): CTRL_IFACE monitor sent successfully to /data/misc/wifi/sockets/wpa_ctrl_821-2\x00
D/wpa_supplicant( 1244): wlan0: Radio work 'scan'@0x55bc3748e0 done in 0.117101 seconds
E/WifiStateMachine(  821):  ConnectedState (when=-2ms what=147461!SCAN_RESULTS_EVENT 0 0 found=23 known=1 got=23 bcn=0
E/WifiStateMachine(  821):  L2ConnectedState (when=-3ms what=147461!SCAN_RESULTS_EVENT 0 0 found=23 known=1 got=23 bcn=0
E/WifiStateMachine(  821):  ConnectModeState (when=-5ms what=147461!SCAN_RESULTS_EVENT 0 0 found=23 known=1 got=23 bcn=0
E/WifiStateMachine(  821):  DriverStartedState (when=-6ms what=147461!SCAN_RESULTS_EVENT 0 0 found=23 known=1 got=23 bcn=0
E/WifiStateMachine(  821):  SupplicantStartedState (when=-7ms what=147461!SCAN_RESULTS_EVENT 0 0 found=23 known=1 got=23 bcn=0
E/WifiStateMachine(  821): [1,505,702,303,639 ms] noteScanEnd no scan source
D/WifiHW  (  821): enter -->wifi_send_command cmd=IFNAME=wlan0 BSS RANGE=0- MASK=0x23d87
D/wpa_supplicant( 1244): wlan0: Control interface command 'BSS RANGE=0- MASK=0x23d87'
D/WifiHW  (  821): leave --> reply=id=3
D/WifiHW  (  821): bssid=f4:83:cd:b2:6c:1f
D/WifiHW  (  821): freq=2462
D/WifiHW  (  821): level=-57
D/WifiHW  (  821): tsf=0000003039913908
D/WifiHW  (  821): ie=00054e4d434d32010882848b960c12182403010b2a010030140100000fac040100000fac040100000fac02000032043048606c2d1aee111bffffff00000000000000000001000000000000000000003d160b0f06000000000000000000000000000000000000007f080000000000000040dd160050f20101000050f20401000050f20401000050f202dd180050f2020101800003a4000027a4000042435e0062322f00dd0900037f01010000ff7f
D/WifiHW  (  821): flags=[WPA-PSK-CCMP][WPA2-PSK-CCMP][ESS]
D/WifiHW  (  821): ssid=NMCM2
D/WifiHW  (  821): ====
D/WifiHW  (  821): id=205
D/WifiHW  (  821): bssid=8c:f2:28:71:66:1c
D/WifiHW  (  821): freq=2467
D/WifiHW  (  821): level=-69
D/WifiHW  (  821): tsf=0000002859897727
D/WifiHW  (  821): ie=0003494250010882848b961224486c03010c2a010432040c1830602d1aee1117ffff0000010000000000000000000000000000000000003d160c070600000000000000000000000000000000000000dd160050f20101000050f20401000050f20401000050f20230140100000fac040100000fac040100000fac0200007f0800000000000000000b050a0000127add180050f2020101000003a4000027a4000042435e0062322f004a0e14000a002c01c8001400050019000706434e20010d10dd07000c4303000000
D/WifiHW  (  821): flags=[WPA-PSK-CCMP][WPA2-PSK-CCMP][ESS]
D/WifiHW  (  821): ssid=IBP
D/wifiJNI (  821): doStringCommand, buf IFNAME=wlan0 BSS RANGE=0- MASK=0x23d87
I/wifiJNI (  821): id=3
I/wifiJNI (  821): bssid=f4:83:cd:b2:6c:1f
I/wifiJNI (  821): freq=2462
I/wifiJNI (  821): level=-57
I/wifiJNI (  821): tsf=0000003039913908
I/wifiJNI (  821): ie=00054e4d434d32010882848b960c12182403010b2a010030140100000fac040100000fac040100000fac02000032043048606c2d1aee111bffffff00000000000000000001000000000000000000003d160b0f06000000000000000000000000000000000000007f080000000000000040dd160050f20101000050f20401000050f20401000050f202dd180050f2020101800003a4000027a4000042435e0062322f00dd0900037f01010000ff7f
I/wifiJNI (  821): flags=[WPA-PSK-CCMP][WPA2-PSK-CCMP][ESS]
I/wifiJNI (  821): ssid=NMCM2
I/wifiJNI (  821): ====
I/wifiJNI (  821): id=205
I/wifiJNI (  821): bssid=8c:f2:28:71:66:1c
I/wifiJNI (  821): freq=2467
I/wifiJNI (  821): level=-69
I/wifiJNI (  821): tsf=0000002859897727
I/wifiJNI (  821): ie=0003494250010882848b961224486c03010c2a010432040c1830602d1aee1117ffff0000010000000000000000000000000000000000003d160c070600000000000000000000000000000000000000dd160050f20101000050f20401000050f20401000050f20230140100000fac040100000fac040100000fac0200007f0800000000000000000b050a0000127add180050f2020101000003a4000027a4000042435e0062322f004a0e14000a002c01c8001400050019000706434e20010d10dd07000c4303000000
I/wifiJNI (  821): flags=[WPA-PSK-CCMP][WPA2-PSK-CCMP][ESS]
I/wifiJNI (  821): ssid=IBP
I/wifiJNI (  821): ====
I/wifiJNI (  821): id=243
I/wifiJNI (  821): bssid=02:6b:e7:4a:4e:87
I/wifiJNI (  821): freq=2462
I/wifiJNI (  821): level=-63
I/wifiJNI (  821): tsf=0000002979904240
I/wifiJNI (  821): ie=0000010882848b960c12182403010b0504000100002a010032043048606c2d1aac011bffffff000000000000000000010000000000000000000030180100000fac020200000fac04000fac020100000fac0200003d160b0405000000000000000000000000000000000000004a0e14000a002c01c8001400050019007f080100000000000040dd1a0050f20101000050f20202000050f2040050f20201000050f202dd180050f2020101800003a4000027a4000042435e0062322f00dd0900037f01010000ff7f
I/wifiJNI (  821): flags=[WPA-PSK-CCMP+TKIP][WPA2-PSK-CCMP+TKIP][ESS]
I/wifiJNI (  821): ssid=
I/wifiJNI (  821): ====
I/wifiJNI (  821): id=244
I/wifiJNI (  821): bssid=20:6b:e7:4a:4e:87
I/wifiJNI (  821): freq=2462
I/wifiJNI (  821): level=-63
I/wifiJNI (  821): tsf=0000002979904228
I/wifiJNI (  821): ie=0003373131010882848b960c12182403010b2a010030140100000fac040100000fac040100000fac02000032043048606c2d1aac011bffffff00000000000000000001000000000000000000003d160b0405000000000000000000000000000000000000004a0e14000a002c01c8001400050019007f080100000000000040dd160050f20101000050f20401000050f20401000050f202dd180050f2020101800003a4000027a4000042435e0062322f00dd0900037f01010000ff7f
I/wifiJNI (  821): flags=[WPA-PSK-CCMP][WPA2-PSK-CCMP][ESS]
I/wifiJNI (  821): ssid=711
I/wifiJNI (  821): ====
I/wifiJNI (  821): id=245
I/wifiJNI (  821): bssid=ec:26:ca:71:c3:ce
I/wifiJNI (  821): freq=2462
I/wifiJNI (  821): level=-85
I/wifiJNI (  821): tsf=0000002979904256
I/wifiJNI (  821): ie=000a48616f68616e54656368010882848b960c12182403010b0507000100000000002a010032043048606c2d1a6e1003ffff0000000000000000000000000000000000000000003d160b07020000000000000000000000000000000000000030140100000fac040100000fac040100000fac020000dd160050f20101000050f20401000050f20401000050f202dd180050f2020101000003a4000027a4000042435e0062322f00dd05000aeb0100
I/wifiJNI (  821): flags=[WPA-PSK-CCMP][WPA2-PSK-CCMP][ESS]
I/wifiJNI (  821): ssid=HaohanTech
I/wifiJNI (  821): ====
I/wifiJNI (  821): id=246
I/wifiJNI (  821): bssid=8a:25:93:b0:b5:f4
I/wifiJNI (  821): freq=2462
I/wifiJNI (  821): level=-88
I/wifiJNI (  821): tsf=0000002979904298
I/wifiJNI (  821): ie=000468797a63010882848b960c12182403010b0504000100002a010030180100000fac020200000fac04000fac020100000fac02000032043048606c2d1aef1103ffff0000000000000000000000000000000000000000003d160b070500000000000000000000000000000000000000dd1a0050f20101000050f20202000050f2040050f20201000050f202dd180050f2020101840003a4000027a4000042435e0062322f00dd0900037f01010000ff7f
I/wifiJNI (  821): flags=[WPA-PSK-CCMP+TKIP][WPA2-PSK-CCMP+TKIP][ESS]
I/wifiJNI (  821): ssid=hyzc
I/wifiJNI (  821): ====
I/wifiJNI (  821): id=247
I/wifiJNI (  821): bssid=b0:95:8e:1e:1c:95
I/wifiJNI (  821): freq=2462
I/wifiJNI (  821): level=-85
I/wifiJNI (  821): tsf=0000003039913951
I/wifiJNI (  821): ie=0000010882848b960c12182403010b0504000100000706434e20010d202a010030140100000fac040100000fac040100000fac02000032043048606c2d1a6e101bffffff00000000000000000080000000000000000000003d160b070500000000000000000000000000000000000000dd160050f20101000050f20401000050f20401000050f202dd180050f2020101010003a4000027a4000042435e0062322f00dd0900037f01010000ff7f
I/wifiJNI (  821): flags=[WPA-PSK-CCMP][WPA2-PSK-CCMP][ESS]
I/wifiJNI (  821): ssid=
I/wifiJNI (  821): ####
E/WifiStateMachine(  821): wifi setScanResults statecom.android.server.wifi.WifiStateMachine$ConnectedState@cebb888 sup_state=COMPLETED debouncing=false
E/WifiConfigStore(  821): updateSavedNetworkHistory(): try "NMCM2"-WPA_PSK SSID="NMCM2" NMCM2 [WPA-PSK-CCMP][WPA2-PSK-CCMP][ESS] ajst=0
E/WifiConfigStore(  821):         got known scan result f4:83:cd:b2:6c:1f key : "NMCM2"-WPA_PSK num: 1 rssi=-57 freq=2462
E/WifiConfigStore(  821): updateSavedNetworkHistory(): SSID mismatch "NMCM2"-WPA_PSK SSID="NMCM2" "IBP"
E/WifiConfigStore(  821): updateSavedNetworkHistory(): SSID mismatch "NMCM2"-WPA_PSK SSID="NMCM2" ""
E/WifiConfigStore(  821): updateSavedNetworkHistory(): SSID mismatch "NMCM2"-WPA_PSK SSID="NMCM2" "711"
E/WifiConfigStore(  821): updateSavedNetworkHistory(): SSID mismatch "NMCM2"-WPA_PSK SSID="NMCM2" "HaohanTech"
E/WifiConfigStore(  821): updateSavedNetworkHistory(): SSID mismatch "NMCM2"-WPA_PSK SSID="NMCM2" "hyzc"
E/WifiConfigStore(  821): updateSavedNetworkHistory(): SSID mismatch "NMCM2"-WPA_PSK SSID="NMCM2" ""
V/SettingsInterface(  821):  from settings cache , name = network_scorer_app , value = null
D/WifiHW  (  821): enter -->wifi_send_command cmd=IFNAME=wlan0 STATUS-NO_EVENTS
D/wpa_supplicant( 1244): wlan0: Control interface command 'STATUS-NO_EVENTS'
D/WifiHW  (  821): leave --> reply=bssid=f4:83:cd:b2:6c:1f
D/WifiHW  (  821): ssid=NMCM2
D/WifiHW  (  821): id=0
D/WifiHW  (  821): mode=station
D/WifiHW  (  821): pairwise_cipher=CCMP
D/WifiHW  (  821): group_cipher=CCMP
D/WifiHW  (  821): key_mgmt=WPA2-PSK
D/WifiHW  (  821): wpa_state=COMPLETED
D/WifiHW  (  821): ip_address=192.168.0.136
D/WifiHW  (  821): p2p_device_address=12:2a:b3:c6:90:91
D/WifiHW  (  821): address=10:2a:b3:c6:90:91
D/WifiHW  (  821): uuid=ba06e32c-a1a3-596c-ad7d-5bee85ecab82
D/WifiHW  (  821): 
D/wifiJNI (  821): doStringCommand, buf IFNAME=wlan0 STATUS-NO_EVENTS
E/WifiAutoJoinController (  821): attemptAutoJoin() num recent config 1 current="NMCM2"-WPA_PSK ---> suppNetId=0
E/WifiAutoJoinController (  821): Done attemptAutoJoin status=0
E/WifiConfigStore(  821):  writeKnownNetworkHistory() num networks:1 needWrite=false
E/WifiStateMachine(  821): mIsFullScanOngoing: false
E/WifiTrafficPoller(  821): TRAFFIC_STATS_POLL true Token 13 num clients 14
E/WifiTrafficPoller(  821):  packet count Tx=2251 Rx=1770
E/WifiTrafficPoller(  821): TRAFFIC_STATS_POLL true Token 13 num clients 14
E/WifiTrafficPoller(  821):  packet count Tx=2251 Rx=1770
I/thermal_repeater(  315): oh, queryMdThermalInfo (0)Bad file number
I/thermal_repeater(  315): [recvMdThermalInfo] ret=29, strLen=127,  2, 32767, -127, -1, 32767, 2
E/WifiStateMachine(  821):  ConnectedState (when=-3ms what=131155 arg1=1!CMD_RSSI_POLL 1 0 "NMCM2" f4:83:cd:b2:6c:1f rssi=-58 f=2462 sc=60 link=150 tx=0.0, 0.0, 0.0  rx=0.1 bcn=0 [on:0 tx:0 rx:0 period:2106] from screen [on:0 period:-1831215267] gl hn u24 rssi=-53 ag=0 hr ticks 0,0,0 ls-=0 [56,56,56,56,61] brc=0 lrc=0mmls=
E/WifiStateMachine(  821): Failed=0 Retry=0 MultipleRetry=0 ACKFailure=0 FCSError=349 tx_ok=0 rx_ok=0
E/WifiStateMachine(  821): Readl[crc=0 timeout=0] Writel[crc=0 timeout=0] ReadSb[crc=0 timeout=0] writeSb[crc=0 timeout=0]
E/WifiStateMachine(  821):  L2ConnectedState (when=-5ms what=131155 arg1=1!CMD_RSSI_POLL 1 0 "NMCM2" f4:83:cd:b2:6c:1f rssi=-58 f=2462 sc=60 link=150 tx=0.0, 0.0, 0.0  rx=0.1 bcn=0 [on:0 tx:0 rx:0 period:2] from screen [on:0 period:-1831215265] gl hn u24 rssi=-53 ag=0 hr ticks 0,0,0 ls-=0 [56,56,56,56,61] brc=0 lrc=0mmls=
E/WifiStateMachine(  821): Failed=0 Retry=0 MultipleRetry=0 ACKFailure=0 FCSError=349 tx_ok=0 rx_ok=0
E/WifiStateMachine(  821): Readl[crc=0 timeout=0] Writel[crc=0 timeout=0] ReadSb[crc=0 timeout=0] writeSb[crc=0 timeout=0]
E/WifiStateMachine(  821):  get link layer stats 0
D/WifiHW  (  821): enter -->wifi_send_command cmd=IFNAME=wlan0 SIGNAL_POLL
D/wpa_supplicant( 1244): wlan0: Control interface command 'SIGNAL_POLL'
D/WifiHW  (  821): leave --> reply=RSSI=-56
D/WifiHW  (  821): LINKSPEED=150
D/WifiHW  (  821): NOISE=9999
D/WifiHW  (  821): FREQUENCY=2462
D/WifiHW  (  821): 
D/wifiJNI (  821): doStringCommand, buf IFNAME=wlan0 SIGNAL_POLL
I/WifiStateMachine(  821): fetchRssiLinkSpeedAndFrequencyNative, newRssi:-56, newLinkSpeed:150, SSID:"NMCM2"
D/WifiHW  (  821): enter -->wifi_send_command cmd=IFNAME=wlan0 DRIVER GET_STA_LINK_DETECT
D/wpa_supplicant( 1244): wlan0: Control interface command 'DRIVER GET_STA_LINK_DETECT'
D/wpa_supplicant( 1244): iface wlan0 recv cmd GET_STA_LINK_DETECT
D/wpa_supplicant( 1244): get_sta_link_detect
D/wpa_supplicant( 1244): nl80211: Test Mode buflen = 16, ifindex=11
D/WifiHW  (  821): leave --> reply=
D/WifiHW  (  821): Failed=0 Retry=1 MultipleRetry=1 ACKFailure=4 FCSError=468 tx_ok=6 rx_ok=0
D/WifiHW  (  821): Readl[crc=0 timeout=0] Writel[crc=0 timeout=0] ReadSb[crc=0 timeout=0] writeSb[crc=0 timeout=0]
D/WifiHW  (  821): 
D/wifiJNI (  821): doStringCommand, buf IFNAME=wlan0 DRIVER GET_STA_LINK_DETECT
E/WifiStateMachine(  821): wifiLinkStatics=
E/WifiStateMachine(  821): Failed=0 Retry=1 MultipleRetry=1 ACKFailure=4 FCSError=468 tx_ok=6 rx_ok=0
E/WifiStateMachine(  821): Readl[crc=0 timeout=0] Writel[crc=0 timeout=0] ReadSb[crc=0 timeout=0] writeSb[crc=0 timeout=0]
D/WifiStateMachine(  821): mLastSignalLevel:3, newSignalLevel:3
E/WifiConfigStore(  821): updateConfiguration freq=2462 BSSID=f4:83:cd:b2:6c:1f RSSI=-56 "NMCM2"-WPA_PSK
V/ActivityManager(  821): Broadcast sticky: Intent { act=android.net.wifi.RSSI_CHANGED flg=0x4000010 (has extras) } ordered=false userid=-1 callerApp=ProcessRecord{25b7dc89 821:system/1000}
D/WifiWatchdogStateMachine(  821): RSSI current: 3 new: -56, 3
D/StatusBar.NetworkController( 1000): slot=-10;action=android.net.wifi.RSSI_CHANGED
E/WifiTrafficPoller(  821): TRAFFIC_STATS_POLL true Token 13 num clients 14
E/WifiTrafficPoller(  821):  packet count Tx=2251 Rx=1770
E/WifiTrafficPoller(  821): TRAFFIC_STATS_POLL true Token 13 num clients 14
E/WifiTrafficPoller(  821):  packet count Tx=2251 Rx=1770
D/AutomaticBrightnessController(  821): updateAmbientLux: ambientLux=120.0, timeToBrighten=4000, timeToDarken=8000, current=120.0
E/WifiTrafficPoller(  821): TRAFFIC_STATS_POLL true Token 13 num clients 14
E/WifiTrafficPoller(  821):  packet count Tx=2251 Rx=1770
E/WifiStateMachine(  821):  ConnectedState (when=-4ms what=131155 arg1=1!CMD_RSSI_POLL 1 0 "NMCM2" f4:83:cd:b2:6c:1f rssi=-56 f=2462 sc=60 link=150 tx=0.0, 0.0, 0.0  rx=0.1 bcn=0 [on:0 tx:0 rx:0 period:3000] from screen [on:0 period:-1831212252] gl hn u24 rssi=-51 ag=0 hr ticks 0,0,0 ls-=0 [56,56,56,56,61] brc=0 lrc=0mmls=
E/WifiStateMachine(  821): Failed=0 Retry=1 MultipleRetry=1 ACKFailure=4 FCSError=468 tx_ok=6 rx_ok=0
E/WifiStateMachine(  821): Readl[crc=0 timeout=0] Writel[crc=0 timeout=0] ReadSb[crc=0 timeout=0] writeSb[crc=0 timeout=0]
E/WifiStateMachine(  821):  L2ConnectedState (when=-6ms what=131155 arg1=1!CMD_RSSI_POLL 1 0 "NMCM2" f4:83:cd:b2:6c:1f rssi=-56 f=2462 sc=60 link=150 tx=0.0, 0.0, 0.0  rx=0.1 bcn=0 [on:0 tx:0 rx:0 period:1] from screen [on:0 period:-1831212251] gl hn u24 rssi=-51 ag=0 hr ticks 0,0,0 ls-=0 [56,56,56,56,61] brc=0 lrc=0mmls=
E/WifiStateMachine(  821): Failed=0 Retry=1 MultipleRetry=1 ACKFailure=4 FCSError=468 tx_ok=6 rx_ok=0
E/WifiStateMachine(  821): Readl[crc=0 timeout=0] Writel[crc=0 timeout=0] ReadSb[crc=0 timeout=0] writeSb[crc=0 timeout=0]
E/WifiStateMachine(  821):  get link layer stats 0
D/WifiHW  (  821): enter -->wifi_send_command cmd=IFNAME=wlan0 SIGNAL_POLL
D/wpa_supplicant( 1244): wlan0: Control interface command 'SIGNAL_POLL'
D/WifiHW  (  821): leave --> reply=RSSI=-59
D/WifiHW  (  821): LINKSPEED=150
D/WifiHW  (  821): NOISE=9999
D/WifiHW  (  821): FREQUENCY=2462
D/WifiHW  (  821): 
D/wifiJNI (  821): doStringCommand, buf IFNAME=wlan0 SIGNAL_POLL
I/WifiStateMachine(  821): fetchRssiLinkSpeedAndFrequencyNative, newRssi:-59, newLinkSpeed:150, SSID:"NMCM2"
D/WifiHW  (  821): enter -->wifi_send_command cmd=IFNAME=wlan0 DRIVER GET_STA_LINK_DETECT
D/wpa_supplicant( 1244): wlan0: Control interface command 'DRIVER GET_STA_LINK_DETECT'
D/wpa_supplicant( 1244): iface wlan0 recv cmd GET_STA_LINK_DETECT
D/wpa_supplicant( 1244): get_sta_link_detect
D/wpa_supplicant( 1244): nl80211: Test Mode buflen = 16, ifindex=11
D/WifiHW  (  821): leave --> reply=
D/WifiHW  (  821): Failed=0 Retry=0 MultipleRetry=0 ACKFailure=0 FCSError=0 tx_ok=0 rx_ok=0
D/WifiHW  (  821): Readl[crc=0 timeout=0] Writel[crc=0 timeout=0] ReadSb[crc=0 timeout=0] writeSb[crc=0 timeout=0]
D/WifiHW  (  821): 
D/wifiJNI (  821): doStringCommand, buf IFNAME=wlan0 DRIVER GET_STA_LINK_DETECT
E/WifiStateMachine(  821): wifiLinkStatics=
E/WifiStateMachine(  821): Failed=0 Retry=0 MultipleRetry=0 ACKFailure=0 FCSError=0 tx_ok=0 rx_ok=0
E/WifiStateMachine(  821): Readl[crc=0 timeout=0] Writel[crc=0 timeout=0] ReadSb[crc=0 timeout=0] writeSb[crc=0 timeout=0]
D/WifiStateMachine(  821): mLastSignalLevel:3, newSignalLevel:3
E/WifiConfigStore(  821): updateConfiguration freq=2462 BSSID=f4:83:cd:b2:6c:1f RSSI=-57 "NMCM2"-WPA_PSK
V/ActivityManager(  821): Broadcast sticky: Intent { act=android.net.wifi.RSSI_CHANGED flg=0x4000010 (has extras) } ordered=false userid=-1 callerApp=ProcessRecord{25b7dc89 821:system/1000}
D/WifiWatchdogStateMachine(  821): RSSI current: 3 new: -59, 3
D/StatusBar.NetworkController( 1000): slot=-10;action=android.net.wifi.RSSI_CHANGED
D/wpa_supplicant( 1244): wlan0: BSS: Remove id 205 BSSID 8c:f2:28:71:66:1c SSID 'IBP' due to wpa_bss_flush_by_age
D/wpa_supplicant( 1244): CTRL_IFACE monitor sent successfully to /data/misc/wifi/sockets/wpa_ctrl_821-2\x00
D/WifiHW  (  821): [1] get event: IFNAME=wlan0 <3>CTRL-EVENT-BSS-REMOVED 205 8c:f2:28:71:66:1c
D/WifiHW  (  821): [2] get event: IFNAME=wlan0 CTRL-EVENT-BSS-REMOVED 205 8c:f2:28:71:66:1c
D/WifiMonitor(  821): Event [IFNAME=wlan0 CTRL-EVENT-BSS-REMOVED 205 8c:f2:28:71:66:1c]
D/WifiHW  (  821): enter -->wifi_wait_on_socket buflen=2048
D/WifiHW  (  821): enter -->wifi_ctrl_recv
E/WifiTrafficPoller(  821): TRAFFIC_STATS_POLL true Token 13 num clients 14
E/WifiTrafficPoller(  821):  packet count Tx=2251 Rx=1770
E/WifiTrafficPoller(  821): TRAFFIC_STATS_POLL true Token 13 num clients 14
E/WifiTrafficPoller(  821):  packet count Tx=2251 Rx=1770
I/thermal_repeater(  315): oh, queryMdThermalInfo (0)Bad file number
I/thermal_repeater(  315): [recvMdThermalInfo] ret=29, strLen=127,  2, 32767, -127, -1, 32767, 2
E/WifiTrafficPoller(  821): TRAFFIC_STATS_POLL true Token 13 num clients 14
E/WifiTrafficPoller(  821):  packet count Tx=2251 Rx=1770
D/AutomaticBrightnessController(  821): updateAmbientLux: ambientLux=120.0, timeToBrighten=4000, timeToDarken=8000, current=120.0
E/WifiStateMachine(  821):  ConnectedState (when=-4ms what=131155 arg1=1!CMD_RSSI_POLL 1 0 "NMCM2" f4:83:cd:b2:6c:1f rssi=-59 f=2462 sc=60 link=150 tx=0.0, 0.0, 0.0  rx=0.0 bcn=0 [on:0 tx:0 rx:0 period:3001] from screen [on:0 period:-1831209237] gl hn u24 rssi=-54 ag=0 hr ticks 0,0,0 ls-=0 [56,56,56,56,61] brc=0 lrc=0mmls=
E/WifiStateMachine(  821): Failed=0 Retry=0 MultipleRetry=0 ACKFailure=0 FCSError=0 tx_ok=0 rx_ok=0
E/WifiStateMachine(  821): Readl[crc=0 timeout=0] Writel[crc=0 timeout=0] ReadSb[crc=0 timeout=0] writeSb[crc=0 timeout=0]
E/WifiStateMachine(  821):  L2ConnectedState (when=-6ms what=131155 arg1=1!CMD_RSSI_POLL 1 0 "NMCM2" f4:83:cd:b2:6c:1f rssi=-59 f=2462 sc=60 link=150 tx=0.0, 0.0, 0.0  rx=0.0 bcn=0 [on:0 tx:0 rx:0 period:2] from screen [on:0 period:-1831209235] gl hn u24 rssi=-54 ag=0 hr ticks 0,0,0 ls-=0 [56,56,56,56,61] brc=0 lrc=0mmls=
E/WifiStateMachine(  821): Failed=0 Retry=0 MultipleRetry=0 ACKFailure=0 FCSError=0 tx_ok=0 rx_ok=0
E/WifiStateMachine(  821): Readl[crc=0 timeout=0] Writel[crc=0 timeout=0] ReadSb[crc=0 timeout=0] writeSb[crc=0 timeout=0]
E/WifiStateMachine(  821):  get link layer stats 0
D/WifiHW  (  821): enter -->wifi_send_command cmd=IFNAME=wlan0 SIGNAL_POLL
D/wpa_supplicant( 1244): wlan0: Control interface command 'SIGNAL_POLL'
D/WifiHW  (  821): leave --> reply=RSSI=-59
D/WifiHW  (  821): LINKSPEED=150
D/WifiHW  (  821): NOISE=9999
D/WifiHW  (  821): FREQUENCY=2462
D/WifiHW  (  821): 
D/wifiJNI (  821): doStringCommand, buf IFNAME=wlan0 SIGNAL_POLL
I/WifiStateMachine(  821): fetchRssiLinkSpeedAndFrequencyNative, newRssi:-59, newLinkSpeed:150, SSID:"NMCM2"
D/WifiHW  (  821): enter -->wifi_send_command cmd=IFNAME=wlan0 DRIVER GET_STA_LINK_DETECT
D/wpa_supplicant( 1244): wlan0: Control interface command 'DRIVER GET_STA_LINK_DETECT'
D/wpa_supplicant( 1244): iface wlan0 recv cmd GET_STA_LINK_DETECT
D/wpa_supplicant( 1244): get_sta_link_detect
D/wpa_supplicant( 1244): nl80211: Test Mode buflen = 16, ifindex=11
D/WifiHW  (  821): leave --> reply=
D/WifiHW  (  821): Failed=0 Retry=0 MultipleRetry=0 ACKFailure=0 FCSError=1020 tx_ok=1 rx_ok=0
D/WifiHW  (  821): Readl[crc=0 timeout=0] Writel[crc=0 timeout=0] ReadSb[crc=0 timeout=0] writeSb[crc=0 timeout=0]
D/WifiHW  (  821): 
D/wifiJNI (  821): doStringCommand, buf IFNAME=wlan0 DRIVER GET_STA_LINK_DETECT
E/WifiStateMachine(  821): wifiLinkStatics=
E/WifiStateMachine(  821): Failed=0 Retry=0 MultipleRetry=0 ACKFailure=0 FCSError=1020 tx_ok=1 rx_ok=0
E/WifiStateMachine(  821): Readl[crc=0 timeout=0] Writel[crc=0 timeout=0] ReadSb[crc=0 timeout=0] writeSb[crc=0 timeout=0]
D/WifiStateMachine(  821): mLastSignalLevel:3, newSignalLevel:3
E/WifiConfigStore(  821): updateConfiguration freq=2462 BSSID=f4:83:cd:b2:6c:1f RSSI=-58 "NMCM2"-WPA_PSK
V/ActivityManager(  821): Broadcast sticky: Intent { act=android.net.wifi.RSSI_CHANGED flg=0x4000010 (has extras) } ordered=false userid=-1 callerApp=ProcessRecord{25b7dc89 821:system/1000}
D/WifiWatchdogStateMachine(  821): RSSI current: 3 new: -59, 3
D/StatusBar.NetworkController( 1000): slot=-10;action=android.net.wifi.RSSI_CHANGED
W/ADB_SERVICES(  733): create_local_service_socket() name=shell:
W/ADB_SERVICES(  733): service_to_fd() name=shell:
W/ADB_SERVICES(  733): read_meminfo() mem_free=139164
W/ADB_SERVICES(  733): create_subproc ret_fd=33 pid=5541
W/ADB_SERVICES(  733): LS(12): bound to 'shell:' via 33
W/ADB_SERVICES( 5541): adb: unable to update oom_score_adj
V/SettingsInterface(  821):  from settings cache , name = sys_free_storage_log_interval , value = null
V/SettingsInterface(  821):  from settings cache , name = disk_free_change_reporting_threshold , value = null
D/AlarmManager(  821): set alarm to RTC 3076294
I/ActivityManager(  821): [Background Service Priority Adjustment] Set callerFg as false for service.getFlags():260
D/ActivityThread( 1693): SVC-Calling onStartCommand: com.miui.powerkeeper.PowerKeeperBackgroundService@21ccbd57, flags=0, startId=15
I/PowerKeeperBackgroundService( 1693): onStartCommand()
I/PowerKeeperService( 1693): onAlarm
D/HideModeStateMachine( 1693): onAlarmHappen, elapsedRealtime = 3048477ms
D/AlarmManager(  821): onSendFinished begin
D/PowerManagerService(  821): MTK-----android
D/PowerManagerService(  821): MTK-----*alarm*
D/PowerManagerService(  821): wakelock list dump: mLocks.size=1:
D/PowerManagerService(  821): No.0: PARTIAL_WAKE_LOCK '*alarm*'activated(flags=1, uid=1000, pid=821) total=1ms)
D/WifiDisplayAdapter(  821): getWifiDisplayStatusLocked: result=WifiDisplayStatus{featureState=2, scanState=0, activeDisplayState=0, activeDisplay=null, displays=[], sessionInfo=WifiDisplaySessionInfo: C/O:Client,GId:,Pp:,SId:0,IP:}
D/PowerManagerService(  821): isWfdEnabled() mWfdStatus=WifiDisplayStatus{featureState=2, scanState=0, activeDisplayState=0, activeDisplay=null, displays=[], sessionInfo=WifiDisplaySessionInfo: C/O:Client,GId:,Pp:,SId:0,IP:}, return false
D/DisplayPowerController(  821): requestPowerState: policy=DIM, useProximitySensor=false, screenBrightness=139, screenAutoBrightnessAdjustment=0.0, useAutoBrightness=true, blockScreenOn=false, lowPowerMode=false, dozeScreenBrightness=-1, dozeScreenState=UNKNOWN, waitForNegativeProximity=false
D/PowerManagerNotifier(  821): onWakeLockAcquired: flags=1, tag="*alarm*", packageName=android, ownerUid=1000, ownerPid=821, workSource=WorkSource{1000}
D/PowerManagerNotifier(  821): onWakeLockReleased: flags=1, tag="*alarm*", packageName=android, ownerUid=1000, ownerPid=821, workSource=WorkSource{1000}
D/WifiDisplayAdapter(  821): getWifiDisplayStatusLocked: result=WifiDisplayStatus{featureState=2, scanState=0, activeDisplayState=0, activeDisplay=null, displays=[], sessionInfo=WifiDisplaySessionInfo: C/O:Client,GId:,Pp:,SId:0,IP:}
D/PowerManagerService(  821): isWfdEnabled() mWfdStatus=WifiDisplayStatus{featureState=2, scanState=0, activeDisplayState=0, activeDisplay=null, displays=[], sessionInfo=WifiDisplaySessionInfo: C/O:Client,GId:,Pp:,SId:0,IP:}, return false
D/DisplayPowerController(  821): requestPowerState: policy=DIM, useProximitySensor=false, screenBrightness=139, screenAutoBrightnessAdjustment=0.0, useAutoBrightness=true, blockScreenOn=false, lowPowerMode=false, dozeScreenBrightness=-1, dozeScreenState=UNKNOWN, waitForNegativeProximity=false
