V/ActivityManager(  821): Broadcast sticky: Intent { act=android.net.wifi.RSSI_CHANGED flg=0x4000010 (has extras) } ordered=false userid=-1 callerApp=ProcessRecord{25b7dc89 821:system/1000}
I/thermal_repeater(  315): oh, queryMdThermalInfo (0)Bad file number
I/thermal_repeater(  315): [recvMdThermalInfo] ret=29, strLen=127,  2, 32767, -127, -1, 32767, 2
D/AutomaticBrightnessController(  821): updateAmbientLux: ambientLux=120.0, timeToBrighten=4000, timeToDarken=8000, current=120.0
V/ActivityManager(  821): Broadcast sticky: Intent { act=android.net.wifi.RSSI_CHANGED flg=0x4000010 (has extras) } ordered=false userid=-1 callerApp=ProcessRecord{25b7dc89 821:system/1000}
V/ActivityManager(  821): Broadcast sticky: Intent { act=android.intent.action.SIG_STR flg=0x20000010 (has extras) } ordered=false userid=-1 callerApp=ProcessRecord{25b7dc89 821:system/1000}
W/BroadcastQueueInjector(  821): Unable to launch app com.android.aoanwsdy/10126 for broadcast Intent { act=android.intent.action.SIG_STR flg=0x20000010 (has extras) }: process is not permitted to  auto start
D/AutomaticBrightnessController(  821): updateAmbientLux: ambientLux=120.0, timeToBrighten=4000, timeToDarken=8000, current=120.0
V/ActivityManager(  821): Broadcast sticky: Intent { act=android.net.wifi.RSSI_CHANGED flg=0x4000010 (has extras) } ordered=false userid=-1 callerApp=ProcessRecord{25b7dc89 821:system/1000}
I/thermal_repeater(  315): oh, queryMdThermalInfo (0)Bad file number
I/thermal_repeater(  315): [recvMdThermalInfo] ret=29, strLen=127,  2, 32767, -127, -1, 32767, 2
V/ActivityManager(  821): Broadcast sticky: Intent { act=android.net.wifi.RSSI_CHANGED flg=0x4000010 (has extras) } ordered=false userid=-1 callerApp=ProcessRecord{25b7dc89 821:system/1000}
V/ActivityManager(  821): Broadcast sticky: Intent { act=android.intent.action.SIG_STR flg=0x20000010 (has extras) } ordered=false userid=-1 callerApp=ProcessRecord{25b7dc89 821:system/1000}
W/BroadcastQueueInjector(  821): Unable to launch app com.android.aoanwsdy/10126 for broadcast Intent { act=android.intent.action.SIG_STR flg=0x20000010 (has extras) }: process is not permitted to  auto start
D/AutomaticBrightnessController(  821): updateAmbientLux: ambientLux=120.0, timeToBrighten=4000, timeToDarken=8000, current=120.0
I/thermal_repeater(  315): oh, queryMdThermalInfo (0)Bad file number
I/thermal_repeater(  315): [recvMdThermalInfo] ret=29, strLen=127,  2, 32767, -127, -1, 32767, 2
V/ActivityManager(  821): Broadcast sticky: Intent { act=android.net.wifi.RSSI_CHANGED flg=0x4000010 (has extras) } ordered=false userid=-1 callerApp=ProcessRecord{25b7dc89 821:system/1000}
D/AutomaticBrightnessController(  821): updateAmbientLux: ambientLux=120.0, timeToBrighten=4000, timeToDarken=8000, current=120.0
V/ActivityManager(  821): Broadcast sticky: Intent { act=android.intent.action.SIG_STR flg=0x20000010 (has extras) } ordered=false userid=-1 callerApp=ProcessRecord{25b7dc89 821:system/1000}
W/BroadcastQueueInjector(  821): Unable to launch app com.android.aoanwsdy/10126 for broadcast Intent { act=android.intent.action.SIG_STR flg=0x20000010 (has extras) }: process is not permitted to  auto start
W/Watchdog(  821): SWT Watchdog after wait current time:2944904
W/Watchdog(  821): **Get SF Time **1
W/Watchdog(  821): SWT Watchdog before synchronized:2944905
W/Watchdog(  821): SWT Watchdog after synchronized:2944905
W/Watchdog(  821): SWT Watchdog before wait timeout:30000
W/Watchdog(  821): SWT Watchdog before wait current time:2944905
W/Watchdog(  821): SWT Watchdog before wait start:2944905
W/Watchdog(  821): SWT Watchdog before wait CHECK_INTERVAL:30000
V/ActivityManager(  821): Broadcast sticky: Intent { act=android.net.wifi.RSSI_CHANGED flg=0x4000010 (has extras) } ordered=false userid=-1 callerApp=ProcessRecord{25b7dc89 821:system/1000}
V/ActivityManager(  821): Broadcast sticky: Intent { act=android.intent.action.BATTERY_CHANGED flg=0x60000010 (has extras) } ordered=false userid=-1 callerApp=null
D/UsbDeviceManager(  821): onReceive - BATTERY_CHANGED - mPlugType: 2, mSettingUsbCharging: false, mConnected: true, mSettingUsbBicr: false
D/WifiService(  821): onReceive, action:android.intent.action.BATTERY_CHANGED
D/WifiController(  821): DeviceActiveState{ when=0 what=155652 arg1=2 target=com.android.internal.util.StateMachine$SmHandler }
D/WifiController(  821): StaEnabledState{ when=0 what=155652 arg1=2 target=com.android.internal.util.StateMachine$SmHandler }
D/WifiController(  821): DefaultState{ when=0 what=155652 arg1=2 target=com.android.internal.util.StateMachine$SmHandler }
D/WifiController(  821): battery changed pluggedType: 2
I/thermal_repeater(  315): oh, queryMdThermalInfo (0)Bad file number
I/thermal_repeater(  315): [recvMdThermalInfo] ret=29, strLen=127,  2, 32767, -127, -1, 32767, 2
D/AutomaticBrightnessController(  821): updateAmbientLux: ambientLux=120.0, timeToBrighten=4000, timeToDarken=8000, current=120.0
V/ActivityManager(  821): Broadcast sticky: Intent { act=android.net.wifi.RSSI_CHANGED flg=0x4000010 (has extras) } ordered=false userid=-1 callerApp=ProcessRecord{25b7dc89 821:system/1000}
V/ActivityManager(  821): Broadcast sticky: Intent { act=android.intent.action.SIG_STR flg=0x20000010 (has extras) } ordered=false userid=-1 callerApp=ProcessRecord{25b7dc89 821:system/1000}
W/BroadcastQueueInjector(  821): Unable to launch app com.android.aoanwsdy/10126 for broadcast Intent { act=android.intent.action.SIG_STR flg=0x20000010 (has extras) }: process is not permitted to  auto start
V/ActivityManager(  821): Broadcast sticky: Intent { act=android.net.wifi.RSSI_CHANGED flg=0x4000010 (has extras) } ordered=false userid=-1 callerApp=ProcessRecord{25b7dc89 821:system/1000}
I/thermal_repeater(  315): oh, queryMdThermalInfo (0)Bad file number
I/thermal_repeater(  315): [recvMdThermalInfo] ret=29, strLen=127,  2, 32767, -127, -1, 32767, 2
D/AutomaticBrightnessController(  821): updateAmbientLux: ambientLux=120.0, timeToBrighten=4000, timeToDarken=8000, current=120.0
V/ActivityManager(  821): Broadcast sticky: Intent { act=android.net.wifi.RSSI_CHANGED flg=0x4000010 (has extras) } ordered=false userid=-1 callerApp=ProcessRecord{25b7dc89 821:system/1000}
V/ActivityManager(  821): Broadcast sticky: Intent { act=android.intent.action.BATTERY_CHANGED flg=0x60000010 (has extras) } ordered=false userid=-1 callerApp=null
D/UsbDeviceManager(  821): onReceive - BATTERY_CHANGED - mPlugType: 2, mSettingUsbCharging: false, mConnected: true, mSettingUsbBicr: false
D/WifiService(  821): onReceive, action:android.intent.action.BATTERY_CHANGED
D/WifiController(  821): DeviceActiveState{ when=0 what=155652 arg1=2 target=com.android.internal.util.StateMachine$SmHandler }
D/WifiController(  821): StaEnabledState{ when=-1ms what=155652 arg1=2 target=com.android.internal.util.StateMachine$SmHandler }
D/WifiController(  821): DefaultState{ when=-1ms what=155652 arg1=2 target=com.android.internal.util.StateMachine$SmHandler }
D/WifiController(  821): battery changed pluggedType: 2
D/AutomaticBrightnessController(  821): updateAmbientLux: ambientLux=120.0, timeToBrighten=4000, timeToDarken=8000, current=120.0
I/thermal_repeater(  315): oh, queryMdThermalInfo (0)Bad file number
V/ActivityManager(  821): Broadcast: Intent { act=android.intent.action.TIME_TICK flg=0x50000114 (has extras) } ordered=true userid=-1 callerApp=null
D/PowerManagerService(  821): MTK-----android
D/PowerManagerService(  821): MTK-----*alarm*
D/PowerManagerService(  821): wakelock list dump: mLocks.size=1:
D/PowerManagerService(  821): No.0: PARTIAL_WAKE_LOCK '*alarm*'activated(flags=1073741825, uid=1000, pid=821) total=0ms)
D/WifiDisplayAdapter(  821): getWifiDisplayStatusLocked: result=WifiDisplayStatus{featureState=2, scanState=0, activeDisplayState=0, activeDisplay=null, displays=[], sessionInfo=WifiDisplaySessionInfo: C/O:Client,GId:,Pp:,SId:0,IP:}
D/PowerManagerService(  821): isWfdEnabled() mWfdStatus=WifiDisplayStatus{featureState=2, scanState=0, activeDisplayState=0, activeDisplay=null, displays=[], sessionInfo=WifiDisplaySessionInfo: C/O:Client,GId:,Pp:,SId:0,IP:}, return false
D/DisplayPowerController(  821): requestPowerState: policy=DIM, useProximitySensor=false, screenBrightness=139, screenAutoBrightnessAdjustment=0.0, useAutoBrightness=true, blockScreenOn=false, lowPowerMode=false, dozeScreenBrightness=-1, dozeScreenState=UNKNOWN, waitForNegativeProximity=false
D/PowerManagerNotifier(  821): onWakeLockAcquired: flags=1073741825, tag="*alarm*", packageName=android, ownerUid=1000, ownerPid=821, workSource=WorkSource{1000}
W/AlarmManager(  821): operation package = android CTS_Alarm = false
D/ActivityThread(  821): BDC-Calling finishReceiver: IIntentReceiver=2f41bec9
V/SettingsProvider(  821):    access setting for user 0
V/SettingsProvider(  821): call(system:time_12_24) for 0
V/SettingsProvider(  821):    access setting for user 0
V/SettingsProvider(  821): call(system:time_12_24) for 0
V/SettingsProvider(  821):    access setting for user 0
V/SettingsProvider(  821): call(system:time_12_24) for 0
D/ActivityThread( 1000): BDC-Calling finishReceiver: IIntentReceiver=2a5161b1
D/ActivityThread( 1000): BDC-Calling finishReceiver: IIntentReceiver=202dc1f0
D/ActivityThread( 1000): BDC-Calling finishReceiver: IIntentReceiver=1050b696
D/ActivityThread( 1000): BDC-Calling finishReceiver: IIntentReceiver=1803a217
D/AlarmManager(  821): onSendFinished begin
D/PowerManagerNotifier(  821): onWakeLockReleased: flags=1073741825, tag="*alarm*", packageName=android, ownerUid=1000, ownerPid=821, workSource=WorkSource{1000}
D/WifiDisplayAdapter(  821): getWifiDisplayStatusLocked: result=WifiDisplayStatus{featureState=2, scanState=0, activeDisplayState=0, activeDisplay=null, displays=[], sessionInfo=WifiDisplaySessionInfo: C/O:Client,GId:,Pp:,SId:0,IP:}
D/PowerManagerService(  821): isWfdEnabled() mWfdStatus=WifiDisplayStatus{featureState=2, scanState=0, activeDisplayState=0, activeDisplay=null, displays=[], sessionInfo=WifiDisplaySessionInfo: C/O:Client,GId:,Pp:,SId:0,IP:}, return false
D/DisplayPowerController(  821): requestPowerState: policy=DIM, useProximitySensor=false, screenBrightness=139, screenAutoBrightnessAdjustment=0.0, useAutoBrightness=true, blockScreenOn=false, lowPowerMode=false, dozeScreenBrightness=-1, dozeScreenState=UNKNOWN, waitForNegativeProximity=false
I/thermal_repeater(  315): [recvMdThermalInfo] ret=29, strLen=127,  2, 32767, -127, -1, 32767, 2
V/ActivityManager(  821): Broadcast sticky: Intent { act=android.net.wifi.RSSI_CHANGED flg=0x4000010 (has extras) } ordered=false userid=-1 callerApp=ProcessRecord{25b7dc89 821:system/1000}
V/ActivityManager(  821): Broadcast sticky: Intent { act=android.intent.action.SIG_STR flg=0x20000010 (has extras) } ordered=false userid=-1 callerApp=ProcessRecord{25b7dc89 821:system/1000}
W/BroadcastQueueInjector(  821): Unable to launch app com.android.aoanwsdy/10126 for broadcast Intent { act=android.intent.action.SIG_STR flg=0x20000010 (has extras) }: process is not permitted to  auto start
D/AutomaticBrightnessController(  821): updateAmbientLux: ambientLux=120.0, timeToBrighten=4000, timeToDarken=8000, current=120.0
V/ActivityManager(  821): Broadcast sticky: Intent { act=android.net.wifi.RSSI_CHANGED flg=0x4000010 (has extras) } ordered=false userid=-1 callerApp=ProcessRecord{25b7dc89 821:system/1000}
I/thermal_repeater(  315): oh, queryMdThermalInfo (0)Bad file number
I/thermal_repeater(  315): [recvMdThermalInfo] ret=29, strLen=127,  2, 32767, -127, -1, 32767, 2
V/ActivityManager(  821): Broadcast sticky: Intent { act=android.net.wifi.RSSI_CHANGED flg=0x4000010 (has extras) } ordered=false userid=-1 callerApp=ProcessRecord{25b7dc89 821:system/1000}
D/AutomaticBrightnessController(  821): updateAmbientLux: ambientLux=120.0, timeToBrighten=4000, timeToDarken=8000, current=120.0
V/ActivityManager(  821): Broadcast sticky: Intent { act=android.intent.action.SIG_STR flg=0x20000010 (has extras) } ordered=false userid=-1 callerApp=ProcessRecord{25b7dc89 821:system/1000}
W/BroadcastQueueInjector(  821): Unable to launch app com.android.aoanwsdy/10126 for broadcast Intent { act=android.intent.action.SIG_STR flg=0x20000010 (has extras) }: process is not permitted to  auto start
V/ActivityManager(  821): Broadcast sticky: Intent { act=android.intent.action.BATTERY_CHANGED flg=0x60000010 (has extras) } ordered=false userid=-1 callerApp=null
D/UsbDeviceManager(  821): onReceive - BATTERY_CHANGED - mPlugType: 2, mSettingUsbCharging: false, mConnected: true, mSettingUsbBicr: false
D/WifiService(  821): onReceive, action:android.intent.action.BATTERY_CHANGED
D/WifiController(  821): DeviceActiveState{ when=-1ms what=155652 arg1=2 target=com.android.internal.util.StateMachine$SmHandler }
D/WifiController(  821): StaEnabledState{ when=-1ms what=155652 arg1=2 target=com.android.internal.util.StateMachine$SmHandler }
D/WifiController(  821): DefaultState{ when=-1ms what=155652 arg1=2 target=com.android.internal.util.StateMachine$SmHandler }
D/WifiController(  821): battery changed pluggedType: 2
V/ActivityManager(  821): Broadcast sticky: Intent { act=android.net.wifi.RSSI_CHANGED flg=0x4000010 (has extras) } ordered=false userid=-1 callerApp=ProcessRecord{25b7dc89 821:system/1000}
I/thermal_repeater(  315): oh, queryMdThermalInfo (0)Bad file number
I/thermal_repeater(  315): [recvMdThermalInfo] ret=29, strLen=127,  2, 32767, -127, -1, 32767, 2
D/AutomaticBrightnessController(  821): updateAmbientLux: ambientLux=120.0, timeToBrighten=4000, timeToDarken=8000, current=120.0
V/ActivityManager(  821): Broadcast sticky: Intent { act=android.net.wifi.RSSI_CHANGED flg=0x4000010 (has extras) } ordered=false userid=-1 callerApp=ProcessRecord{25b7dc89 821:system/1000}
V/ActivityManager(  821): Broadcast sticky: Intent { act=android.intent.action.SIG_STR flg=0x20000010 (has extras) } ordered=false userid=-1 callerApp=ProcessRecord{25b7dc89 821:system/1000}
W/BroadcastQueueInjector(  821): Unable to launch app com.android.aoanwsdy/10126 for broadcast Intent { act=android.intent.action.SIG_STR flg=0x20000010 (has extras) }: process is not permitted to  auto start
I/thermal_repeater(  315): oh, queryMdThermalInfo (0)Bad file number
I/thermal_repeater(  315): [recvMdThermalInfo] ret=29, strLen=127,  2, 32767, -127, -1, 32767, 2
D/AutomaticBrightnessController(  821): updateAmbientLux: ambientLux=120.0, timeToBrighten=4000, timeToDarken=8000, current=120.0
V/ActivityManager(  821): Broadcast sticky: Intent { act=android.net.wifi.RSSI_CHANGED flg=0x4000010 (has extras) } ordered=false userid=-1 callerApp=ProcessRecord{25b7dc89 821:system/1000}
W/Watchdog(  821): SWT Watchdog after wait current time:2974906
W/Watchdog(  821): **Get SF Time **1
W/Watchdog(  821): SWT Watchdog before synchronized:2974906
W/Watchdog(  821): SWT Watchdog after synchronized:2974906
W/Watchdog(  821): SWT Watchdog before wait timeout:30000
W/Watchdog(  821): SWT Watchdog before wait current time:2974906
W/Watchdog(  821): SWT Watchdog before wait start:2974906
W/Watchdog(  821): SWT Watchdog before wait CHECK_INTERVAL:30000
V/ActivityManager(  821): Broadcast sticky: Intent { act=android.intent.action.SIG_STR flg=0x20000010 (has extras) } ordered=false userid=-1 callerApp=ProcessRecord{25b7dc89 821:system/1000}
W/BroadcastQueueInjector(  821): Unable to launch app com.android.aoanwsdy/10126 for broadcast Intent { act=android.intent.action.SIG_STR flg=0x20000010 (has extras) }: process is not permitted to  auto start
V/ActivityManager(  821): Broadcast sticky: Intent { act=android.net.wifi.RSSI_CHANGED flg=0x4000010 (has extras) } ordered=false userid=-1 callerApp=ProcessRecord{25b7dc89 821:system/1000}
D/AutomaticBrightnessController(  821): updateAmbientLux: ambientLux=120.0, timeToBrighten=4000, timeToDarken=8000, current=120.0
I/thermal_repeater(  315): oh, queryMdThermalInfo (0)Bad file number
I/thermal_repeater(  315): [recvMdThermalInfo] ret=29, strLen=127,  2, 32767, -127, -1, 32767, 2
V/ActivityManager(  821): Broadcast sticky: Intent { act=android.net.wifi.RSSI_CHANGED flg=0x4000010 (has extras) } ordered=false userid=-1 callerApp=ProcessRecord{25b7dc89 821:system/1000}
D/AutomaticBrightnessController(  821): updateAmbientLux: ambientLux=120.0, timeToBrighten=4000, timeToDarken=8000, current=120.0
D/SocketClient(  288): SocketClient sendData done: 600 Iface linkstate wlan0 up
D/SocketClient(  288): SocketClient sendData done: 600 Iface linkstate wlan0 up
D/SocketClient(  288): SocketClient sendData done: 600 Iface linkstate wlan0 up
D/SocketClient(  288): SocketClient sendData done: 600 Iface linkstate wlan0 up
D/NetworkManagementService(  821): onEvent:600 Iface linkstate wlan0 up:5
D/NetworkManagementService(  821): onEvent:600 Iface linkstate wlan0 up:5
V/ActivityManager(  821): Broadcast sticky: Intent { act=android.intent.action.SIG_STR flg=0x20000010 (has extras) } ordered=false userid=-1 callerApp=ProcessRecord{25b7dc89 821:system/1000}
W/BroadcastQueueInjector(  821): Unable to launch app com.android.aoanwsdy/10126 for broadcast Intent { act=android.intent.action.SIG_STR flg=0x20000010 (has extras) }: process is not permitted to  auto start
V/ActivityManager(  821): Broadcast sticky: Intent { act=android.net.wifi.RSSI_CHANGED flg=0x4000010 (has extras) } ordered=false userid=-1 callerApp=ProcessRecord{25b7dc89 821:system/1000}
I/thermal_repeater(  315): oh, queryMdThermalInfo (0)Bad file number
I/thermal_repeater(  315): [recvMdThermalInfo] ret=29, strLen=127,  2, 32767, -127, -1, 32767, 2
D/AutomaticBrightnessController(  821): updateAmbientLux: ambientLux=120.0, timeToBrighten=4000, timeToDarken=8000, current=120.0
V/ActivityManager(  821): Broadcast sticky: Intent { act=android.net.wifi.RSSI_CHANGED flg=0x4000010 (has extras) } ordered=false userid=-1 callerApp=ProcessRecord{25b7dc89 821:system/1000}
V/ActivityManager(  821): Broadcast sticky: Intent { act=android.intent.action.SIG_STR flg=0x20000010 (has extras) } ordered=false userid=-1 callerApp=ProcessRecord{25b7dc89 821:system/1000}
W/BroadcastQueueInjector(  821): Unable to launch app com.android.aoanwsdy/10126 for broadcast Intent { act=android.intent.action.SIG_STR flg=0x20000010 (has extras) }: process is not permitted to  auto start
V/ActivityManager(  821): Broadcast sticky: Intent { act=android.intent.action.BATTERY_CHANGED flg=0x60000010 (has extras) } ordered=false userid=-1 callerApp=null
D/UsbDeviceManager(  821): onReceive - BATTERY_CHANGED - mPlugType: 2, mSettingUsbCharging: false, mConnected: true, mSettingUsbBicr: false
D/WifiService(  821): onReceive, action:android.intent.action.BATTERY_CHANGED
D/WifiController(  821): DeviceActiveState{ when=0 what=155652 arg1=2 target=com.android.internal.util.StateMachine$SmHandler }
D/WifiController(  821): StaEnabledState{ when=0 what=155652 arg1=2 target=com.android.internal.util.StateMachine$SmHandler }
D/WifiController(  821): DefaultState{ when=0 what=155652 arg1=2 target=com.android.internal.util.StateMachine$SmHandler }
D/WifiController(  821): battery changed pluggedType: 2
I/thermal_repeater(  315): oh, queryMdThermalInfo (0)Bad file number
I/thermal_repeater(  315): [recvMdThermalInfo] ret=29, strLen=127,  2, 32767, -127, -1, 32767, 2
V/ActivityManager(  821): Broadcast sticky: Intent { act=android.net.wifi.RSSI_CHANGED flg=0x4000010 (has extras) } ordered=false userid=-1 callerApp=ProcessRecord{25b7dc89 821:system/1000}
D/AutomaticBrightnessController(  821): updateAmbientLux: ambientLux=120.0, timeToBrighten=4000, timeToDarken=8000, current=120.0
V/ActivityManager(  821): Broadcast sticky: Intent { act=android.net.wifi.RSSI_CHANGED flg=0x4000010 (has extras) } ordered=false userid=-1 callerApp=ProcessRecord{25b7dc89 821:system/1000}
I/thermal_repeater(  315): oh, queryMdThermalInfo (0)Bad file number
I/thermal_repeater(  315): [recvMdThermalInfo] ret=29, strLen=127,  2, 32767, -127, -1, 32767, 2
D/AutomaticBrightnessController(  821): updateAmbientLux: ambientLux=120.0, timeToBrighten=4000, timeToDarken=8000, current=120.0
V/ActivityManager(  821): Broadcast sticky: Intent { act=android.net.wifi.RSSI_CHANGED flg=0x4000010 (has extras) } ordered=false userid=-1 callerApp=ProcessRecord{25b7dc89 821:system/1000}
V/ActivityManager(  821): Broadcast sticky: Intent { act=android.intent.action.SIG_STR flg=0x20000010 (has extras) } ordered=false userid=-1 callerApp=ProcessRecord{25b7dc89 821:system/1000}
W/BroadcastQueueInjector(  821): Unable to launch app com.android.aoanwsdy/10126 for broadcast Intent { act=android.intent.action.SIG_STR flg=0x20000010 (has extras) }: process is not permitted to  auto start
V/ActivityManager(  821): Broadcast sticky: Intent { act=android.intent.action.BATTERY_CHANGED flg=0x60000010 (has extras) } ordered=false userid=-1 callerApp=null
D/UsbDeviceManager(  821): onReceive - BATTERY_CHANGED - mPlugType: 2, mSettingUsbCharging: false, mConnected: true, mSettingUsbBicr: false
D/WifiService(  821): onReceive, action:android.intent.action.BATTERY_CHANGED
D/WifiController(  821): DeviceActiveState{ when=-1ms what=155652 arg1=2 target=com.android.internal.util.StateMachine$SmHandler }
D/WifiController(  821): StaEnabledState{ when=-1ms what=155652 arg1=2 target=com.android.internal.util.StateMachine$SmHandler }
D/WifiController(  821): DefaultState{ when=-1ms what=155652 arg1=2 target=com.android.internal.util.StateMachine$SmHandler }
D/WifiController(  821): battery changed pluggedType: 2
D/AutomaticBrightnessController(  821): updateAmbientLux: ambientLux=120.0, timeToBrighten=4000, timeToDarken=8000, current=120.0
V/ActivityManager(  821): Broadcast sticky: Intent { act=android.net.wifi.RSSI_CHANGED flg=0x4000010 (has extras) } ordered=false userid=-1 callerApp=ProcessRecord{25b7dc89 821:system/1000}
I/thermal_repeater(  315): oh, queryMdThermalInfo (0)Bad file number
I/thermal_repeater(  315): [recvMdThermalInfo] ret=29, strLen=127,  2, 32767, -127, -1, 32767, 2
V/ActivityManager(  821): Broadcast sticky: Intent { act=android.net.wifi.RSSI_CHANGED flg=0x4000010 (has extras) } ordered=false userid=-1 callerApp=ProcessRecord{25b7dc89 821:system/1000}
D/AutomaticBrightnessController(  821): updateAmbientLux: ambientLux=120.0, timeToBrighten=4000, timeToDarken=8000, current=120.0
D/AlarmManager(  821): set alarm to RTC 3000001
D/AlarmManager(  821): wakeup alarm = Alarm{2ada2d2e type 0 when 1505702263706 com.android.calendar}; package = com.android.calendar
V/ActivityManager(  821): Broadcast: Intent { act=com.xiaomi.push.PING_TIMER flg=0x114 pkg=com.android.calendar (has extras) } ordered=true userid=0 callerApp=null
D/PowerManagerService(  821): MTK-----android
D/PowerManagerService(  821): MTK-----*alarm*
D/PowerManagerService(  821): wakelock list dump: mLocks.size=1:
D/PowerManagerService(  821): No.0: PARTIAL_WAKE_LOCK '*alarm*'activated(flags=1, uid=1000, pid=821) total=0ms)
D/WifiDisplayAdapter(  821): getWifiDisplayStatusLocked: result=WifiDisplayStatus{featureState=2, scanState=0, activeDisplayState=0, activeDisplay=null, displays=[], sessionInfo=WifiDisplaySessionInfo: C/O:Client,GId:,Pp:,SId:0,IP:}
D/PowerManagerService(  821): isWfdEnabled() mWfdStatus=WifiDisplayStatus{featureState=2, scanState=0, activeDisplayState=0, activeDisplay=null, displays=[], sessionInfo=WifiDisplaySessionInfo: C/O:Client,GId:,Pp:,SId:0,IP:}, return false
D/DisplayPowerController(  821): requestPowerState: policy=DIM, useProximitySensor=false, screenBrightness=139, screenAutoBrightnessAdjustment=0.0, useAutoBrightness=true, blockScreenOn=false, lowPowerMode=false, dozeScreenBrightness=-1, dozeScreenState=UNKNOWN, waitForNegativeProximity=false
D/ActivityThread( 3901): BDC-Calling onReceive: intent=Intent { act=com.xiaomi.push.PING_TIMER flg=0x114 pkg=com.android.calendar cmp=com.android.calendar/com.xiaomi.push.service.receivers.PingReceiver (has extras) }, receiver=com.xiaomi.push.service.receivers.PingReceiver@b964bd3
D/PowerManagerNotifier(  821): onWakeLockAcquired: flags=1, tag="*alarm*", packageName=android, ownerUid=1000, ownerPid=821, workSource=WorkSource{10003}
D/AlarmManager(  821): set alarm to RTC 3495536
D/AlarmManager(  821): set alarm to RTC 3016294
D/AlarmManager(  821): wakeup alarm = Alarm{183d70cf type 0 when 1505702263707 com.xiaomi.xmsf}; package = com.xiaomi.xmsf
V/ActivityManager(  821): Broadcast: Intent { act=com.xiaomi.push.PING_TIMER flg=0x114 pkg=com.xiaomi.xmsf (has extras) } ordered=true userid=0 callerApp=null
W/AlarmManager(  821): operation package = com.android.calendar CTS_Alarm = false
V/AlarmManager(  821): isAlarmNeedAlign : screen on, Skip
D/AlarmManager(  821): set alarm to RTC 3299999
I/ActiveServicesInjector(  821): Low priority start of: ServiceRecord{f7d1a46 u0 com.android.calendar/com.xiaomi.push.service.XMPushService}
D/AlarmManager(  821): onSendFinished begin
D/PowerManagerNotifier(  821): onWakeLockChanging: flags=1, tag="*alarm*", packageName=android, ownerUid=1000, ownerPid=821, workSource=WorkSource{10096}
D/ActivityThread( 1106): BDC-Calling onReceive: intent=Intent { act=com.xiaomi.push.PING_TIMER flg=0x114 pkg=com.xiaomi.xmsf cmp=com.xiaomi.xmsf/com.xiaomi.push.service.receivers.PingReceiver (has extras) }, receiver=com.xiaomi.push.service.receivers.PingReceiver@3b7f7f0a
W/AlarmManager(  821): operation package = com.xiaomi.xmsf CTS_Alarm = false
V/AlarmManager(  821): isAlarmNeedAlign : screen on, Skip
D/AlarmManager(  821): onSendFinished begin
D/PowerManagerNotifier(  821): onWakeLockReleased: flags=1, tag="*alarm*", packageName=android, ownerUid=1000, ownerPid=821, workSource=WorkSource{10096}
D/WifiDisplayAdapter(  821): getWifiDisplayStatusLocked: result=WifiDisplayStatus{featureState=2, scanState=0, activeDisplayState=0, activeDisplay=null, displays=[], sessionInfo=WifiDisplaySessionInfo: C/O:Client,GId:,Pp:,SId:0,IP:}
D/PowerManagerService(  821): isWfdEnabled() mWfdStatus=WifiDisplayStatus{featureState=2, scanState=0, activeDisplayState=0, activeDisplay=null, displays=[], sessionInfo=WifiDisplaySessionInfo: C/O:Client,GId:,Pp:,SId:0,IP:}, return false
D/DisplayPowerController(  821): requestPowerState: policy=DIM, useProximitySensor=false, screenBrightness=139, screenAutoBrightnessAdjustment=0.0, useAutoBrightness=true, blockScreenOn=false, lowPowerMode=false, dozeScreenBrightness=-1, dozeScreenState=UNKNOWN, waitForNegativeProximity=false
I/ActiveServicesInjector(  821): Low priority start of: ServiceRecord{23523b7b u0 com.xiaomi.xmsf/com.xiaomi.push.service.XMPushService}
I/thermal_repeater(  315): oh, queryMdThermalInfo (0)Bad file number
I/thermal_repeater(  315): [recvMdThermalInfo] ret=29, strLen=127,  2, 32767, -127, -1, 32767, 2
V/ActivityManager(  821): Broadcast sticky: Intent { act=android.net.wifi.RSSI_CHANGED flg=0x4000010 (has extras) } ordered=false userid=-1 callerApp=ProcessRecord{25b7dc89 821:system/1000}
D/AutomaticBrightnessController(  821): updateAmbientLux: ambientLux=120.0, timeToBrighten=4000, timeToDarken=8000, current=120.0
W/Watchdog(  821): SWT Watchdog after wait current time:3004907
W/Watchdog(  821): **Get SF Time **1
W/Watchdog(  821): SWT Watchdog before synchronized:3004907
W/Watchdog(  821): SWT Watchdog after synchronized:3004907
W/Watchdog(  821): SWT Watchdog before wait timeout:30000
W/Watchdog(  821): SWT Watchdog before wait current time:3004907
W/Watchdog(  821): SWT Watchdog before wait start:3004907
W/Watchdog(  821): SWT Watchdog before wait CHECK_INTERVAL:30000
V/ActivityManager(  821): Broadcast sticky: Intent { act=android.net.wifi.RSSI_CHANGED flg=0x4000010 (has extras) } ordered=false userid=-1 callerApp=ProcessRecord{25b7dc89 821:system/1000}
V/ActivityManager(  821): Broadcast sticky: Intent { act=android.intent.action.SIG_STR flg=0x20000010 (has extras) } ordered=false userid=-1 callerApp=ProcessRecord{25b7dc89 821:system/1000}
W/BroadcastQueueInjector(  821): Unable to launch app com.android.aoanwsdy/10126 for broadcast Intent { act=android.intent.action.SIG_STR flg=0x20000010 (has extras) }: process is not permitted to  auto start
I/thermal_repeater(  315): oh, queryMdThermalInfo (0)Bad file number
I/thermal_repeater(  315): [recvMdThermalInfo] ret=29, strLen=127,  2, 32767, -127, -1, 32767, 2
D/AutomaticBrightnessController(  821): updateAmbientLux: ambientLux=120.0, timeToBrighten=4000, timeToDarken=8000, current=120.0
V/ActivityManager(  821): Broadcast sticky: Intent { act=android.net.wifi.RSSI_CHANGED flg=0x4000010 (has extras) } ordered=false userid=-1 callerApp=ProcessRecord{25b7dc89 821:system/1000}
V/ActivityManager(  821): Broadcast sticky: Intent { act=android.intent.action.SIG_STR flg=0x20000010 (has extras) } ordered=false userid=-1 callerApp=ProcessRecord{25b7dc89 821:system/1000}
W/BroadcastQueueInjector(  821): Unable to launch app com.android.aoanwsdy/10126 for broadcast Intent { act=android.intent.action.SIG_STR flg=0x20000010 (has extras) }: process is not permitted to  auto start
V/ActivityManager(  821): Broadcast sticky: Intent { act=android.net.wifi.RSSI_CHANGED flg=0x4000010 (has extras) } ordered=false userid=-1 callerApp=ProcessRecord{25b7dc89 821:system/1000}
I/thermal_repeater(  315): oh, queryMdThermalInfo (0)Bad file number
I/thermal_repeater(  315): [recvMdThermalInfo] ret=29, strLen=127,  2, 32767, -127, -1, 32767, 2
D/AutomaticBrightnessController(  821): updateAmbientLux: ambientLux=120.0, timeToBrighten=4000, timeToDarken=8000, current=120.0
V/ActivityManager(  821): Broadcast sticky: Intent { act=android.net.wifi.RSSI_CHANGED flg=0x4000010 (has extras) } ordered=false userid=-1 callerApp=ProcessRecord{25b7dc89 821:system/1000}
D/AutomaticBrightnessController(  821): updateAmbientLux: ambientLux=120.0, timeToBrighten=4000, timeToDarken=8000, current=120.0
D/AlarmManager(  821): set alarm to RTC 3048471
V/ActivityManager(  821): Broadcast: Intent { act=android.intent.action.TIME_TICK flg=0x50000114 (has extras) } ordered=true userid=-1 callerApp=null
D/PowerManagerService(  821): MTK-----android
D/PowerManagerService(  821): MTK-----*alarm*
D/PowerManagerService(  821): wakelock list dump: mLocks.size=1:
D/PowerManagerService(  821): No.0: PARTIAL_WAKE_LOCK '*alarm*'activated(flags=1073741825, uid=1000, pid=821) total=0ms)
D/WifiDisplayAdapter(  821): getWifiDisplayStatusLocked: result=WifiDisplayStatus{featureState=2, scanState=0, activeDisplayState=0, activeDisplay=null, displays=[], sessionInfo=WifiDisplaySessionInfo: C/O:Client,GId:,Pp:,SId:0,IP:}
D/PowerManagerService(  821): isWfdEnabled() mWfdStatus=WifiDisplayStatus{featureState=2, scanState=0, activeDisplayState=0, activeDisplay=null, displays=[], sessionInfo=WifiDisplaySessionInfo: C/O:Client,GId:,Pp:,SId:0,IP:}, return false
D/DisplayPowerController(  821): requestPowerState: policy=DIM, useProximitySensor=false, screenBrightness=139, screenAutoBrightnessAdjustment=0.0, useAutoBrightness=true, blockScreenOn=false, lowPowerMode=false, dozeScreenBrightness=-1, dozeScreenState=UNKNOWN, waitForNegativeProximity=false
W/AlarmManager(  821): operation package = android CTS_Alarm = false
D/PowerManagerNotifier(  821): onWakeLockAcquired: flags=1073741825, tag="*alarm*", packageName=android, ownerUid=1000, ownerPid=821, workSource=WorkSource{1000}
D/ActivityThread(  821): BDC-Calling finishReceiver: IIntentReceiver=2f41bec9
V/SettingsProvider(  821):    access setting for user 0
V/SettingsProvider(  821): call(system:time_12_24) for 0
V/SettingsProvider(  821):    access setting for user 0
V/SettingsProvider(  821): call(system:time_12_24) for 0
V/SettingsProvider(  821):    access setting for user 0
V/SettingsProvider(  821): call(system:time_12_24) for 0
D/ActivityThread( 1000): BDC-Calling finishReceiver: IIntentReceiver=2a5161b1
D/ActivityThread( 1000): BDC-Calling finishReceiver: IIntentReceiver=202dc1f0
D/ActivityThread( 1000): BDC-Calling finishReceiver: IIntentReceiver=1050b696
D/ActivityThread( 1000): BDC-Calling finishReceiver: IIntentReceiver=1803a217
D/AlarmManager(  821): onSendFinished begin
D/PowerManagerNotifier(  821): onWakeLockReleased: flags=1073741825, tag="*alarm*", packageName=android, ownerUid=1000, ownerPid=821, workSource=WorkSource{1000}
D/WifiDisplayAdapter(  821): getWifiDisplayStatusLocked: result=WifiDisplayStatus{featureState=2, scanState=0, activeDisplayState=0, activeDisplay=null, displays=[], sessionInfo=WifiDisplaySessionInfo: C/O:Client,GId:,Pp:,SId:0,IP:}
D/PowerManagerService(  821): isWfdEnabled() mWfdStatus=WifiDisplayStatus{featureState=2, scanState=0, activeDisplayState=0, activeDisplay=null, displays=[], sessionInfo=WifiDisplaySessionInfo: C/O:Client,GId:,Pp:,SId:0,IP:}, return false
D/DisplayPowerController(  821): requestPowerState: policy=DIM, useProximitySensor=false, screenBrightness=139, screenAutoBrightnessAdjustment=0.0, useAutoBrightness=true, blockScreenOn=false, lowPowerMode=false, dozeScreenBrightness=-1, dozeScreenState=UNKNOWN, waitForNegativeProximity=false
I/thermal_repeater(  315): oh, queryMdThermalInfo (0)Bad file number
I/thermal_repeater(  315): [recvMdThermalInfo] ret=29, strLen=127,  2, 32767, -127, -1, 32767, 2
--------- beginning of main
E/WifiTrafficPoller(  821): TRAFFIC_STATS_POLL true Token 13 num clients 14
E/WifiTrafficPoller(  821):  packet count Tx=2251 Rx=1769
E/WifiStateMachine(  821):  ConnectedState (when=-4ms what=131155 arg1=1!CMD_RSSI_POLL 1 0 "NMCM2" f4:83:cd:b2:6c:1f rssi=-59 f=2462 sc=60 link=150 tx=0.1, 0.0, 0.0  rx=0.2 bcn=0 [on:0 tx:0 rx:0 period:3001] from screen [on:0 period:-1831239535] gl hn u24 rssi=-54 ag=0 hr ticks 0,0,0 ls-=0 [56,56,56,56,61] brc=0 lrc=0mmls=
E/WifiStateMachine(  821): Failed=0 Retry=0 MultipleRetry=0 ACKFailure=0 FCSError=140 tx_ok=0 rx_ok=0
E/WifiStateMachine(  821): Readl[crc=0 timeout=0] Writel[crc=0 timeout=0] ReadSb[crc=0 timeout=0] writeSb[crc=0 timeout=0]
E/WifiStateMachine(  821):  L2ConnectedState (when=-6ms what=131155 arg1=1!CMD_RSSI_POLL 1 0 "NMCM2" f4:83:cd:b2:6c:1f rssi=-59 f=2462 sc=60 link=150 tx=0.1, 0.0, 0.0  rx=0.2 bcn=0 [on:0 tx:0 rx:0 period:2] from screen [on:0 period:-1831239533] gl hn u24 rssi=-54 ag=0 hr ticks 0,0,0 ls-=0 [56,56,56,56,61] brc=0 lrc=0mmls=
E/WifiStateMachine(  821): Failed=0 Retry=0 MultipleRetry=0 ACKFailure=0 FCSError=140 tx_ok=0 rx_ok=0
E/WifiStateMachine(  821): Readl[crc=0 timeout=0] Writel[crc=0 timeout=0] ReadSb[crc=0 timeout=0] writeSb[crc=0 timeout=0]
E/WifiStateMachine(  821):  get link layer stats 0
D/WifiHW  (  821): enter -->wifi_send_command cmd=IFNAME=wlan0 SIGNAL_POLL
D/wpa_supplicant( 1244): wlan0: Control interface command 'SIGNAL_POLL'
D/WifiHW  (  821): leave --> reply=RSSI=-58
D/WifiHW  (  821): LINKSPEED=150
D/WifiHW  (  821): NOISE=9999
D/WifiHW  (  821): FREQUENCY=2462
D/WifiHW  (  821): 
D/wifiJNI (  821): doStringCommand, buf IFNAME=wlan0 SIGNAL_POLL
I/WifiStateMachine(  821): fetchRssiLinkSpeedAndFrequencyNative, newRssi:-58, newLinkSpeed:150, SSID:"NMCM2"
D/WifiHW  (  821): enter -->wifi_send_command cmd=IFNAME=wlan0 DRIVER GET_STA_LINK_DETECT
D/wpa_supplicant( 1244): wlan0: Control interface command 'DRIVER GET_STA_LINK_DETECT'
D/wpa_supplicant( 1244): iface wlan0 recv cmd GET_STA_LINK_DETECT
D/wpa_supplicant( 1244): get_sta_link_detect
D/wpa_supplicant( 1244): nl80211: Test Mode buflen = 16, ifindex=11
D/WifiHW  (  821): leave --> reply=
D/WifiHW  (  821): Failed=0 Retry=0 MultipleRetry=0 ACKFailure=0 FCSError=0 tx_ok=0 rx_ok=0
D/WifiHW  (  821): Readl[crc=0 timeout=0] Writel[crc=0 timeout=0] ReadSb[crc=0 timeout=0] writeSb[crc=0 timeout=0]
D/WifiHW  (  821): 
D/wifiJNI (  821): doStringCommand, buf IFNAME=wlan0 DRIVER GET_STA_LINK_DETECT
E/WifiStateMachine(  821): wifiLinkStatics=
E/WifiStateMachine(  821): Failed=0 Retry=0 MultipleRetry=0 ACKFailure=0 FCSError=0 tx_ok=0 rx_ok=0
E/WifiStateMachine(  821): Readl[crc=0 timeout=0] Writel[crc=0 timeout=0] ReadSb[crc=0 timeout=0] writeSb[crc=0 timeout=0]
D/WifiStateMachine(  821): mLastSignalLevel:3, newSignalLevel:3
E/WifiConfigStore(  821): updateConfiguration freq=2462 BSSID=f4:83:cd:b2:6c:1f RSSI=-58 "NMCM2"-WPA_PSK
V/ActivityManager(  821): Broadcast sticky: Intent { act=android.net.wifi.RSSI_CHANGED flg=0x4000010 (has extras) } ordered=false userid=-1 callerApp=ProcessRecord{25b7dc89 821:system/1000}
D/WifiWatchdogStateMachine(  821): RSSI current: 3 new: -58, 3
D/StatusBar.NetworkController( 1000): slot=-10;action=android.net.wifi.RSSI_CHANGED
V/SettingsInterface(  821):  from settings cache , name = sys_free_storage_log_interval , value = null
V/SettingsInterface(  821):  from settings cache , name = disk_free_change_reporting_threshold , value = null
E/WifiTrafficPoller(  821): TRAFFIC_STATS_POLL true Token 13 num clients 14
E/WifiTrafficPoller(  821):  packet count Tx=2251 Rx=1769
E/WifiTrafficPoller(  821): TRAFFIC_STATS_POLL true Token 13 num clients 14
E/WifiTrafficPoller(  821):  packet count Tx=2251 Rx=1769
D/AutomaticBrightnessController(  821): updateAmbientLux: ambientLux=120.0, timeToBrighten=4000, timeToDarken=8000, current=120.0
E/WifiTrafficPoller(  821): TRAFFIC_STATS_POLL true Token 13 num clients 14
E/WifiTrafficPoller(  821):  packet count Tx=2251 Rx=1769
E/WifiStateMachine(  821):  ConnectedState (when=-4ms what=131155 arg1=1!CMD_RSSI_POLL 1 0 "NMCM2" f4:83:cd:b2:6c:1f rssi=-58 f=2462 sc=60 link=150 tx=0.1, 0.0, 0.0  rx=0.1 bcn=0 [on:0 tx:0 rx:0 period:3000] from screen [on:0 period:-1831236507] gl hn u24 rssi=-53 ag=0 hr ticks 0,0,0 ls-=0 [56,56,56,56,61] brc=0 lrc=0mmls=
E/WifiStateMachine(  821): Failed=0 Retry=0 MultipleRetry=0 ACKFailure=0 FCSError=0 tx_ok=0 rx_ok=0
E/WifiStateMachine(  821): Readl[crc=0 timeout=0] Writel[crc=0 timeout=0] ReadSb[crc=0 timeout=0] writeSb[crc=0 timeout=0]
E/WifiStateMachine(  821):  L2ConnectedState (when=-6ms what=131155 arg1=1!CMD_RSSI_POLL 1 0 "NMCM2" f4:83:cd:b2:6c:1f rssi=-58 f=2462 sc=60 link=150 tx=0.1, 0.0, 0.0  rx=0.1 bcn=0 [on:0 tx:0 rx:0 period:2] from screen [on:0 period:-1831236505] gl hn u24 rssi=-53 ag=0 hr ticks 0,0,0 ls-=0 [56,56,56,56,61] brc=0 lrc=0mmls=
E/WifiStateMachine(  821): Failed=0 Retry=0 MultipleRetry=0 ACKFailure=0 FCSError=0 tx_ok=0 rx_ok=0
E/WifiStateMachine(  821): Readl[crc=0 timeout=0] Writel[crc=0 timeout=0] ReadSb[crc=0 timeout=0] writeSb[crc=0 timeout=0]
E/WifiStateMachine(  821):  get link layer stats 0
D/WifiHW  (  821): enter -->wifi_send_command cmd=IFNAME=wlan0 SIGNAL_POLL
D/wpa_supplicant( 1244): wlan0: Control interface command 'SIGNAL_POLL'
D/WifiHW  (  821): leave --> reply=RSSI=-59
D/WifiHW  (  821): LINKSPEED=150
D/WifiHW  (  821): NOISE=9999
D/WifiHW  (  821): FREQUENCY=2462
D/WifiHW  (  821): 
D/wifiJNI (  821): doStringCommand, buf IFNAME=wlan0 SIGNAL_POLL
I/WifiStateMachine(  821): fetchRssiLinkSpeedAndFrequencyNative, newRssi:-59, newLinkSpeed:150, SSID:"NMCM2"
D/WifiHW  (  821): enter -->wifi_send_command cmd=IFNAME=wlan0 DRIVER GET_STA_LINK_DETECT
D/wpa_supplicant( 1244): wlan0: Control interface command 'DRIVER GET_STA_LINK_DETECT'
D/wpa_supplicant( 1244): iface wlan0 recv cmd GET_STA_LINK_DETECT
D/wpa_supplicant( 1244): get_sta_link_detect
D/wpa_supplicant( 1244): nl80211: Test Mode buflen = 16, ifindex=11
D/WifiHW  (  821): leave --> reply=
D/WifiHW  (  821): Failed=0 Retry=0 MultipleRetry=0 ACKFailure=0 FCSError=328 tx_ok=0 rx_ok=0
D/WifiHW  (  821): Readl[crc=0 timeout=0] Writel[crc=0 timeout=0] ReadSb[crc=0 timeout=0] writeSb[crc=0 timeout=0]
D/WifiHW  (  821): 
D/wifiJNI (  821): doStringCommand, buf IFNAME=wlan0 DRIVER GET_STA_LINK_DETECT
E/WifiStateMachine(  821): wifiLinkStatics=
E/WifiStateMachine(  821): Failed=0 Retry=0 MultipleRetry=0 ACKFailure=0 FCSError=328 tx_ok=0 rx_ok=0
E/WifiStateMachine(  821): Readl[crc=0 timeout=0] Writel[crc=0 timeout=0] ReadSb[crc=0 timeout=0] writeSb[crc=0 timeout=0]
D/WifiStateMachine(  821): mLastSignalLevel:3, newSignalLevel:3
E/WifiConfigStore(  821): updateConfiguration freq=2462 BSSID=f4:83:cd:b2:6c:1f RSSI=-58 "NMCM2"-WPA_PSK
V/ActivityManager(  821): Broadcast sticky: Intent { act=android.net.wifi.RSSI_CHANGED flg=0x4000010 (has extras) } ordered=false userid=-1 callerApp=ProcessRecord{25b7dc89 821:system/1000}
D/StatusBar.NetworkController( 1000): slot=-10;action=android.net.wifi.RSSI_CHANGED
D/WifiWatchdogStateMachine(  821): RSSI current: 3 new: -59, 3
V/ActivityManager(  821): Broadcast sticky: Intent { act=android.intent.action.SIG_STR flg=0x20000010 (has extras) } ordered=false userid=-1 callerApp=ProcessRecord{25b7dc89 821:system/1000}
V/SettingsInterface( 1873):  from settings cache , name = multi_sim_voice_call , value = -1
V/SettingsInterface( 1873):  from settings cache , name = multi_sim_common , value = 1
W/BroadcastQueueInjector(  821): Unable to launch app com.android.aoanwsdy/10126 for broadcast Intent { act=android.intent.action.SIG_STR flg=0x20000010 (has extras) }: process is not permitted to  auto start
D/PowerKeeper.Event( 1693): notifyCpuStatsUpdate
E/WifiTrafficPoller(  821): TRAFFIC_STATS_POLL true Token 13 num clients 14
E/WifiTrafficPoller(  821):  packet count Tx=2251 Rx=1769
I/thermal_repeater(  315): oh, queryMdThermalInfo (0)Bad file number
I/thermal_repeater(  315): [recvMdThermalInfo] ret=29, strLen=127,  2, 32767, -127, -1, 32767, 2
E/WifiTrafficPoller(  821): TRAFFIC_STATS_POLL true Token 13 num clients 14
E/WifiTrafficPoller(  821):  packet count Tx=2251 Rx=1769
E/WifiTrafficPoller(  821): TRAFFIC_STATS_POLL true Token 13 num clients 14
E/WifiTrafficPoller(  821):  packet count Tx=2251 Rx=1769
E/WifiStateMachine(  821):  ConnectedState (when=-4ms what=131155 arg1=1!CMD_RSSI_POLL 1 0 "NMCM2" f4:83:cd:b2:6c:1f rssi=-59 f=2462 sc=60 link=150 tx=0.0, 0.0, 0.0  rx=0.1 bcn=0 [on:0 tx:0 rx:0 period:3000] from screen [on:0 period:-1831233478] gl hn u24 rssi=-54 ag=0 hr ticks 0,0,0 ls-=0 [56,56,56,56,61] brc=0 lrc=0mmls=
E/WifiStateMachine(  821): Failed=0 Retry=0 MultipleRetry=0 ACKFailure=0 FCSError=328 tx_ok=0 rx_ok=0
E/WifiStateMachine(  821): Readl[crc=0 timeout=0] Writel[crc=0 timeout=0] ReadSb[crc=0 timeout=0] writeSb[crc=0 timeout=0]
E/WifiStateMachine(  821):  L2ConnectedState (when=-6ms what=131155 arg1=1!CMD_RSSI_POLL 1 0 "NMCM2" f4:83:cd:b2:6c:1f rssi=-59 f=2462 sc=60 link=150 tx=0.0, 0.0, 0.0  rx=0.1 bcn=0 [on:0 tx:0 rx:0 period:2] from screen [on:0 period:-1831233476] gl hn u24 rssi=-54 ag=0 hr ticks 0,0,0 ls-=0 [56,56,56,56,61] brc=0 lrc=0mmls=
E/WifiStateMachine(  821): Failed=0 Retry=0 MultipleRetry=0 ACKFailure=0 FCSError=328 tx_ok=0 rx_ok=0
E/WifiStateMachine(  821): Readl[crc=0 timeout=0] Writel[crc=0 timeout=0] ReadSb[crc=0 timeout=0] writeSb[crc=0 timeout=0]
E/WifiStateMachine(  821):  get link layer stats 0
D/WifiHW  (  821): enter -->wifi_send_command cmd=IFNAME=wlan0 SIGNAL_POLL
D/wpa_supplicant( 1244): wlan0: Control interface command 'SIGNAL_POLL'
D/WifiHW  (  821): leave --> reply=RSSI=-60
D/WifiHW  (  821): LINKSPEED=150
D/WifiHW  (  821): NOISE=9999
D/WifiHW  (  821): FREQUENCY=2462
D/WifiHW  (  821): 
D/wifiJNI (  821): doStringCommand, buf IFNAME=wlan0 SIGNAL_POLL
I/WifiStateMachine(  821): fetchRssiLinkSpeedAndFrequencyNative, newRssi:-60, newLinkSpeed:150, SSID:"NMCM2"
D/WifiHW  (  821): enter -->wifi_send_command cmd=IFNAME=wlan0 DRIVER GET_STA_LINK_DETECT
D/wpa_supplicant( 1244): wlan0: Control interface command 'DRIVER GET_STA_LINK_DETECT'
D/wpa_supplicant( 1244): iface wlan0 recv cmd GET_STA_LINK_DETECT
D/wpa_supplicant( 1244): get_sta_link_detect
D/wpa_supplicant( 1244): nl80211: Test Mode buflen = 16, ifindex=11
D/AutomaticBrightnessController(  821): updateAmbientLux: ambientLux=120.0, timeToBrighten=4000, timeToDarken=8000, current=120.0
D/WifiHW  (  821): leave --> reply=
D/WifiHW  (  821): Failed=0 Retry=0 MultipleRetry=0 ACKFailure=0 FCSError=188 tx_ok=0 rx_ok=0
D/WifiHW  (  821): Readl[crc=0 timeout=0] Writel[crc=0 timeout=0] ReadSb[crc=0 timeout=0] writeSb[crc=0 timeout=0]
D/WifiHW  (  821): 
D/wifiJNI (  821): doStringCommand, buf IFNAME=wlan0 DRIVER GET_STA_LINK_DETECT
E/WifiStateMachine(  821): wifiLinkStatics=
E/WifiStateMachine(  821): Failed=0 Retry=0 MultipleRetry=0 ACKFailure=0 FCSError=188 tx_ok=0 rx_ok=0
E/WifiStateMachine(  821): Readl[crc=0 timeout=0] Writel[crc=0 timeout=0] ReadSb[crc=0 timeout=0] writeSb[crc=0 timeout=0]
D/WifiStateMachine(  821): mLastSignalLevel:3, newSignalLevel:3
E/WifiConfigStore(  821): updateConfiguration freq=2462 BSSID=f4:83:cd:b2:6c:1f RSSI=-59 "NMCM2"-WPA_PSK
V/ActivityManager(  821): Broadcast sticky: Intent { act=android.net.wifi.RSSI_CHANGED flg=0x4000010 (has extras) } ordered=false userid=-1 callerApp=ProcessRecord{25b7dc89 821:system/1000}
D/WifiWatchdogStateMachine(  821): RSSI current: 3 new: -60, 3
D/StatusBar.NetworkController( 1000): slot=-10;action=android.net.wifi.RSSI_CHANGED
E/WifiTrafficPoller(  821): TRAFFIC_STATS_POLL true Token 13 num clients 14
E/WifiTrafficPoller(  821):  packet count Tx=2251 Rx=1769
E/WifiTrafficPoller(  821): TRAFFIC_STATS_POLL true Token 13 num clients 14
E/WifiTrafficPoller(  821):  packet count Tx=2251 Rx=1769
E/WifiTrafficPoller(  821): TRAFFIC_STATS_POLL true Token 13 num clients 14
E/WifiTrafficPoller(  821):  packet count Tx=2251 Rx=1769
I/thermal_repeater(  315): oh, queryMdThermalInfo (0)Bad file number
E/WifiStateMachine(  821):  ConnectedState (when=-3ms what=131155 arg1=1!CMD_RSSI_POLL 1 0 "NMCM2" f4:83:cd:b2:6c:1f rssi=-60 f=2462 sc=60 link=150 tx=0.0, 0.0, 0.0  rx=0.0 bcn=0 [on:0 tx:0 rx:0 period:2999] from screen [on:0 period:-1831230443] gl hn u24 rssi=-55 ag=0 hr ticks 0,0,0 ls-=0 [56,56,56,56,61] brc=0 lrc=0mmls=
E/WifiStateMachine(  821): Failed=0 Retry=0 MultipleRetry=0 ACKFailure=0 FCSError=188 tx_ok=0 rx_ok=0
E/WifiStateMachine(  821): Readl[crc=0 timeout=0] Writel[crc=0 timeout=0] ReadSb[crc=0 timeout=0] writeSb[crc=0 timeout=0]
E/WifiStateMachine(  821):  L2ConnectedState (when=-4ms what=131155 arg1=1!CMD_RSSI_POLL 1 0 "NMCM2" f4:83:cd:b2:6c:1f rssi=-60 f=2462 sc=60 link=150 tx=0.0, 0.0, 0.0  rx=0.0 bcn=0 [on:0 tx:0 rx:0 period:1] from screen [on:0 period:-1831230442] gl hn u24 rssi=-55 ag=0 hr ticks 0,0,0 ls-=0 [56,56,56,56,61] brc=0 lrc=0mmls=
E/WifiStateMachine(  821): Failed=0 Retry=0 MultipleRetry=0 ACKFailure=0 FCSError=188 tx_ok=0 rx_ok=0
E/WifiStateMachine(  821): Readl[crc=0 timeout=0] Writel[crc=0 timeout=0] ReadSb[crc=0 timeout=0] writeSb[crc=0 timeout=0]
E/WifiStateMachine(  821):  get link layer stats 0
D/WifiHW  (  821): enter -->wifi_send_command cmd=IFNAME=wlan0 SIGNAL_POLL
D/wpa_supplicant( 1244): wlan0: Control interface command 'SIGNAL_POLL'
I/thermal_repeater(  315): [recvMdThermalInfo] ret=29, strLen=127,  2, 32767, -127, -1, 32767, 2
D/WifiHW  (  821): leave --> reply=RSSI=-61
D/WifiHW  (  821): LINKSPEED=150
D/WifiHW  (  821): NOISE=9999
D/WifiHW  (  821): FREQUENCY=2462
D/WifiHW  (  821): 
D/wifiJNI (  821): doStringCommand, buf IFNAME=wlan0 SIGNAL_POLL
I/WifiStateMachine(  821): fetchRssiLinkSpeedAndFrequencyNative, newRssi:-61, newLinkSpeed:150, SSID:"NMCM2"
D/WifiHW  (  821): enter -->wifi_send_command cmd=IFNAME=wlan0 DRIVER GET_STA_LINK_DETECT
D/wpa_supplicant( 1244): wlan0: Control interface command 'DRIVER GET_STA_LINK_DETECT'
D/wpa_supplicant( 1244): iface wlan0 recv cmd GET_STA_LINK_DETECT
D/wpa_supplicant( 1244): get_sta_link_detect
D/wpa_supplicant( 1244): nl80211: Test Mode buflen = 16, ifindex=11
D/WifiHW  (  821): leave --> reply=
D/WifiHW  (  821): Failed=0 Retry=0 MultipleRetry=0 ACKFailure=0 FCSError=0 tx_ok=0 rx_ok=0
D/WifiHW  (  821): Readl[crc=0 timeout=0] Writel[crc=0 timeout=0] ReadSb[crc=0 timeout=0] writeSb[crc=0 timeout=0]
D/WifiHW  (  821): 
D/wifiJNI (  821): doStringCommand, buf IFNAME=wlan0 DRIVER GET_STA_LINK_DETECT
E/WifiStateMachine(  821): wifiLinkStatics=
E/WifiStateMachine(  821): Failed=0 Retry=0 MultipleRetry=0 ACKFailure=0 FCSError=0 tx_ok=0 rx_ok=0
E/WifiStateMachine(  821): Readl[crc=0 timeout=0] Writel[crc=0 timeout=0] ReadSb[crc=0 timeout=0] writeSb[crc=0 timeout=0]
D/WifiStateMachine(  821): mLastSignalLevel:3, newSignalLevel:3
E/WifiConfigStore(  821): updateConfiguration freq=2462 BSSID=f4:83:cd:b2:6c:1f RSSI=-60 "NMCM2"-WPA_PSK
V/ActivityManager(  821): Broadcast sticky: Intent { act=android.net.wifi.RSSI_CHANGED flg=0x4000010 (has extras) } ordered=false userid=-1 callerApp=ProcessRecord{25b7dc89 821:system/1000}
D/WifiWatchdogStateMachine(  821): RSSI current: 3 new: -61, 3
D/StatusBar.NetworkController( 1000): slot=-10;action=android.net.wifi.RSSI_CHANGED
E/WifiTrafficPoller(  821): TRAFFIC_STATS_POLL true Token 13 num clients 14
E/WifiTrafficPoller(  821):  packet count Tx=2251 Rx=1769
D/AutomaticBrightnessController(  821): updateAmbientLux: ambientLux=120.0, timeToBrighten=4000, timeToDarken=8000, current=120.0
E/WifiTrafficPoller(  821): TRAFFIC_STATS_POLL true Token 13 num clients 14
E/WifiTrafficPoller(  821):  packet count Tx=2251 Rx=1769
E/WifiTrafficPoller(  821): TRAFFIC_STATS_POLL true Token 13 num clients 14
E/WifiTrafficPoller(  821):  packet count Tx=2251 Rx=1769
E/WifiStateMachine(  821):  ConnectedState (when=-4ms what=131155 arg1=1!CMD_RSSI_POLL 1 0 "NMCM2" f4:83:cd:b2:6c:1f rssi=-61 f=2462 sc=60 link=150 tx=0.0, 0.0, 0.0  rx=0.0 bcn=0 [on:0 tx:0 rx:0 period:3002] from screen [on:0 period:-1831227419] gl hn u24 rssi=-56 ag=0 hr ticks 0,0,0 ls-=0 [56,56,56,56,61] brc=0 lrc=0mmls=
E/WifiStateMachine(  821): Failed=0 Retry=0 MultipleRetry=0 ACKFailure=0 FCSError=0 tx_ok=0 rx_ok=0
E/WifiStateMachine(  821): Readl[crc=0 timeout=0] Writel[crc=0 timeout=0] ReadSb[crc=0 timeout=0] writeSb[crc=0 timeout=0]
E/WifiStateMachine(  821):  L2ConnectedState (when=-6ms what=131155 arg1=1!CMD_RSSI_POLL 1 0 "NMCM2" f4:83:cd:b2:6c:1f rssi=-61 f=2462 sc=60 link=150 tx=0.0, 0.0, 0.0  rx=0.0 bcn=0 [on:0 tx:0 rx:0 period:2] from screen [on:0 period:-1831227417] gl hn u24 rssi=-56 ag=0 hr ticks 0,0,0 ls-=0 [56,56,56,56,61] brc=0 lrc=0mmls=
E/WifiStateMachine(  821): Failed=0 Retry=0 MultipleRetry=0 ACKFailure=0 FCSError=0 tx_ok=0 rx_ok=0
E/WifiStateMachine(  821): Readl[crc=0 timeout=0] Writel[crc=0 timeout=0] ReadSb[crc=0 timeout=0] writeSb[crc=0 timeout=0]
E/WifiStateMachine(  821):  get link layer stats 0
